02-24 16:02:26.456 I/af_mgr_v3(  651): #(   13,   11) doAF Dev(1) isAFSearch changed : 4 -> 3
02-24 16:02:26.456 I/af_mgr_v3(  651): #(   13,   11) doAF Dev(1) checkSendCallback: m_bNeedSendCallback(1), AfterAutoMode(0), Searching(3), PDCL(0, 101), ISO(2800, 0), FPS(12, 0)
02-24 16:02:26.456 I/af_mgr_v3(  651): #(   13,   11) UpdateState Dev(1) EVENT_SEARCHING_START
02-24 16:02:26.456 I/af_mgr_v3(  651): [6]
02-24 16:02:26.456 I/af_mgr_v3(  651): #(   13,   11) UpdateState  Dev(1) : 6->1
02-24 16:02:26.456 I/af_mgr_v3(  651): #(   13,   11) doAF Dev(1): [Status] IsAFSearch(4->3), IsSelHWROI(0->0), ROISel(4), Event(0x140)
02-24 16:02:26.519 W/TuningMgr(  651): TuningMgr[updateEngine] WARNING: [temp log] AF enable(1_0x100e02e0_0x808001e8)
02-24 16:02:26.519 I/af_mgr_v3(  651): cmd-getAFState Dev 1 : 6->1
02-24 16:02:26.535 I/isp_mgr_af_stat(  651): HW-Rdy (10) - (10)
02-24 16:02:26.536 I/af_mgr_v3(  651): #(   14,   12) MoveLensTo Dev(1) DAC(325)
02-24 16:02:26.547 I/FlickerHal(  651): analyzeFlickerFrequency(): skip, exp is too long(79994).
02-24 16:02:26.600 W/TuningMgr(  651): TuningMgr[updateEngine] WARNING: [temp log] AF enable(1_0x100e02e0_0x808001e8)
02-24 16:02:26.615 I/isp_mgr_af_stat(  651): HW-Rdy (10) - (10)
02-24 16:02:26.616 I/af_mgr_v3(  651): #(   15,   13) MoveLensTo Dev(1) DAC(318)
02-24 16:02:26.680 W/TuningMgr(  651): TuningMgr[updateEngine] WARNING: [temp log] AF enable(1_0x100e02e0_0x808001e8)
02-24 16:02:26.696 I/af_mgr_v3(  651): #(   16,   14) MoveLensTo Dev(1) DAC(311)
02-24 16:02:26.759 W/TuningMgr(  651): TuningMgr[updateEngine] WARNING: [temp log] AF enable(1_0x100e02e0_0x808001e8)
02-24 16:02:26.776 I/af_mgr_v3(  651): #(   17,   15) MoveLensTo Dev(1) DAC(304)
02-24 16:02:26.811 I/BufferQueueProducer(  482): [SurfaceView - host.exp.exponent/host.exp.exponent.experience.ExperienceActivity#0](this:0x76da0d4000,id:363,api:4,p:624,c:482) queueBuffer: fps=12.44 dur=1044.76 max=84.56 min=78.53
02-24 16:02:26.839 W/TuningMgr(  651): TuningMgr[updateEngine] WARNING: [temp log] AF enable(1_0x100e02e0_0x808001e8)
02-24 16:02:26.856 I/af_mgr_v3(  651): #(   18,   16) MoveLensTo Dev(1) DAC(297)
02-24 16:02:26.919 W/TuningMgr(  651): TuningMgr[updateEngine] WARNING: [temp log] AF enable(1_0x100e02e0_0x808001e8)
02-24 16:02:26.936 I/af_mgr_v3(  651): #(   19,   17) MoveLensTo Dev(1) DAC(290)
02-24 16:02:26.987 I/hwcomposer(  457): [HWCDisplay] [Display_0 (type:1)] fps:12.366642,dur:1051.22,max:84.58,min:66.70  
02-24 16:02:26.999 W/TuningMgr(  651): TuningMgr[updateEngine] WARNING: [temp log] AF enable(1_0x100e02e0_0x808001e8)
02-24 16:02:27.016 I/af_mgr_v3(  651): #(   20,   18) MoveLensTo Dev(1) DAC(283)
02-24 16:02:27.080 W/TuningMgr(  651): TuningMgr[updateEngine] WARNING: [temp log] AF enable(1_0x100e02e0_0x808001e8)
02-24 16:02:27.096 I/af_mgr_v3(  651): #(   21,   19) MoveLensTo Dev(1) DAC(276)
02-24 16:02:27.161 W/TuningMgr(  651): TuningMgr[updateEngine] WARNING: [temp log] AF enable(1_0x100e02e0_0x808001e8)
02-24 16:02:27.176 I/af_mgr_v3(  651): #(   22,   20) MoveLensTo Dev(1) DAC(265)
02-24 16:02:27.240 W/TuningMgr(  651): TuningMgr[updateEngine] WARNING: [temp log] AF enable(1_0x100e02e0_0x808001e8)
02-24 16:02:27.256 I/af_mgr_v3(  651): #(   23,   21) MoveLensTo Dev(1) DAC(291)
02-24 16:02:27.320 W/TuningMgr(  651): TuningMgr[updateEngine] WARNING: [temp log] AF enable(1_0x100e02e0_0x808001e8)
02-24 16:02:27.336 I/af_mgr_v3(  651): #(   24,   22) doAF Dev(1) isAFSearch changed : 3 -> 0
02-24 16:02:27.336 I/af_mgr_v3(  651): #(   24,   22) UpdateState Dev(1) EVENT_SEARCHING_END
02-24 16:02:27.336 I/af_mgr_v3(  651): TriggerCmdValid(0)/WaitForceTrigger(0)/bNeedLock(0)/IsFocused(1)/eInCurSate(1)
02-24 16:02:27.336 I/af_mgr_v3(  651): #(   24,   22) UpdateState  Dev(1) : 1->2
02-24 16:02:27.336 I/af_mgr_v3(  651): #(   24,   22) doAF Dev(1): [Status] IsAFSearch(3->0), IsSelHWROI(0->0), ROISel(4), Event(0x180)
02-24 16:02:27.348 I/FlickerHal(  651): analyzeFlickerFrequency(): skip, exp is too long(79994).
02-24 16:02:27.400 W/TuningMgr(  651): TuningMgr[updateEngine] WARNING: [temp log] AF enable(1_0x100e02e0_0x808001e8)
02-24 16:02:27.401 I/af_mgr_v3(  651): cmd-getAFState Dev 1 : 1->2
02-24 16:02:27.481 W/TuningMgr(  651): TuningMgr[updateEngine] WARNING: [temp log] AF enable(1_0x100e02e0_0x808001e8)
02-24 16:02:27.553 I/hwservicemanager(  359): getTransport: Cannot find entry vendor.mediatek.hardware.mtkradioex@1.0::IMtkRadioEx/mtkCap1 in either framework or device manifest.
02-24 16:02:27.555 I/hwservicemanager(  359): getTransport: Cannot find entry vendor.mediatek.hardware.mtkradioex@1.0::IMtkRadioEx/mtkAssist1 in either framework or device manifest.
02-24 16:02:27.561 W/TuningMgr(  651): TuningMgr[updateEngine] WARNING: [temp log] AF enable(1_0x100e02e0_0x808001e8)
02-24 16:02:27.720 I/chatty  (  651): uid=1047(cameraserver) /vendor/bin/hw/camerahalserver identical 2 lines
02-24 16:02:27.803 W/TuningMgr(  651): TuningMgr[updateEngine] WARNING: [temp log] AF enable(1_0x100e02e0_0x808001e8)
02-24 16:02:27.835 I/PowerManagerService(  821): Going to sleep due to power_button (uid 1000)...
02-24 16:02:27.836 W/UsageStatsService(  821): Event reported without a package name, eventType:16
02-24 16:02:27.838 I/PowerManagerService(  821): Sleeping (uid 1000)...
02-24 16:02:27.840 I/BufferQueue(  482): [unnamed-482-364](this:0x76da0cd000,id:364,api:0,p:-1,c:-1) BufferQueue core=(482:/system/bin/surfaceflinger)
02-24 16:02:27.841 I/BufferQueueConsumer(  482): [unnamed-482-364](this:0x76da0cd000,id:364,api:0,p:-1,c:482) connect(C): consumer=(482:/system/bin/surfaceflinger) controlledByApp=false
02-24 16:02:27.841 I/BufferQueueConsumer(  482): [unnamed-482-364](this:0x76da0cd000,id:364,api:0,p:-1,c:482) setConsumerName: unnamed-482-364
02-24 16:02:27.841 I/BufferQueueConsumer(  482): [ColorFade#0](this:0x76da0cd000,id:364,api:0,p:-1,c:482) setConsumerName: ColorFade#0
02-24 16:02:27.841 I/BufferQueueConsumer(  482): [ColorFade#0](this:0x76da0cd000,id:364,api:0,p:-1,c:482) setDefaultBufferSize: width=1200 height=1920
02-24 16:02:27.844 E/GraphicExt(  821): GraphicExtModuleLoader::CreateGraphicExtInstance false
02-24 16:02:27.846 I/GoogleInputMethodService( 1400): GoogleInputMethodService.onFinishInput():2589 
02-24 16:02:27.847 I/BufferQueueProducer(  482): [ColorFade#0](this:0x76da0cd000,id:364,api:1,p:821,c:482) connect(P): api=1 producer=(821:system_server) producerControlledByApp=false
02-24 16:02:27.848 I/Module  ( 1400): DeviceLockedStatusModuleProvider$Module.updateDeviceLockedStatus():100 repeatCheckTimes = 0, locked = false
02-24 16:02:27.850 I/GoogleInputMethodService( 1400): GoogleInputMethodService.onStartInput():1568 onStartInput(EditorInfo{EditorInfo{packageName=host.exp.exponent, inputType=0, inputTypeString=NULL, enableLearning=false, autoCorrection=false, autoComplete=false, imeOptions=0, privateImeOptions=null, actionName=UNSPECIFIED, actionLabel=null, initialSelStart=-1, initialSelEnd=-1, initialCapsMode=0, label=null, fieldId=-1, fieldName=null, extras=null, hintText=null, hintLocales=[]}}, false)
02-24 16:02:27.855 I/BufferQueueProducer(  482): [SurfaceView - host.exp.exponent/host.exp.exponent.experience.ExperienceActivity#0](this:0x76da0d4000,id:363,api:4,p:624,c:482) queueBuffer: fps=12.45 dur=1044.38 max=82.81 min=77.63
02-24 16:02:27.856 I/Module  ( 1400): DeviceLockedStatusModuleProvider$Module.updateDeviceLockedStatus():100 repeatCheckTimes = 1, locked = false
02-24 16:02:27.857 I/AndroidIME( 1400): InputBundleManager.loadActiveInputBundleId():407 loadActiveInputBundleId: und-Latn-x-password, password
02-24 16:02:27.882 W/TuningMgr(  651): TuningMgr[updateEngine] WARNING: [temp log] AF enable(1_0x100e02e0_0x808001e8)
02-24 16:02:27.895 I/BufferQueue(  821): [unnamed-821-15](this:0x793573e000,id:15,api:0,p:-1,c:-1) BufferQueue core=(821:system_server)
02-24 16:02:27.895 I/BufferQueueConsumer(  821): [unnamed-821-15](this:0x793573e000,id:15,api:0,p:-1,c:821) connect(C): consumer=(821:system_server) controlledByApp=true
02-24 16:02:27.895 I/BufferQueueConsumer(  821): [unnamed-821-15](this:0x793573e000,id:15,api:0,p:-1,c:821) setConsumerName: unnamed-821-15
02-24 16:02:27.895 I/BufferQueueConsumer(  821): [SurfaceTexture-16-821-15](this:0x793573e000,id:15,api:0,p:-1,c:821) setConsumerName: SurfaceTexture-16-821-15
02-24 16:02:27.896 E/GraphicExt(  821): GraphicExtModuleLoader::CreateGraphicExtInstance false
02-24 16:02:27.918 I/SurfaceFlinger(  482): screenshot (Background for -SurfaceView - host.exp.exponent/host.exp.exponent.experience.ExperienceActivity#0)
02-24 16:02:27.918 I/SurfaceFlinger(  482): screenshot (SurfaceView - host.exp.exponent/host.exp.exponent.experience.ExperienceActivity#0)
02-24 16:02:27.918 I/SurfaceFlinger(  482): screenshot (host.exp.exponent/host.exp.exponent.experience.ExperienceActivity#0)
02-24 16:02:27.918 I/SurfaceFlinger(  482): screenshot (host.exp.exponent/host.exp.exponent.experience.ExperienceActivity#1)
02-24 16:02:27.918 I/SurfaceFlinger(  482): screenshot (StatusBar#0)
02-24 16:02:27.918 I/SurfaceFlinger(  482): screenshot (NavigationBar0#0)
02-24 16:02:27.921 E/IMGSRV  (  482): :0: KEGLSetMTKUpdateTime: Not valid handle
02-24 16:02:27.934 I/BufferQueueProducer(  821): [SurfaceTexture-16-821-15](this:0x793573e000,id:15,api:2,p:821,c:821) connect(P): api=2 producer=(821:system_server) producerControlledByApp=true
02-24 16:02:27.934 I/BufferQueueProducer(  821): [SurfaceTexture-16-821-15](this:0x793573e000,id:15,api:2,p:821,c:821) disconnect(P): api 2
02-24 16:02:27.961 W/TuningMgr(  651): TuningMgr[updateEngine] WARNING: [temp log] AF enable(1_0x100e02e0_0x808001e8)
02-24 16:02:27.967 I/hwcomposer(  457): [OVL] (0) Overlay input(0) was used with queue previously  
02-24 16:02:27.967 I/hwcomposer(  457): [DBQ] (q2:0x7d54ab9c00) Buffer queue is destroyed  
02-24 16:02:27.967 I/hwcomposer(  457): [DBQ] (q2:0x7d54ab9c00) Free Slot(0), handle=0x7d54a0f980, 4608000 -> 0  
02-24 16:02:27.968 I/hwcomposer(  457): [DBQ] (q2:0x7d54ab9c00) Free Slot(1), handle=0x7d54a10040, 4608000 -> 0  
02-24 16:02:27.968 I/hwcomposer(  457): [DBQ] (q2:0x7d54ab9c00) Free Slot(2), handle=0x7d54a0f500, 4608000 -> 0  
02-24 16:02:28.003 I/hwcomposer(  457): [HWCDisplay] [Display_0 (type:1)] fps:14.762983,dur:1016.05,max:93.70,min:13.82  
02-24 16:02:28.042 W/TuningMgr(  651): TuningMgr[updateEngine] WARNING: [temp log] AF enable(1_0x100e02e0_0x808001e8)
02-24 16:02:28.106 I/DisplayPowerController(  821): Blocking screen off
02-24 16:02:28.107 I/DisplayPowerController(  821): Unblocked screen off after 2 ms
02-24 16:02:28.125 W/TuningMgr(  651): TuningMgr[updateEngine] WARNING: [temp log] AF enable(1_0x100e02e0_0x808001e8)
02-24 16:02:28.136 I/SurfaceFlinger(  482): screenshot (Background for -SurfaceView - host.exp.exponent/host.exp.exponent.experience.ExperienceActivity#0)
02-24 16:02:28.137 I/SurfaceFlinger(  482): screenshot (SurfaceView - host.exp.exponent/host.exp.exponent.experience.ExperienceActivity#0)
02-24 16:02:28.137 I/SurfaceFlinger(  482): screenshot (host.exp.exponent/host.exp.exponent.experience.ExperienceActivity#0)
02-24 16:02:28.137 I/SurfaceFlinger(  482): screenshot (host.exp.exponent/host.exp.exponent.experience.ExperienceActivity#1)
02-24 16:02:28.139 E/IMGSRV  (  482): :0: KEGLSetMTKUpdateTime: Not valid handle
02-24 16:02:28.148 I/FlickerHal(  651): analyzeFlickerFrequency(): skip, exp is too long(79994).
02-24 16:02:28.160 I/Situation(  650): enable: handle:26, en:0 
02-24 16:02:28.168 W/ProcessStats(  821): Tracking association SourceState{d9b2ca1 host.exp.exponent/10190 Top #249557} whose proc state 1 is better than process ProcessState{119400a com.google.android.gms.persistent/10127 pkg=com.google.android.gms} proc state 2 (102 skipped)
02-24 16:02:28.173 I/GED     (  821): ged_boost_gpu_freq, level 100, eOrigin 2, final_idx 2, oppidx_max 2, oppidx_min 0
02-24 16:02:28.175 I/BufferQueueProducer(  482): [ColorFade#0](this:0x76da0cd000,id:364,api:1,p:821,c:482) disconnect(P): api 1
02-24 16:02:28.179 E/Surface (  821): getSlotFromBufferLocked: unknown buffer: 0x78d8563100
02-24 16:02:28.179 E/IMGSRV  (  821): :0: QueueCancelBufferWrapper: Failed to cancel buffer 0x791e82f610 (-22)
02-24 16:02:28.182 I/DisplayManagerService(  821): Display device changed state: "cran intgr", OFF
02-24 16:02:28.183 I/hwcomposer(  457): [HWCDisplay] Display(0) SetPowerMode(0)  
02-24 16:02:28.188 I/BufferQueueProducer(  482): [StatusBar#0](this:0x76da0e4000,id:5,api:1,p:1013,c:482) queueBuffer: fps=1.56 dur=3205.62 max=3141.84 min=13.32
02-24 16:02:28.189 W/unknown:BridgelessReact(28995): ReactHost{1}.onHostPause()
02-24 16:02:28.190 W/unknown:BridgelessReact(28995): ReactContext.onHostPause()
02-24 16:02:28.190 E/RotationLockTile( 1013): rotatiion handleUpdateState
02-24 16:02:28.193 I/NearbyDiscovery(27859): (REDACTED) FastPairDisplayObserver: %s -> %s
02-24 16:02:28.193 I/hwservicemanager(  359): getTransport: Cannot find entry vendor.mediatek.hardware.mtkradioex@1.0::IMtkRadioEx/mtkAssist1 in either framework or device manifest.
02-24 16:02:28.201 W/TuningMgr(  651): TuningMgr[updateEngine] WARNING: [temp log] AF enable(1_0x100e02e0_0x808001e8)
02-24 16:02:28.215 I/NearbySharing(27859): Screen is locked
02-24 16:02:28.215 I/NearbyDiscovery(27859): (REDACTED) FastPairScanner: isScreenOn=%s, isLocationEnabled=%s, disableLocationRequirement=%s, isDiscoveryScanningEnabled=%s, during24GhzWifiWarmingUpPeriod=%s
02-24 16:02:28.216 I/NearbySharing(27859): Stopping scanning because the screen is locked.
02-24 16:02:28.217 I/MediaFocusControl(  821): abandonAudioFocus() from uid/pid 10190/28995 clientId=android.media.AudioManager@a050f28expo.modules.av.AVManager@3b4d33f
02-24 16:02:28.224 I/BatteryService(  821): receive LENOVO_NOTIFICATION_LIGHT_OPENED notificationLightStatus = 0
02-24 16:02:28.225 I/NearbyDiscovery(27859): (REDACTED) FastPairScanner: eventType=%s, intReq=%s, scanning=%s, scanAllowed=%s, bleEnabled=%s, lockScanRate=%s, startScanningByLowPowerMode=%s
02-24 16:02:28.228 I/NearbyDiscovery(27859): (REDACTED) FastPairScanner: Stopping scan, %s
02-24 16:02:28.240 I/ReactNativeJNI(28995): Memory warning (pressure level: TRIM_MEMORY_UI_HIDDEN) received by JS VM, ignoring because it's non-severe
02-24 16:02:28.241 I/ReactNativeJNI(28995): Memory warning (pressure level: TRIM_MEMORY_UI_HIDDEN) received by JS VM, ignoring because it's non-severe
02-24 16:02:28.242 I/GED     (28995): ged_boost_gpu_freq, level 100, eOrigin 2, final_idx 2, oppidx_max 2, oppidx_min 0
02-24 16:02:28.246 I/NearbySharing(27859): Stopping Fast Init advertisement because we're not scanning in the foreground.
02-24 16:02:28.249 W/ScreenFlashWrapper(28995): completePendingScreenFlashClear: none pending!
02-24 16:02:28.255 I/AppScanStats( 1549): BLE_SCAN_RESULT_RECEIVED[5]noteBleScanResults=0
02-24 16:02:28.258 I/AppScanStats( 1549): BLE_SCAN_STATE_CHANGED[5]noteBleScanStopped=false
02-24 16:02:28.259 I/NearbySharing(27859): Stopping advertising because Nearby Sharing is disabled.
02-24 16:02:28.259 I/NearbySharing(27859): Stopping FastInitiation scanning because the screen is locked.
02-24 16:02:28.259 I/BufferQueueProducer(  482): [SurfaceView - host.exp.exponent/host.exp.exponent.experience.ExperienceActivity#0](this:0x76da0d4000,id:363,api:4,p:624,c:482) disconnect(P): api -1
02-24 16:02:28.261 I/NearbySharing(27859): Fast Initiation Scanning has stopped
02-24 16:02:28.265 I/legacy_power@2.1-impl(  471): @Deprecated scnDisable hdl:65
02-24 16:02:28.265 I/NearbySharing(27859): Dismissing HUN as there's no device nearby.
02-24 16:02:28.266 I/libPowerHal(  471): perfUserScnDisable - handle:65
02-24 16:02:28.268 I/legacy_power@2.1-impl(  471): scnReg hdl:68
02-24 16:02:28.268 I/MtkCam/ppl_context(  651): [beginFlush] + <Default/0>
02-24 16:02:28.268 I/mtkcam-InFlightRequest(  651): [abort] +
02-24 16:02:28.268 I/mtkcam-InFlightRequest(  651): [abort] - frames:{ 35 34 33 32 } being aborted (#4 in-flight frames)
02-24 16:02:28.268 I/MtkCam/ppl_context(  651): [kickRootNodes] [requestNo:35 frameNo:35] last frame
02-24 16:02:28.268 I/legacy_power@2.1-impl(  471): @Deprecated scnConfig hdl:68, cmd:5, param1:1, param2:0, param3:0, param4:0
02-24 16:02:28.268 I/MtkCam/ppl_context(  651): [kickRootNodes] kick 0x1 +
02-24 16:02:28.269 I/MtkCam/P1NodeImp(  651): [kick] [Cam::0] cnt(1)
02-24 16:02:28.269 I/MtkCam/P1NodeImp(  651): [kick] [Cam::0] KICK - [Num Q:36 M:36 F:34 R:34 @0][Type:1 Out:x85 Rec:x0 Raw:1 Cap:0 Exe:1 Flush:x0]
02-24 16:02:28.270 I/MtkCam/ppl_context(  651): [kickRootNodes] kick 0x1 - err:0
02-24 16:02:28.270 W/mtkcam-AppStreamMgr(  651): [0-FrameHandler::operator()] [Meta Stream Buffer] Error happens... - frameNo:34 streamId:0x10000001c App:Meta:DynamicP1_main1
02-24 16:02:28.270 I/MtkCam/P1NodeImp(  651): [hardwareOps_stop] [Cam::0] Cam::0 Req=36 Set=35 Enq=35 Deq=33 Out=33
02-24 16:02:28.270 I/legacy_power@2.1-impl(  471): @Deprecated scnEnable hdl:68, timeout:1000
02-24 16:02:28.270 I/isp_mgr_af_stat(  651): [notifyPreStop]
02-24 16:02:28.270 I/libPowerHal(  471): perfUserScnEnable - handle:68
02-24 16:02:28.271 I/libPowerHal(  471): 92: cpu_ctrl set freq: 2301000 -1 1800000 -1
02-24 16:02:28.271 W/ifunc_cam_buf(  651): [_disable] WARNING: [0x0]:BUF_CTRL_AAO:disable FBC at streaming
02-24 16:02:28.272 W/ifunc_cam_buf(  651): [_disable] WARNING: [0x0]:BUF_CTRL_AFO:disable FBC at streaming
02-24 16:02:28.272 W/ifunc_cam_buf(  651): [_disable] WARNING: [0x0]:BUF_CTRL_PSO:disable FBC at streaming
02-24 16:02:28.272 I/afo_buf_mgr(  651): [notifyPreStop] 
02-24 16:02:28.272 W/aaa_hal_sttCtrl(  651): [resume] 
02-24 16:02:28.276 W/TwinMgr_buf(  651): [deque] WARNING: [deque]waitBufRdy: VF_EN=0, dma(0x1)
02-24 16:02:28.277 W/NormalPipe(  651): [ispDequeThread] WARNING: deqThread leave:dequeResponse already stopped
02-24 16:02:28.277 W/NormalPipe(  651): [deque] WARNING: N:0 dma:x0 deque, already stopped
02-24 16:02:28.277 W/aaa_hal_sttCtrl(  651): [abortDeque] 
02-24 16:02:28.277 W/sttiopipe(  651): [dequeOutBuf] WARNING: waitBufRdy:VF_EN=0, dma(0x3)
02-24 16:02:28.277 I/afo_buf_mgr(  651): [abortDequeue] abortDma done
02-24 16:02:28.277 I/afo_buf_mgr(  651): [abortDequeue] +
02-24 16:02:28.277 W/StatisticPipe(  651): [deque] WARNING: TG1 deque port_12:already stopped
02-24 16:02:28.277 I/afo_buf_mgr(  651): [abortDequeue] -
02-24 16:02:28.277 W/sttiopipe(  651): [dequeOutBuf] WARNING: waitBufRdy:VF_EN=0, dma(0x4)
02-24 16:02:28.277 W/StatisticPipe(  651): [deque] WARNING: TG1 deque port_13:already stopped
02-24 16:02:28.277 W/TaskAFNormal(  651): [destroy] +
02-24 16:02:28.277 W/TaskAFNormal(  651): [destroy] -
02-24 16:02:28.278 W/TaskMgr (  651): [sendEvent] TaskEvent:PreivewEnd
02-24 16:02:28.278 W/Task3APv(  651): [destroy] +
02-24 16:02:28.278 W/Task3APv(  651): [destroy] -
02-24 16:02:28.278 W/TaskMgr (  651): [sendEvent] Remove Task(0)
02-24 16:02:28.278 W/aaa_hal_sttCtrl(  651): [stopStt] 
02-24 16:02:28.278 I/isp_mgr_af_stat(  651): [stop] +
02-24 16:02:28.278 I/isp_mgr_af_stat(  651): [stop] -
02-24 16:02:28.278 I/af_mgr_v3(  651): AF-Stop           : + Dev 1, Record : Mode (4)2, Pos 291
02-24 16:02:28.278 I/af_mgr_v3(  651): #(   35,   33) UpdateState Dev(1) EVENT_CMD_STOP
02-24 16:02:28.278 I/af_mgr_v3(  651): TriggerCmdValid(0)/WaitForceTrigger(0)/bNeedLock(0)/IsFocused(1)/eInCurSate(2)
02-24 16:02:28.278 I/af_mgr_v3(  651): AF-Stop           : -
02-24 16:02:28.278 I/FlashHal(  651): setFlashOff().
02-24 16:02:28.278 I/StrobeDrvFlashlight(  651): setOnOff(): enable(0).
02-24 16:02:28.279 I/StrobeDrvFlashlight(  651): setOnOff(): off time(-1).
02-24 16:02:28.279 I/StrobeDrvFlashlightFops(  651): ioctl failed: type/ct (1,1) Not a typewriter
02-24 16:02:28.279 I/StrobeDrvFlashlight(  651): getHwFault(): flag1(0) ret(-1).
02-24 16:02:28.279 I/StrobeDrvFlashlightFops(  651): ioctl failed: type/ct (1,1) Not a typewriter
02-24 16:02:28.279 I/StrobeDrvFlashlight(  651): getHwFault(): flag2(0) ret(-1).
02-24 16:02:28.279 I/FlickerHal(  651): stop(): begin. m_sensorDev(1)
02-24 16:02:28.279 I/FlickerHal(  651): detach(): count(0/1). m_sensorDev(1)
02-24 16:02:28.279 I/FlickerHal(  651): uninit_algo(): mUsers(1). m_sensorDev(1)
02-24 16:02:28.284 I/CcuDrv  (  651): CcuDrv[RealUninit] +,m_UserCnt(1),curUser(CCU)
02-24 16:02:28.284 I/CcuDrv  (  651): CcuDrv[RealUninit] CcuDrv uinitial done gracefully
02-24 16:02:28.285 I/CcuDrv  (  651): CcuDrv[RealUninit]  - X. ret: 1. m_UserCnt: 0
02-24 16:02:28.285 I/CcuMgr  (  651): [destroyInstance] +
02-24 16:02:28.285 I/CcuMgr  (  651): [_destroyCcuMgr] CcuMgr User Cnt: 0
02-24 16:02:28.285 I/CcuMgr  (  651): [destroyInstance] -
02-24 16:02:28.285 I/LCSDrv  (  651): [Uninit]mSensorIdx(0) uninit
02-24 16:02:28.287 W/mtkcam-AppStreamMgr(  651): [0-FrameHandler::operator()] [Meta Stream Buffer] Error happens... - frameNo:32 streamId:0x10000001c App:Meta:DynamicP1_main1
02-24 16:02:28.288 W/mtkcam-AppStreamMgr(  651): [0-FrameHandler::operator()] [Meta Stream Buffer] Error happens... - frameNo:33 streamId:0x10000001c App:Meta:DynamicP1_main1
02-24 16:02:28.289 I/MtkCam/P2/MWFrame(  651): [releaseFrameStream] P2S cam 0 MWFrame:#32 MWReq:#32, frame 0 : Node0x15 Flush FrameNo(32)
02-24 16:02:28.290 W/MtkCam/streambuf(  651): [markUserStatus] Hal:Meta:P2:Dynamic:0x100000018:0x7c52140720 producer:0x15 released w/o using -> ERROR buffer - user status:0x8:0x8
02-24 16:02:28.290 W/MtkCam/streambuf(  651): [markUserStatus] App:Meta:DynamicP2:0x10000001f:0x7c52140120 producer:0x15 released w/o using -> ERROR buffer - user status:0x8:0x8
02-24 16:02:28.290 W/mtkcam-pipeline(  651): [getBufferLockedImp] [ requestNo:32 frameNo:32 streamId:0 ] mNonReleasedNum==0
02-24 16:02:28.290 W/MtkCam/streambuf(  651): [markUserStatus] s0:d0:App:YV12:0|HW_TEXTURE|HW_COMPOSER:0:0x7c6c792300 producer:0x15 released w/o using -> ERROR buffer - user status:0x8:0x8
02-24 16:02:28.290 W/mtkcam-AppStreamMgr(  651): [0-FrameHandler::operator()] [Meta Stream Buffer] Error happens... - frameNo:32 streamId:0x10000001f App:Meta:DynamicP2
02-24 16:02:28.290 W/mtkcam-AppStreamMgr(  651): [0-FrameHandler::operator()] [Image Stream Buffer] Error happens and all users release - frameNo:32 streamId:0 s0:d0:App:YV12:0|HW_TEXTURE|HW_COMPOSER state:IN-FLIGHT->ERROR
02-24 16:02:28.290 W/mtkcam-AppStreamMgr(  651): [0-FrameHandler::updateCallback] frameNo:32 Request Error
02-24 16:02:28.290 I/MtkCam/P2/MWFrame(  651): [releaseFrameStream] P2S cam 0 MWFrame:#33 MWReq:#33, frame 0 : Node0x15 Flush FrameNo(33)
02-24 16:02:28.290 W/mtkcam-AppStreamMgr(  651): [0-FrameHandler::updateCallback] frame 32 is removed before shutter callbacked, there MUST have error frames or meta be sent for the request
02-24 16:02:28.290 W/MtkCam/streambuf(  651): [markUserStatus] Hal:Meta:P2:Dynamic:0x100000018:0x7c46c3d620 producer:0x15 released w/o using -> ERROR buffer - user status:0x8:0x8
02-24 16:02:28.290 W/MtkCam/streambuf(  651): [markUserStatus] App:Meta:DynamicP2:0x10000001f:0x7c46c3c5a0 producer:0x15 released w/o using -> ERROR buffer - user status:0x8:0x8
02-24 16:02:28.290 W/mtkcam-pipeline(  651): [getBufferLockedImp] [ requestNo:33 frameNo:33 streamId:0 ] mNonReleasedNum==0
02-24 16:02:28.290 W/MtkCam/streambuf(  651): [markUserStatus] s0:d0:App:YV12:0|HW_TEXTURE|HW_COMPOSER:0:0x7c6c792580 producer:0x15 released w/o using -> ERROR buffer - user status:0x8:0x8
02-24 16:02:28.291 W/mtkcam-AppStreamMgr(  651): [0-FrameHandler::operator()] [Meta Stream Buffer] Error happens... - frameNo:33 streamId:0x10000001f App:Meta:DynamicP2
02-24 16:02:28.291 W/mtkcam-AppStreamMgr(  651): [0-FrameHandler::operator()] [Image Stream Buffer] Error happens and all users release - frameNo:33 streamId:0 s0:d0:App:YV12:0|HW_TEXTURE|HW_COMPOSER state:IN-FLIGHT->ERROR
02-24 16:02:28.291 W/mtkcam-AppStreamMgr(  651): [0-FrameHandler::updateCallback] frameNo:33 Request Error
02-24 16:02:28.291 I/MtkCam/P2/MWFrame(  651): [releaseFrameStream] P2S cam 0 MWFrame:#34 MWReq:#34, frame 0 : Node0x15 Flush FrameNo(34)
02-24 16:02:28.291 W/mtkcam-AppStreamMgr(  651): [0-FrameHandler::updateCallback] frame 33 is removed before shutter callbacked, there MUST have error frames or meta be sent for the request
02-24 16:02:28.291 W/MtkCam/streambuf(  651): [markUserStatus] Hal:Meta:P2:Dynamic:0x100000018:0x7c521414a0 producer:0x15 released w/o using -> ERROR buffer - user status:0x8:0x8
02-24 16:02:28.291 W/MtkCam/streambuf(  651): [markUserStatus] App:Meta:DynamicP2:0x10000001f:0x7c52141020 producer:0x15 released w/o using -> ERROR buffer - user status:0x8:0x8
02-24 16:02:28.291 W/mtkcam-pipeline(  651): [getBufferLockedImp] [ requestNo:34 frameNo:34 streamId:0 ] mNonReleasedNum==0
02-24 16:02:28.291 W/MtkCam/streambuf(  651): [markUserStatus] s0:d0:App:YV12:0|HW_TEXTURE|HW_COMPOSER:0:0x7c6c792800 producer:0x15 released w/o using -> ERROR buffer - user status:0x8:0x8
02-24 16:02:28.292 W/mtkcam-AppStreamMgr(  651): [0-FrameHandler::operator()] [Meta Stream Buffer] Error happens... - frameNo:34 streamId:0x10000001f App:Meta:DynamicP2
02-24 16:02:28.292 W/mtkcam-AppStreamMgr(  651): [0-FrameHandler::operator()] [Image Stream Buffer] Error happens and all users release - frameNo:34 streamId:0 s0:d0:App:YV12:0|HW_TEXTURE|HW_COMPOSER state:IN-FLIGHT->ERROR
02-24 16:02:28.292 W/mtkcam-AppStreamMgr(  651): [0-FrameHandler::updateCallback] frameNo:34 Request Error
02-24 16:02:28.292 W/mtkcam-AppStreamMgr(  651): [0-FrameHandler::updateCallback] frame 34 is removed before shutter callbacked, there MUST have error frames or meta be sent for the request
02-24 16:02:28.297 I/MtkCam/P2/CaptureProcessor(  651): [onWaitFlush] P2C cam 0: (0x7c6c790f70) flush +, bgPreRelease:0
02-24 16:02:28.298 I/MtkCam/P2/CaptureProcessor(  651): [onWaitFlush] P2C cam 0: flush -
02-24 16:02:28.298 I/MtkCam/ppl_context(  651): [beginFlush] - <Default/0>
02-24 16:02:28.300 W/MtkCam/streambuf(  651): [markUserStatus] Hal:Meta:P1:Dynamic_main1:0x100000015:0x7c46c3cea0 producer:0x1 released w/o using -> ERROR buffer - user status:0x8:0x8
02-24 16:02:28.300 W/MtkCam/streambuf(  651): [markUserStatus] App:Meta:DynamicP1_main1:0x10000001c:0x7c46ae79a0 producer:0x1 released w/o using -> ERROR buffer - user status:0x8:0x8
02-24 16:02:28.300 W/MtkCam/streambuf(  651): [markUserStatus] Hal:Image:P1:Resizeraw_main1:0x100000002:0x7c5c55f000 producer:0x1 released w/o using -> ERROR buffer - user status:0x8:0x8
02-24 16:02:28.300 W/MtkCam/streambuf(  651): [markUserStatus] Hal:Image:STT_main1:0x100000003:0x7c6ac3ca00 producer:0x1 released w/o using -> ERROR buffer - user status:0x8:0x8
02-24 16:02:28.300 W/mtkcam-AppStreamMgr(  651): [0-FrameHandler::operator()] [Meta Stream Buffer] Error happens... - frameNo:35 streamId:0x10000001c App:Meta:DynamicP1_main1
02-24 16:02:28.300 I/MtkCam/P2/MWFrame(  651): [releaseFrameStream] P2S cam 0 MWFrame:#35 MWReq:#35, frame 0 : Node0x15 Flush FrameNo(35)
02-24 16:02:28.301 W/MtkCam/streambuf(  651): [markUserStatus] Hal:Meta:P2:Dynamic:0x100000018:0x7c46c3d1a0 producer:0x15 released w/o using -> ERROR buffer - user status:0x8:0x8
02-24 16:02:28.301 W/MtkCam/streambuf(  651): [markUserStatus] App:Meta:DynamicP2:0x10000001f:0x7c46ae7fa0 producer:0x15 released w/o using -> ERROR buffer - user status:0x8:0x8
02-24 16:02:28.301 W/mtkcam-pipeline(  651): [getBufferLockedImp] [ requestNo:35 frameNo:35 streamId:0 ] mNonReleasedNum==0
02-24 16:02:28.301 W/MtkCam/streambuf(  651): [markUserStatus] s0:d0:App:YV12:0|HW_TEXTURE|HW_COMPOSER:0:0x7c6c791400 producer:0x15 released w/o using -> ERROR buffer - user status:0x8:0x8
02-24 16:02:28.301 W/mtkcam-AppStreamMgr(  651): [0-FrameHandler::operator()] [Meta Stream Buffer] Error happens... - frameNo:35 streamId:0x10000001f App:Meta:DynamicP2
02-24 16:02:28.301 W/mtkcam-AppStreamMgr(  651): [0-FrameHandler::operator()] [Image Stream Buffer] Error happens and all users release - frameNo:35 streamId:0 s0:d0:App:YV12:0|HW_TEXTURE|HW_COMPOSER state:IN-FLIGHT->ERROR
02-24 16:02:28.301 W/mtkcam-AppStreamMgr(  651): [0-FrameHandler::updateCallback] frameNo:35 Request Error
02-24 16:02:28.301 W/mtkcam-AppStreamMgr(  651): [0-FrameHandler::updateCallback] frame 35 is removed before shutter callbacked, there MUST have error frames or meta be sent for the request
02-24 16:02:28.308 I/MtkCam/ppl_context(  651): [endFlush] + <Default/0>
02-24 16:02:28.308 I/mtkcam-InFlightRequest(  651): [waitUntilDrained] +
02-24 16:02:28.308 I/mtkcam-InFlightRequest(  651): [waitUntilDrained] -
02-24 16:02:28.308 I/MtkCam/ppl_context(  651): [endFlush] - <Default/0>
02-24 16:02:28.308 I/mtkcam-PreReleaseRequest(  651): [dump] ========== dump PreReleaseRequestMgr ===========
02-24 16:02:28.308 I/mtkcam-PreReleaseRequest(  651): [dump] ========== dump InFlightRequests(0) ============
02-24 16:02:28.308 I/mtkcam-PreReleaseRequest(  651): [dump] ========== dump PendingRequests(0) ============
02-24 16:02:28.308 I/mtkcam-dev3(  651): [0-session::tryRunCommandLocked] Run command onFlushLocked -
02-24 16:02:28.335 I/ndroid.systemu( 1013): NativeAlloc concurrent copying GC freed 13850(751KB) AllocSpace objects, 0(0B) LOS objects, 49% free, 5164KB/10MB, paused 309us total 166.325ms
02-24 16:02:28.352 I/Camera3-Device(  624): disconnectImpl: E
02-24 16:02:28.352 I/CameraLatencyHistogram(  624): ProcessCaptureRequest latency histogram (36) samples:
02-24 16:02:28.352 I/CameraLatencyHistogram(  624):        40     80    120    160    200    240    280    320    360    inf (max ms)
02-24 16:02:28.352 I/CameraLatencyHistogram(  624):      2.78   83.33   13.89   0.00   0.00   0.00   0.00   0.00   0.00   0.00 (%)
02-24 16:02:28.352 I/mtkcam-dev3(  651): [0-session::close] +
02-24 16:02:28.353 I/MtkCam/ppl_context(  651): [beginFlush] + <Default/0>
02-24 16:02:28.353 I/mtkcam-InFlightRequest(  651): [abort] +
02-24 16:02:28.353 I/mtkcam-InFlightRequest(  651): [abort] - frames:{ } being aborted (#0 in-flight frames)
02-24 16:02:28.353 I/MtkCam/ppl_context(  651): [kickRootNodes] kick 0x1 +
02-24 16:02:28.353 I/MtkCam/ppl_context(  651): [kickRootNodes] kick 0x1 - err:0
02-24 16:02:28.354 I/MtkCam/P2/CaptureProcessor(  651): [onWaitFlush] P2C cam 0: (0x7c6c790f70) flush +, bgPreRelease:0
02-24 16:02:28.355 I/MtkCam/P2/CaptureProcessor(  651): [onWaitFlush] P2C cam 0: flush -
02-24 16:02:28.355 I/MtkCam/ppl_context(  651): [beginFlush] - <Default/0>
02-24 16:02:28.356 I/MtkCam/ppl_context(  651): [endFlush] + <Default/0>
02-24 16:02:28.356 I/mtkcam-InFlightRequest(  651): [waitUntilDrained] +
02-24 16:02:28.356 I/mtkcam-InFlightRequest(  651): [waitUntilDrained] -
02-24 16:02:28.356 I/MtkCam/ppl_context(  651): [endFlush] - <Default/0>
02-24 16:02:28.356 I/mtkcam-PreReleaseRequest(  651): [dump] ========== dump PreReleaseRequestMgr ===========
02-24 16:02:28.356 I/mtkcam-PreReleaseRequest(  651): [dump] ========== dump InFlightRequests(0) ============
02-24 16:02:28.356 I/mtkcam-PreReleaseRequest(  651): [dump] ========== dump PendingRequests(0) ============
02-24 16:02:28.357 I/BWC     (  651): Profile_Change:[BWCPT_CAMERA_CAPTURE]:OFF,current concurrency is 0x80,DDR=,EMI scenario=BWL_SCN_ICFP OFF
02-24 16:02:28.357 I/BWC     (  651): cam_id=0 sen_fps=0 sen_size=0 pd=0 video=0 vb_ratio=0.000000 vb_time=0.000000 rawi=0 yuv=0 raw_bbp=0.000000 is_smvr=0
02-24 16:02:28.357 I/BWC     (  651): cam_id=0 table=0.000000 ccu=0.000000 ccu_r=0.000000 capture=0.000000 aa=-5120.000000 pd=0.000000 video=0.000000 yuv=0.000000 rawi=0.000000 total=0.000000
02-24 16:02:28.357 I/BWC     (  651): cal_cam_bw hrt bw=0
02-24 16:02:28.357 I/MtkCam/ppl_context(  651): [onLastStrongRef] + <Default/0> (0x7c6c708a00)
02-24 16:02:28.358 I/mtkcam-InFlightRequest(  651): [waitUntilDrained] +
02-24 16:02:28.358 I/mtkcam-InFlightRequest(  651): [waitUntilDrained] -
02-24 16:02:28.358 I/MtkCam/P1NodeImp(  651): [~P1NodeImp] [Cam::0] 
02-24 16:02:28.359 I/MtkCam/P2/CaptureProcessor(  651): [onUninit] P2C cam 0: addr:0x7c6c790f70, uniqueKey:150225476
02-24 16:02:28.361 I/MtkCam/CapturePipe/YUVNode(  651): [onUninit](0x7c46a7ea00)(9) uniqueKey:150225476
02-24 16:02:28.361 I/MtkCam/CapturePipe/MultiFrameNode(  651): [onUninit](0x7c46a7e500) uniqueKey:150225476
02-24 16:02:28.361 I/MtkCam/CapturePipe/RAWNode(  651): [onUninit](0x7c46a7e000) uniqueKey:150225476
02-24 16:02:28.361 I/MtkCam/CapturePipe/RAWNode(  651): [~RAWNode](0x7c46a7e000) dtor
02-24 16:02:28.361 I/MtkCam/CapturePipe/MultiFrameNode(  651): [~MultiFrameNode](0x7c46a7e500) dtor
02-24 16:02:28.361 I/MtkCam/CapturePipe/YUVNode(  651): [~YUVNode](0x7c46a7ea00) dtor
02-24 16:02:28.361 I/MtkCam/P2/CaptureNode(  651): [~P2CaptureNodeImp] P2C cam 0: (0x7c6c790f00) dtor
02-24 16:02:28.361 I/MtkCam/P2/CaptureProcessor(  651): [~CaptureProcessor](0x7c6c790f70) dtor
02-24 16:02:28.362 I/MtkCam/StreamingPipe/Pipe(  651): [onUninit]+
02-24 16:02:28.367 I/MtkCam/StreamingPipe/Pipe(  651): [onUninit]-
02-24 16:02:28.367 I/MtkCam/StreamingPipe/TPI_MGR_Plugin(  651): [destroySession]+
02-24 16:02:28.367 I/MtkCam/TPI_S_Green(  651): [~S_GREEN_Plugin] destroy  S_GREEN plugin
02-24 16:02:28.367 I/MtkCam/TPI_S_FB(  651): [~S_FB_Plugin] destroy  S_FB plugin
02-24 16:02:28.367 I/MtkCam/TPI_S_EISQ(  651): [~S_EISQ_Plugin] destroy S_EISQ plugin
02-24 16:02:28.367 I/MtkCam/TPI_S_Disp(  651): [~S_DISP_Plugin] destroy  S_DISP plugin
02-24 16:02:28.367 I/MtkCam/TPI_S_META(  651): [~S_META_Plugin] destroy  S_META plugin
02-24 16:02:28.367 I/MtkCam/TPI_S_ASYNC(  651): [~S_ASYNC_Plugin] destroy  S_ASYNC plugin
02-24 16:02:28.367 I/MtkCam/ppl_plugin(  651): [~PipelinePlugin] Join: dtor(0x7c06b205b8)
02-24 16:02:28.367 I/MtkCam/StreamingPipe/TPI_MGR_Plugin(  651): [destroySession]- ret=1
02-24 16:02:28.367 I/MtkCam/StreamingPipe/Pipe(  651): [~StreamingFeaturePipe]destroy pipe(0x7c06727900): SensorIndex=0
02-24 16:02:28.368 I/power@1.3-impl(  471): setInteractive Disable All 16 263571
02-24 16:02:28.369 I/BufferQueue(  482): [Bounds for - host.exp.exponent/host.exp.exponent.experience.ExperienceActivity#0](this:0x76da0d5800,id:362,api:0,p:-1,c:-1) ~BufferQueueCore
02-24 16:02:28.369 I/powerd  (  471): [powerd_req] POWER_MSG_SCN_DISABLE_ALL
02-24 16:02:28.369 I/libPowerHal(  471): perfUserScnDisableAll, h:90, s:1, a:0
02-24 16:02:28.370 I/libPowerHal(  471): perfUserScnDisableAll, h:91, s:1, a:0
02-24 16:02:28.371 I/libPowerHal(  471): perfUserScnDisableAll, h:92, s:1, a:0
02-24 16:02:28.372 I/libPowerHal(  471): 92: cpu_ctrl set freq: -1 -1 -1 -1
02-24 16:02:28.378 E/flp     (  618): flp_screen_monitor_thread: Screen off
02-24 16:02:28.392 E/WifiVendorHal(  821): getWifiLinkLayerStats_1_3_Internal(l.927) failed {.code = ERROR_NOT_SUPPORTED, .description = }
02-24 16:02:28.394 I/AdvertisingIdClient(27669): shouldSendLog 262808689
02-24 16:02:28.395 I/AdvertisingIdClient(27669): GetInfoInternal elapse 27ms
02-24 16:02:28.396 I/wpa_supplicant( 1134): wpa_driver_nl80211_driver_cmd: wlan0 recv cmd SETSUSPENDMODE 1
02-24 16:02:28.396 I/MtkCam/P2/StreamingNode(  651): [uninit] P2S cam 0: uninit lock +
02-24 16:02:28.397 I/MtkCam/P2/StreamingNode(  651): [uninit] P2S cam 0: uninit lock -
02-24 16:02:28.397 W/MtkCam/fdNodeImp(  651): [onDequeRequest] [exitPending] mRequestQueue.size:0
02-24 16:02:28.399 W/mHalFDVT(  651): (818)[halFDUninit] FD HAL Object is already uninited...
02-24 16:02:28.399 I/wpa_supplicant( 1134): wpa_driver_nl80211_driver_cmd: ret = 0 used = 17 total = 512
02-24 16:02:28.400 I/MtkCam/JpegNode(  651): [extractRequestLoop] mbRequestDrainedCond wait + 
02-24 16:02:28.400 I/MtkCam/JpegNode(  651): [extractRequestLoop] mbRequestDrainedCond wait - 
02-24 16:02:28.400 I/MtkCam/JpegNode(  651): [waitJpegEncodeReqDone] mReqNewTriggerEncodeCond wait - 
02-24 16:02:28.401 I/mtkcam-ppl_fbm(  651): [~FrameBufferManagerImpl] + mDebuggeeCookie:0x7c6ac43558
02-24 16:02:28.401 I/mtkcam-ppl_fbm(  651): [~FrameBufferManagerImpl] -
02-24 16:02:28.404 I/MtkCam/ppl_context(  651): [onLastStrongRef] - <Default/0>
02-24 16:02:28.404 I/mtkcam-FeatureSettingPolicy(  651): [~FeatureSettingPolicy] (0x7c6c7939a0) dtor
02-24 16:02:28.404 I/MtkCam/ppl_plugin(  651): [~PipelinePlugin] Yuv: dtor(0x7c6c624c18)
02-24 16:02:28.404 I/MtkCam/ppl_plugin(  651): [~PipelinePlugin] Raw: dtor(0x7c6c624b78)
02-24 16:02:28.404 I/MtkCam/ppl_plugin(  651): [~PipelinePlugin] MultiFrame: dtor(0x7c6c624ad8)
02-24 16:02:28.405 I/mtkcam-DeviceAdapter(  651): 0[HalDeviceAdapter::powerOff] powerOff +
02-24 16:02:28.405 I/af_mgr_v3(  651): AF-CamPwrOffState : + Dev 1
02-24 16:02:28.405 I/af_mgr_v3(  651): AF-CamPwrOffState : uninitMcuDrv - Dev: 1
02-24 16:02:28.412 W/UsageStatsService(  821): Event reported without a package name, eventType:17
02-24 16:02:28.412 I/BatteryService(  821): receive LENOVO_NOTIFICATION_LIGHT_OPENED notificationLightStatus = 0
02-24 16:02:28.413 I/DeviceIdleController(  821): keyguardShowing=true
02-24 16:02:28.413 E/AudioALSAHardware(  447): setParameters(), low_power_mode:0
02-24 16:02:28.414 E/AudioALSAHardware(  447): setParameters(), setScreenState i2s off
02-24 16:02:28.414 E/AudioALSAHardware(  447): setParameters(), setScreenState off  i2s 2 getClkStatus:0x0 
02-24 16:02:28.414 E/AudioALSAHardwareResourceManager(  447): I2s3ClkControl(), low_power_mode:0
02-24 16:02:28.417 I/BufferQueueProducer(  482): [host.exp.exponent/host.exp.exponent.experience.ExperienceActivity#1](this:0x76da008800,id:361,api:1,p:28995,c:482) disconnect(P): api 1
02-24 16:02:28.430 I/BufferQueueProducer(  482): [host.exp.exponent/host.exp.exponent.experience.ExperienceActivity#0](this:0x76da0e5800,id:357,api:1,p:28995,c:482) disconnect(P): api 1
02-24 16:02:28.434 I/BufferQueue(  482): [host.exp.exponent/host.exp.exponent.experience.ExperienceActivity#1](this:0x76da008800,id:361,api:1,p:-1,c:-1) ~BufferQueueCore
02-24 16:02:28.466 E/AuthPII (27859): [RequestTokenManager] getToken() -> BAD_AUTHENTICATION. App: com.google.android.gms, Service: oauth2:https://www.googleapis.com/auth/emeraldsea.mobileapps.doritos.cookie
02-24 16:02:28.466 E/AuthPII (27859): asag: Long live credential not available.
02-24 16:02:28.466 E/AuthPII (27859): 	at xin.a(:com.google.android.gms@250632013@25.06.32 (100400-724425688):1001)
02-24 16:02:28.466 E/AuthPII (27859): 	at xit.b(:com.google.android.gms@250632013@25.06.32 (100400-724425688):28)
02-24 16:02:28.466 E/AuthPII (27859): 	at xir.a(:com.google.android.gms@250632013@25.06.32 (100400-724425688):617)
02-24 16:02:28.466 E/AuthPII (27859): 	at xiq.b(:com.google.android.gms@250632013@25.06.32 (100400-724425688):94)
02-24 16:02:28.466 E/AuthPII (27859): 	at rgb.h(:com.google.android.gms@250632013@25.06.32 (100400-724425688):216)
02-24 16:02:28.466 E/AuthPII (27859): 	at rgb.d(:com.google.android.gms@250632013@25.06.32 (100400-724425688):2)
02-24 16:02:28.466 E/AuthPII (27859): 	at rgb.fn(:com.google.android.gms@250632013@25.06.32 (100400-724425688):200)
02-24 16:02:28.466 E/AuthPII (27859): 	at qos.onTransact(:com.google.android.gms@250632013@25.06.32 (100400-724425688):97)
02-24 16:02:28.466 E/AuthPII (27859): 	at android.os.Binder.transact(Binder.java:914)
02-24 16:02:28.466 E/AuthPII (27859): 	at bqvm.onTransact(:com.google.android.gms@250632013@25.06.32 (100400-724425688):10)
02-24 16:02:28.466 E/AuthPII (27859): 	at android.os.Binder.transact(Binder.java:914)
02-24 16:02:28.466 E/AuthPII (27859): 	at bhvv.onTransact(:com.google.android.gms@250632013@25.06.32 (100400-724425688):148)
02-24 16:02:28.466 E/AuthPII (27859): 	at android.os.Binder.execTransactInternal(Binder.java:1021)
02-24 16:02:28.466 E/AuthPII (27859): 	at android.os.Binder.execTransact(Binder.java:994)
02-24 16:02:28.466 E/AuthPII (27859): Message is Long live credential not available.
02-24 16:02:28.466 E/AuthPII (27859): asag: Long live credential not available.
02-24 16:02:28.466 E/AuthPII (27859): 	at xin.a(:com.google.android.gms@250632013@25.06.32 (100400-724425688):1001)
02-24 16:02:28.466 E/AuthPII (27859): 	at xit.b(:com.google.android.gms@250632013@25.06.32 (100400-724425688):28)
02-24 16:02:28.466 E/AuthPII (27859): 	at xir.a(:com.google.android.gms@250632013@25.06.32 (100400-724425688):617)
02-24 16:02:28.466 E/AuthPII (27859): 	at xiq.b(:com.google.android.gms@250632013@25.06.32 (100400-724425688):94)
02-24 16:02:28.466 E/AuthPII (27859): 	at rgb.h(:com.google.android.gms@250632013@25.06.32 (100400-724425688):216)
02-24 16:02:28.466 E/AuthPII (27859): 	at rgb.d(:com.google.android.gms@250632013@25.06.32 (100400-724425688):2)
02-24 16:02:28.466 E/AuthPII (27859): 	at rgb.fn(:com.google.android.gms@250632013@25.06.32 (100400-724425688):200)
02-24 16:02:28.466 E/AuthPII (27859): 	at qos.onTransact(:com.google.android.gms@250632013@25.06.32 (100400-724425688):97)
02-24 16:02:28.466 E/AuthPII (27859): 	at android.os.Binder.transact(Binder.java:914)
02-24 16:02:28.466 E/AuthPII (27859): 	at bqvm.onTransact(:com.google.android.gms@250632013@25.06.32 (100400-724425688):10)
02-24 16:02:28.466 E/AuthPII (27859): 	at android.os.Binder.transact(Binder.java:914)
02-24 16:02:28.466 E/AuthPII (27859): 	at bhvv.onTransact(:com.google.android.gms@250632013@25.06.32 (100400-724425688):148)
02-24 16:02:28.466 E/AuthPII (27859): 	at android.os.Binder.execTransactInternal(Binder.java:1021)
02-24 16:02:28.466 E/AuthPII (27859): 	at android.os.Binder.execTransact(Binder.java:994)
02-24 16:02:28.467 W/Auth    (27859): [GetToken] GetToken failed with status code: BadAuthentication  [CONTEXT service_id=343 ]
02-24 16:02:28.496 W/Auth    (27669): [GoogleAuthUtil] [GoogleAuthUtil] error status:BAD_AUTHENTICATION with method:getTokenWithDetails
02-24 16:02:28.516 I/af_mgr_v3(  651): AF-CamPwrOffState : -
02-24 16:02:28.516 I/Drv/HWsync(  651): Drv/HWsync[uninit] +, user&cnt(HW_SYNC_USER_HALSENSOR,2),srIdxNum(1)
02-24 16:02:28.516 I/Drv/HWsync(  651): Drv/HWsync[uninit] idx(0,remain_0),tg(1)
02-24 16:02:28.525 I/mtkcam-DeviceAdapter(  651): 0[HalDeviceAdapter::powerOff] powerOff -
02-24 16:02:28.527 I/Drv/HWsync(  651): Drv/HWsync[uninit] +, user&cnt(HW_SYNC_USER_AE,1),srIdxNum(0)
02-24 16:02:28.527 I/Drv/HWsync(  651): Drv/HWsync[uninit] mAECyclePeriod(-1)
02-24 16:02:28.527 I/af_mgr_v3(  651): AF-uninit         : +
02-24 16:02:28.529 I/Accelerometer(  650): batch: handle:0, flag:0,samplingPeriodNs:66667000 maxBatchReportLatencyNs:0
02-24 16:02:28.531 I/af_mgr_v3(  651): AF-uninit         : Algo(0x0), users 0
02-24 16:02:28.531 I/af_mgr_v3(  651): AF-uninit         : -
02-24 16:02:28.531 I/StrobeDrvFlashlight(  651): setCharger(): ready(0).
02-24 16:02:28.531 I/StrobeDrvFlashlightFops(  651): ioctl failed: type/ct (1,1) Not a typewriter
02-24 16:02:28.531 I/StrobeDrvFlashlight(  651): setCharger(): time(155307840).
02-24 16:02:28.531 I/FlashHal(  651): uninit().
02-24 16:02:28.531 I/StrobeDrvFlashlight(  651): lowPowerDetectEnd().
02-24 16:02:28.531 I/StrobeDrvFlashlightFops(  651): closekd(): mUsers(0).
02-24 16:02:28.531 I/StrobeDrvFlashlight(  651): uninit(): mUsers(0).
02-24 16:02:28.531 I/FlickerHal(  651): uninit().
02-24 16:02:28.532 I/FlickerPlatformAdapter(  651): releaseBuf(). Release buf success.
02-24 16:02:28.538 I/mtkcam-dev3(  651): [0-session::tryRunCommandLocked] Run command onCloseLocked -
02-24 16:02:28.539 I/mtkcam-devicemgr(  651): [detachOpenDeviceLocked] device: device@3.5/internal/0 openTimestamp:02-24 16:02:25.316
02-24 16:02:28.539 I/mtkcam-dev3(  651): [0-session::close] -
02-24 16:02:28.539 I/legacy_power@2.1-impl(  471): @Deprecated scnDisable hdl:66
02-24 16:02:28.541 I/libPowerHal(  471): perfUserScnDisable - handle:66
02-24 16:02:28.541 I/BufferQueueProducer(  482): [SurfaceView - host.exp.exponent/host.exp.exponent.experience.ExperienceActivity#0](this:0x76da0d4000,id:363,api:4,p:-1,c:-1) disconnect(P): api 4
02-24 16:02:28.541 I/CameraLatencyHistogram(  624): Stream 0 dequeueBuffer latency histogram (36) samples:
02-24 16:02:28.541 I/legacy_power@2.1-impl(  471): @Deprecated scnDisable hdl:67
02-24 16:02:28.541 I/CameraLatencyHistogram(  624):         5     10     15     20     25     30     35     40     45    inf (max ms)
02-24 16:02:28.541 I/CameraLatencyHistogram(  624):      97.22   2.78   0.00   0.00   0.00   0.00   0.00   0.00   0.00   0.00 (%)
02-24 16:02:28.541 I/libPowerHal(  471): perfUserScnDisable - handle:67
02-24 16:02:28.541 I/BufferQueueProducer(28995): [ImageReader-3264x2448f100m4-28995-3](this:0x78cf805800,id:3,api:4,p:624,c:28995) disconnect(P): api 4
02-24 16:02:28.542 I/legacy_power@2.1-impl(  471): @Deprecated scnUnreg hdl:67
02-24 16:02:28.542 I/BufferQueueProducer(28995): [ImageReader-1600x1200f23m4-28995-4](this:0x78cf999000,id:4,api:4,p:624,c:28995) disconnect(P): api 4
02-24 16:02:28.542 I/Camera3-Device(  624): disconnectImpl: X
02-24 16:02:28.546 I/CameraService(  624): disconnect: Disconnected client for camera 0 for PID 28995
02-24 16:02:28.615 I/system_server(  821): NativeAlloc concurrent copying GC freed 49813(2417KB) AllocSpace objects, 15(620KB) LOS objects, 21% free, 21MB/27MB, paused 338us total 326.311ms
02-24 16:02:28.625 I/BufferQueue(  821): [SurfaceTexture-16-821-15](this:0x793573e000,id:15,api:2,p:-1,c:-1) ~BufferQueueCore
02-24 16:02:28.770 I/hash_map_utils(  476): key: 'MTK_VOW_SUPPORT' value: ''
02-24 16:02:28.771 W/Looper  (  821): Slow dispatch took 359ms main h=android.app.ActivityThread$H c=android.app.-$$Lambda$LoadedApk$ReceiverDispatcher$Args$_BumDX2UKsnxLVrE6UJsJZkotuA@1ab8c67 m=0
02-24 16:02:28.771 W/Looper  (  821): Slow delivery took 358ms main h=com.android.server.job.controllers.Q