02-24 16:00:16.159 D/NetworkManagement(  821): Uid 10155 restricted because of app standby mode
02-24 16:00:16.160 D/NetworkManagement(  821): Uid 10140 restricted because of app standby mode
02-24 16:00:16.160 D/NetworkManagement(  821): Uid 10136 restricted because of app standby mode
02-24 16:00:16.160 D/NetworkManagement(  821): Uid 10134 restricted because of app standby mode
02-24 16:00:16.160 D/NetworkManagement(  821): Uid 10132 restricted because of app standby mode
02-24 16:00:16.160 D/NetworkManagement(  821): Uid 10131 restricted because of app standby mode
02-24 16:00:16.160 D/NetworkManagement(  821): Uid 10115 restricted because of app standby mode
02-24 16:00:16.192 D/NetworkManagement(  821): Uid 10155 restricted because of app standby mode
02-24 16:00:16.192 D/NetworkManagement(  821): Uid 10140 restricted because of app standby mode
02-24 16:00:16.192 D/NetworkManagement(  821): Uid 10136 restricted because of app standby mode
02-24 16:00:16.192 D/NetworkManagement(  821): Uid 10134 restricted because of app standby mode
02-24 16:00:16.192 D/NetworkManagement(  821): Uid 10132 restricted because of app standby mode
02-24 16:00:16.192 D/NetworkManagement(  821): Uid 10131 restricted because of app standby mode
02-24 16:00:16.192 D/NetworkManagement(  821): Uid 10115 restricted because of app standby mode
02-24 16:00:16.193 D/NetworkManagement(  821): oldRule = 0, newRule=0 for uid=10135 on chain 2
02-24 16:00:16.194 D/NetworkManagement(  821): !!!!! Skipping change
02-24 16:00:16.194 D/NetworkManagement(  821): Uid 10155 restricted because of app standby mode
02-24 16:00:16.194 D/NetworkManagement(  821): Uid 10140 restricted because of app standby mode
02-24 16:00:16.194 D/NetworkManagement(  821): Uid 10136 restricted because of app standby mode
02-24 16:00:16.194 D/NetworkManagement(  821): Uid 10134 restricted because of app standby mode
02-24 16:00:16.194 D/NetworkManagement(  821): Uid 10132 restricted because of app standby mode
02-24 16:00:16.195 D/NetworkManagement(  821): Uid 10131 restricted because of app standby mode
02-24 16:00:16.195 D/NetworkManagement(  821): Uid 10115 restricted because of app standby mode
02-24 16:00:18.685 V/NetworkPolicy(  821): updateNetworkEnabledNL()
02-24 16:00:18.685 V/NetworkPolicy(  821): updateNotificationsNL()
02-24 16:00:19.803 D/NetworkManagement(  821): Uid 10155 restricted because of app standby mode
02-24 16:00:19.803 D/NetworkManagement(  821): Uid 10140 restricted because of app standby mode
02-24 16:00:19.803 D/NetworkManagement(  821): Uid 10136 restricted because of app standby mode
02-24 16:00:19.803 D/NetworkManagement(  821): Uid 10134 restricted because of app standby mode
02-24 16:00:19.803 D/NetworkManagement(  821): Uid 10132 restricted because of app standby mode
02-24 16:00:19.803 D/NetworkManagement(  821): Uid 10131 restricted because of app standby mode
02-24 16:00:19.803 D/NetworkManagement(  821): Uid 10115 restricted because of app standby mode
02-24 16:00:20.890 D/NetworkManagement(  821): Uid 10155 restricted because of app standby mode
02-24 16:00:20.891 D/NetworkManagement(  821): Uid 10140 restricted because of app standby mode
02-24 16:00:20.891 D/NetworkManagement(  821): Uid 10136 restricted because of app standby mode
02-24 16:00:20.891 D/NetworkManagement(  821): Uid 10134 restricted because of app standby mode
02-24 16:00:20.891 D/NetworkManagement(  821): Uid 10132 restricted because of app standby mode
02-24 16:00:20.891 D/NetworkManagement(  821): Uid 10131 restricted because of app standby mode
02-24 16:00:20.891 D/NetworkManagement(  821): Uid 10115 restricted because of app standby mode
02-24 16:00:25.109 D/NetworkManagement(  821): Uid 10155 restricted because of app standby mode
02-24 16:00:25.109 D/NetworkManagement(  821): Uid 10140 restricted because of app standby mode
02-24 16:00:25.109 D/NetworkManagement(  821): Uid 10136 restricted because of app standby mode
02-24 16:00:25.109 D/NetworkManagement(  821): Uid 10134 restricted because of app standby mode
02-24 16:00:25.109 D/NetworkManagement(  821): Uid 10132 restricted because of app standby mode
02-24 16:00:25.109 D/NetworkManagement(  821): Uid 10131 restricted because of app standby mode
02-24 16:00:25.109 D/NetworkManagement(  821): Uid 10115 restricted because of app standby mode
02-24 16:00:29.679 I/ActivityManager(  821): Killing 27818:android.process.acore/u0a43 (adj 999): empty #17
02-24 16:01:07.102 I/DeviceIdleController(  821): updateChargingLocked: charging=true
02-24 16:01:07.102 I/DeviceIdleController(  821): becomeActiveLocked, reason=charging, changeLightIdle=true
02-24 16:01:31.048 I/DeviceIdleController(  821): updateChargingLocked: charging=true
02-24 16:01:31.049 I/DeviceIdleController(  821): becomeActiveLocked, reason=charging, changeLightIdle=true
02-24 16:01:32.274 I/PowerManagerService(  821): Going to sleep due to timeout (uid 1000)...
02-24 16:01:32.275 W/UsageStatsService(  821): Event reported without a package name, eventType:16
02-24 16:01:32.277 I/PowerManagerService(  821): Sleeping (uid 1000)...
02-24 16:01:32.479 I/DisplayPowerController(  821): Blocking screen off
02-24 16:01:32.480 I/DisplayPowerController(  821): Unblocked screen off after 0 ms
02-24 16:01:32.558 I/DisplayManagerService(  821): Display device changed state: "cran intgr", OFF
02-24 16:01:32.642 W/ProcessStats(  821): Tracking association SourceState{a9f75e5 host.exp.exponent/10190 Top #249334} whose proc state 1 is better than process ProcessState{e5d51ad com.google.android.gms/10127 pkg=com.google.android.gms} proc state 5 (43 skipped)
02-24 16:01:33.130 W/Looper  (  821): Slow dispatch took 359ms main h=android.app.ActivityThread$H c=android.app.-$$Lambda$LoadedApk$ReceiverDispatcher$Args$_BumDX2UKsnxLVrE6UJsJZkotuA@8e2b90c m=0
02-24 16:01:33.130 W/Looper  (  821): Slow delivery took 356ms main h=com.android.server.AlarmManagerService$AlarmHandler c=null m=8
02-24 16:01:33.133 W/Looper  (  821): Drained
02-24 16:01:37.160 I/PowerManagerService(  821): Waking up from Asleep (uid=1000, reason=WAKE_REASON_POWER_BUTTON, details=android.policy:POWER)...
02-24 16:01:37.160 W/UsageStatsService(  821): Event reported without a package name, eventType:15
02-24 16:01:37.164 I/DisplayPowerController(  821): Blocking screen on until initial contents have been drawn.
02-24 16:01:37.288 I/DisplayManagerService(  821): Display device changed state: "cran intgr", ON
02-24 16:01:37.367 I/DisplayPowerController(  821): Unblocked screen on after 204 ms
02-24 16:01:37.806 W/PowerManagerService(  821): Screen on took 655 ms
02-24 16:01:37.978 W/Looper  (  821): Slow dispatch took 650ms main h=android.app.ActivityThread$H c=android.app.-$$Lambda$LoadedApk$ReceiverDispatcher$Args$_BumDX2UKsnxLVrE6UJsJZkotuA@9eb8d7d m=0
02-24 16:01:37.978 W/Looper  (  821): Slow delivery took 608ms main h=com.android.server.notification.NotificationManagerService$WorkerHandler c=com.android.server.notification.NotificationManagerService$CancelNotificationRunnable@a158472 m=0
02-24 16:01:37.980 W/Looper  (  821): Drained
02-24 16:01:37.981 I/DeviceIdleController(  821): becomeActiveLocked, reason=screen, changeLightIdle=true
02-24 16:01:42.704 I/ActivityTaskManager(  821): START u0 {flg=0xc080000 cmp=host.exp.exponent/.experience.ExperienceActivity (has extras)} from uid 10190
02-24 16:01:42.835 E/WindowManager(  821): App trying to use insecure INPUT_FEATURE_NO_INPUT_CHANNEL flag. Ignoring
02-24 16:01:42.850 I/WindowManager(  821): Relayout Window{9d823d2 u0 host.exp.exponent/host.exp.exponent.experience.ExperienceActivity}: oldVis=4 newVis=0 focusMayChange = true
02-24 16:01:59.085 E/WindowManager(  821): App trying to use insecure INPUT_FEATURE_NO_INPUT_CHANNEL flag. Ignoring
02-24 16:01:59.201 E/WindowManager(  821): App trying to use insecure INPUT_FEATURE_NO_INPUT_CHANNEL flag. Ignoring
02-24 16:02:16.609 I/DeviceIdleController(  821): updateChargingLocked: charging=true
02-24 16:02:16.609 I/DeviceIdleController(  821): becomeActiveLocked, reason=charging, changeLightIdle=true
02-24 16:02:23.851 E/WindowManager(  821): App trying to use insecure INPUT_FEATURE_NO_INPUT_CHANNEL flag. Ignoring
02-24 16:02:25.178 E/WindowManager(  821): App trying to use insecure INPUT_FEATURE_NO_INPUT_CHANNEL flag. Ignoring
--------- beginning of main
02-24 16:02:25.481 I/mtkcam-PipelineModelSessionDefault(  651): [onConfig_Capture] ZSL mode enable = 0
02-24 16:02:25.482 E/ImgSensorDrv(  651): [sendCommand]Err( 1189):[sendCommand]Command ID = 16413 is undefined (sendCommand){#1189:vendor/mediatek/proprietary/hardware/mtkcam/drv/src/sensor/mt6765/../common/v1/imgsensor_drv.cpp}
02-24 16:02:25.482 E/MtkCam/HalSensor(  651): [sendCommand] [sendCommand] sendCommand fail! 16413 (sendCommand){#724:vendor/mediatek/proprietary/hardware/mtkcam/drv/src/sensor/mt6765/../common/v1/HalSensor.control.cpp}
02-24 16:02:25.482 I/BWC     (  651): cam_id=0 sen_fps=30 sen_size=7990272 pd=0 video=0 vb_ratio=0.000000 vb_time=0.000000 rawi=0 yuv=0 raw_bbp=1.250000 is_smvr=0
02-24 16:02:25.482 I/BWC     (  651): cam_id=0 table=90000000.000000 ccu=60000000.000000 ccu_r=60000000.000000 capture=299635200.000000 aa=-5120.000000 pd=0.000000 video=0.000000 yuv=0.000000 rawi=0.000000 total=509635200.000000
02-24 16:02:25.482 I/BWC     (  651): cal_cam_bw hrt bw=509
02-24 16:02:25.483 I/BWC     (  651): Profile_Change:[BWCPT_CAMERA_CAPTURE]:ON,current concurrency is 0x90,DDR=,EMI scenario=BWL_SCN_ICFP ON
02-24 16:02:25.483 I/BWC     (  651): MMDVFS SET 1
02-24 16:02:25.483 I/MtkCam/ppl_context(  651): [PipelineContext] <Default/0> (0x7c6c708a00)
02-24 16:02:25.485 I/mtkcam-PipelineContextBuilder(  651): [configContextLocked_P1Node] 0x100000001 3264x2448 ImgFormat:0x2201(BAYER10) BufPlanes(strides/sizeInBytes):[ 4080/9987840 ] startOffset:0 bufStep:0 t:0 maxBufNum:13 minInitBufNum:0 Hal:Image:P1:Fullraw_main1 AllocImgFormat:0x21(BLOB) AllocBufPlanes(strides/sizeInBytes):[ 9987840/9987840 ] Private{exist?0 id:0}
02-24 16:02:25.486 W/MtkCam/HwInfoHelper(  651): [queryRawTypeSupport] INormalPipeModule::query(ENPipeQueryCmd_IQ_LEVEL) is unsupported. Maybe it's ISP5 or below.
02-24 16:02:25.486 I/MtkCam/P1NodeImp(  651): [P1NodeImp] LOGD[0](1) LOGI[1](0) prop(cam:0 pl:1 pi:0 g:0:0) -  SYS[1-3:9](3) - MetaLog(p:0/0 m:0/x0) - SmvrLog(0) DumpRaw(0) DataDump(0) DrawLine(0) - StuffBufCtrl[0)](8:16) StuffFully[0](0) - DelRelOff(0) - TF(1) - IV(0) - WB(0)
02-24 16:02:25.486 I/mtkcam-PipelineContextBuilder(  651): [configContextLocked_P2SNode] operation_mode=0 p2_type=1 p2_node_type=1 app_mode=0 fd=640x480 3dnr_mode=0x0 fsc_mode=0x0 eis_mode=0x0 eis_factor=100 stream_size=1600x1200 video=0x0 p2Margin(1.000000), dsdnHint(1) mSecType(0) timestamp(155304626573563)
02-24 16:02:25.486 I/MtkCam/P2/CaptureProcessor(  651): [CaptureProcessor](0x7c6c790f70) ctor
02-24 16:02:25.486 I/MtkCam/P2/CaptureNode(  651): [P2CaptureNodeImp] : (0x7c6c790f00) ctor, uniqueKey:150225476, supportedScenarioFeatures:0x1020c40f5, bgPreRelease:0, hidlIsp:0
02-24 16:02:25.486 I/MtkCam/ppl_context(  651): [dump] <Default/0>
02-24 16:02:25.486 I/MtkCam/ppl_context(  651): [dump] .root={ 0x1 }, .edges={(0x1 -> 0x15)(0x1 -> 0x14)(0x15 -> 0x16)(0x14 -> 0x16)(0x15 -> 0x23)(0x14 -> 0x23)}
02-24 16:02:25.486 I/MtkCam/ppl_context(  651): [dump] <nodeId=0x1 (P1Node) NO-INIT>
02-24 16:02:25.487 I/MtkCam/ppl_context(  651): [dump]     In: .AppImage={ } .HalImage={ } .AppMeta={ 0x80000000 } .HalMeta={ 0x100000012 }
02-24 16:02:25.487 I/MtkCam/ppl_context(  651): [dump]    Out: .AppImage={ } .HalImage={ 0x100000001 0x100000002 0x100000003 } .AppMeta={ 0x10000001c } .HalMeta={ 0x100000015 }
02-24 16:02:25.487 I/MtkCam/ppl_context(  651): [dump] <nodeId=0x14 (P2CaptureNode) NO-INIT>
02-24 16:02:25.487 I/MtkCam/ppl_context(  651): [dump]     In: .AppImage={ } .HalImage={ 0x100000001 0x100000002 0x100000003 } .AppMeta={ 0x80000000 0x10000001c } .HalMeta={ 0x100000015 }
02-24 16:02:25.487 I/MtkCam/ppl_context(  651): [dump]    Out: .AppImage={ 0 0x2 } .HalImage={ 0x10000000d 0x10000000e } .AppMeta={ 0x100000020 } .HalMeta={ 0x100000019 }
02-24 16:02:25.487 I/MtkCam/ppl_context(  651): [dump] <nodeId=0x15 (P2StreamNode) NO-INIT>
02-24 16:02:25.487 I/MtkCam/ppl_context(  651): [dump]     In: .AppImage={ } .HalImage={ 0x100000001 0x100000002 0x100000003 } .AppMeta={ 0x80000000 0x10000001c } .HalMeta={ 0x100000015 }
02-24 16:02:25.487 I/MtkCam/ppl_context(  651): [dump]    Out: .AppImage={ 0 0x2 } .HalImage={ 0x10000000d 0x10000000e 0x100000010 } .AppMeta={ 0x10000001f } .HalMeta={ 0x100000018 }
02-24 16:02:25.487 I/MtkCam/ppl_context(  651): [dump] <nodeId=0x16 (FDNode) NO-INIT>
02-24 16:02:25.487 I/MtkCam/ppl_context(  651): [dump]     In: .AppImage={ } .HalImage={ 0x100000010 } .AppMeta={ 0x80000000 } .HalMeta={ 0x100000018 }
02-24 16:02:25.487 I/MtkCam/ppl_context(  651): [dump]    Out: .AppImage={ } .HalImage={ } .AppMeta={ 0x100000021 } .HalMeta={ }
02-24 16:02:25.487 I/MtkCam/ppl_context(  651): [dump] <nodeId=0x23 (JpegNode) NO-INIT>
02-24 16:02:25.487 I/MtkCam/ppl_context(  651): [dump]     In: .AppImage={ } .HalImage={ 0x10000000d 0x10000000e } .AppMeta={ 0x80000000 } .HalMeta={ 0x100000018 0x100000019 }
02-24 16:02:25.487 I/MtkCam/ppl_context(  651): [dump]    Out: .AppImage={ 0x1 } .HalImage={ } .AppMeta={ 0x100000022 } .HalMeta={ }
02-24 16:02:25.487 I/MtkCam/ppl_context(  651): [dump] <image streams>
02-24 16:02:25.487 I/MtkCam/ppl_context(  651): [dump]     [IMAGE-APP-USER    ]0 1600x1200 OUT ImgFormat:0x32315659(YV12) BufPlanes(strides/sizeInBytes):[ 1600/1920000 800/480000 800/520800 ] startOffset:0 bufStep:0 t:0/r:0 maxBuffers:12 d/s:0x00000000(UNKNOWN) s0:d0:App:YV12:0|HW_TEXTURE|HW_COMPOSER AllocImgFormat:0x32315659(YV12) AllocBufPlanes(strides/sizeInBytes):[ 1600/1920000 800/480000 800/520800 ] Real:0x32315659(YV12) Request:0x22(IMPLEMENTATION_DEFINED) Override:0x32315659(YV12) Hal-Client-usage:0x900(0|HW_TEXTURE|HW_COMPOSER) Hal-usage:0x20033(0|SW_READ_OFTEN|SW_WRITE_OFTEN|HW_CAMERA_WRITE) HalStream::(consumer/producer)Usage:0/0x20033 0x7c6c78dc00 phy:-1
02-24 16:02:25.487 I/MtkCam/ppl_context(  651): [dump]     [IMAGE-APP-USER    ]0x1 3264x2448 OUT ImgFormat:0x2300(JPEG) BufPlanes(strides/sizeInBytes):[ 11985408/11985408 ] startOffset:0 bufStep:0 t:0/r:0 maxBuffers:6 d/s:0x08c20000(V0_JFIF|STANDARD_BT601_625|TRANSFER_SMPTE_170M|RANGE_FULL) s1:d0:App:BLOB:0|SW_READ_OFTEN AllocImgFormat:0x21(BLOB) AllocBufPlanes(strides/sizeInBytes):[ 11985408/11985408 ] Real:0x21(BLOB) Request:0x21(BLOB) Override:0x21(BLOB) Hal-Client-usage:0x3(0|SW_READ_OFTEN) Hal-usage:0x20033(0|SW_READ_OFTEN|SW_WRITE_OFTEN|HW_CAMERA_WRITE) HalStream::(consumer/producer)Usage:0/0x20033 0x7c6c78df00 phy:-1
02-24 16:02:25.487 I/MtkCam/ppl_context(  651): [dump]     [IMAGE-APP-USER    ]0x2 1600x1200 OUT ImgFormat:0x11(NV21) BufPlanes(strides/sizeInBytes):[ 1600/1945600 1600/1068224 ] startOffset:0 bufStep:0 t:0/r:0 maxBuffers:12 d/s:0x08c20000(V0_JFIF|STANDARD_BT601_625|TRANSFER_SMPTE_170M|RANGE_FULL) s2:d0:App:YCrCb_420_SP:0|SW_READ_OFTEN AllocImgFormat:0x11(NV21) AllocBufPlanes(strides/sizeInBytes):[ 1600/1945600 1600/1068224 ] Real:0x11(YCrCb_420_SP) Request:0x23(YCbCr_420_888) Override:0x23(YCbCr_420_888) Hal-Client-usage:0x3(0|SW_READ_OFTEN) Hal-usage:0x20033(0|SW_READ_OFTEN|SW_WRITE_OFTEN|HW_CAMERA_WRITE) HalStream::(consumer/producer)Usage:0/0x20033 0x7c46ae7400 phy:-1
02-24 16:02:25.487 I/MtkCam/ppl_context(  651): [dump]     [IMAGE-HAL-RUNTIME ]0x100000001 3264x2448 ImgFormat:0x2201(BAYER10) BufPlanes(strides/sizeInBytes):[ 4080/9987840 ] startOffset:0 bufStep:0 t:0 maxBufNum:13 minInitBufNum:0 Hal:Image:P1:Fullraw_main1 AllocImgFormat:0x21(BLOB) AllocBufPlanes(strides/sizeInBytes):[ 9987840/9987840 ] Private{exist?0 id:0}
02-24 16:02:25.487 I/MtkCam/ppl_context(  651): [dump]     [IMAGE-HAL-POOL    ]0x100000002 1600x1200 ImgFormat:0x2205(FG_BAYER10) BufPlanes(strides/sizeInBytes):[ 3008/3609600 ] startOffset:0 bufStep:0 t:0 maxBufNum:13 minInitBufNum:0 Hal:Image:P1:Resizeraw_main1 AllocImgFormat:0x2205(FG_BAYER10) AllocBufPlanes(strides/sizeInBytes):[ 3008/3609600 ] Private{exist?0 id:0}
02-24 16:02:25.487 I/MtkCam/ppl_context(  651): [dump]     [IMAGE-HAL-POOL    ]0x100000003  384x384  ImgFormat:0x2401(STA_2BYTE) BufPlanes(strides/sizeInBytes):[ 768/294912 ] startOffset:0 bufStep:0 t:0 maxBufNum:13 minInitBufNum:1 Hal:Image:STT_main1 AllocImgFormat:0x2401(STA_2BYTE) AllocBufPlanes(strides/sizeInBytes):[ 768/294912 ] Private{exist?0 id:0}
02-24 16:02:25.487 I/MtkCam/ppl_context(  651): [dump]     [IMAGE-HAL-RUNTIME ]0x10000000d 3264x2448 ImgFormat:0x11(NV21) BufPlanes(strides/sizeInBytes):[ 3264/7990272 3264/3995136 ] startOffset:0 bufStep:0 t:0 maxBufNum:6 minInitBufNum:0 Hal:Image:JpegYuv AllocImgFormat:0x11(NV21) AllocBufPlanes(strides/sizeInBytes):[ 3264/7990272 3264/3995136 ] Private{exist?0 id:0}
02-24 16:02:25.487 I/MtkCam/ppl_context(  651): [dump]     [IMAGE-HAL-RUNTIME ]0x10000000e   -1x-1   ImgFormat:0x14(YUY2) BufPlanes(strides/sizeInBytes):[ 0/0 ] startOffset:0 bufStep:0 t:0 maxBufNum:6 minInitBufNum:0 Hal:Image:ThumbnailYuv AllocImgFormat:0x14(YUY2) AllocBufPlanes(strides/sizeInBytes):[ 0/0 ] Private{exist?0 id:0}
02-24 16:02:25.487 I/MtkCam/ppl_context(  651): [dump]     [IMAGE-HAL-POOL    ]0x100000010  640x480  ImgFormat:0x14(YUY2) BufPlanes(strides/sizeInBytes):[ 1280/614400 ] startOffset:0 bufStep:0 t:0 maxBufNum:5 minInitBufNum:1 Hal:Image:FD AllocImgFormat:0x14(YUY2) AllocBufPlanes(strides/sizeInBytes):[ 1280/614400 ] Private{exist?0 id:0}
02-24 16:02:25.487 I/MtkCam/ppl_context(  651): [dump] <meta streams>
02-24 16:02:25.487 I/MtkCam/ppl_context(  651): [dump]     [META -APP-USER    ]0x80000000 maxBuffers:0 minInitBufNum:0 Meta:App:Control phy:0
02-24 16:02:25.487 I/MtkCam/ppl_context(  651): [dump]     [META -HAL-USER    ]0x100000012 maxBuffers:10 minInitBufNum:1 Hal:Meta:Control_main1 phy:-1
02-24 16:02:25.487 I/MtkCam/ppl_context(  651): [dump]     [META -HAL-USER    ]0x100000015 maxBuffers:10 minInitBufNum:1 Hal:Meta:P1:Dynamic_main1 phy:-1
02-24 16:02:25.487 I/MtkCam/ppl_context(  651): [dump]     [META -HAL-USER    ]0x100000018 maxBuffers:10 minInitBufNum:1 Hal:Meta:P2:Dynamic phy:-1
02-24 16:02:25.487 I/MtkCam/ppl_context(  651): [dump]     [META -HAL-USER    ]0x100000019 maxBuffers:10 minInitBufNum:1 Hal:Meta:P2C:Dynamic phy:-1
02-24 16:02:25.487 I/MtkCam/ppl_context(  651): [dump]     [META -APP-USER    ]0x10000001c maxBuffers:10 minInitBufNum:1 App:Meta:DynamicP1_main1 phy:-1
02-24 16:02:25.488 I/MtkCam/ppl_context(  651): [dump]     [META -APP-USER    ]0x10000001f maxBuffers:10 minInitBufNum:1 App:Meta:DynamicP2 phy:-1
02-24 16:02:25.488 I/MtkCam/ppl_context(  651): [dump]     [META -APP-USER    ]0x100000020 maxBuffers:10 minInitBufNum:1 App:Meta:DynamicP2Cap phy:-1
02-24 16:02:25.488 I/MtkCam/ppl_context(  651): [dump]     [META -APP-USER    ]0x100000021 maxBuffers:10 minInitBufNum:1 App:Meta:FD phy:-1
02-24 16:02:25.488 I/MtkCam/ppl_context(  651): [dump]     [META -APP-USER    ]0x100000022 maxBuffers:10 minInitBufNum:1 App:Meta:Jpeg phy:-1
02-24 16:02:25.488 I/MtkCam/ppl_context(  651): [dump] <InFlightList>
02-24 16:02:25.488 I/MtkCam/ppl_context(  651): [dump] <ReadyList>
02-24 16:02:25.488 I/MtkCam/ppl_context(  651): [dump] mInSelect(0) mPreOrderAmount(0) 
02-24 16:02:25.488 I/MtkCam/ppl_context(  651): [dump]  
02-24 16:02:25.488 I/MtkCam/ppl_context(  651): [dump] mConfigInitFrameCount=0
02-24 16:02:25.488 I/MtkCam/ppl_context(  651): [dump] mFrameCountQueued=0
02-24 16:02:25.488 I/MtkCam/ppl_context(  651): [dump] RequestNo:[-1,-1] (being) queued!
02-24 16:02:25.488 I/MtkCam/ppl_context(  651): [dump] RequestNo<=-1 (being) flushed! No flush
02-24 16:02:25.488 I/mtkcam-dev3(  651): [0-session::tryRunCommandLocked] Run command onConfigureStreamsLocked -
02-24 16:02:25.489 I/BufferQueueProducer(  482): [SurfaceView - host.exp.exponent/host.exp.exponent.experience.ExperienceActivity#0](this:0x76da0d4000,id:363,api:4,p:624,c:482) connect(P): api=4 producer=(624:/system/bin/cameraserver) producerControlledByApp=true
02-24 16:02:25.489 I/MtkCam/P2/StreamingNode(  651): [init] P2S cam 0: init lock +
02-24 16:02:25.489 I/MtkCam/P2/StreamingNode(  651): [init] P2S cam 0: init lock -
02-24 16:02:25.489 I/MtkCam/P2/DispatchProcessor(  651): [onInit]Enable Basic/Streaming (0/1)
02-24 16:02:25.490 E/cam_capibitiliy(  651): cam_capibitiliy[GetCapibility]ERR(  142):some query cmd(0x20000) is not supported. valid cmd(0x7100327f)
02-24 16:02:25.490 E/cam_capibitiliy(  651):  (GetCapibility){#142:vendor/mediatek/proprietary/hardware/mtkcam/drv/src/isp/mt6765/imageio/drv/cam/cam_capibility.cpp}
02-24 16:02:25.490 E/cam_capi(  651): cam_capi[GetCapibility]ERR(  287):user:NormalPipe query fail(module:0)
02-24 16:02:25.490 E/NormalPipe(  651): [query] some query op fail
02-24 16:02:25.490 E/NormalPipe(  651):  (query){#282:vendor/mediatek/proprietary/hardware/mtkcam/drv/src/isp/mt6765/iopipe/CamIO/NormalPipeModule.cpp}
02-24 16:02:25.490 I/BufferQueueProducer(28995): [ImageReader-3264x2448f100m4-28995-3](this:0x78cf805800,id:3,api:4,p:624,c:28995) connect(P): api=4 producer=(624:???) producerControlledByApp=false
02-24 16:02:25.490 I/MtkCam/JpegNode(  651): [waitJpegEncodeReqDone] mReqNewTriggerEncodeCond wait + 
02-24 16:02:25.490 I/MtkCam/P1NodeImp(  651): [check_config] [Cam::0] Cam::0 Param[N:m0,p1,c3,q0,t0,b0,a0,i0,r0,w1,v10001000_B:p1,b0,t1,h0,u0,e0,l1,r0,f0,d0,q0,c0,f0,v0,s0,LL0,SSC0,SE0,ST0,SB0x0,O:1] S(1,30,1,0,x1,3264x2448) R(0x2201-0-0,1-1-1,1-0x3) D(b0,t1,h0) E(e0,l1,r0,u0,d0,q0,c0,f0,s0) M(m0x0,p0x1,c0x3,q0,t0,b1,a1,u1,d1,r0,i0,v10001000) Dm(1) Rc(0x0) Sh(0x0) SenCfg(0,0,0) Pool(IMG0x0,RRZ0x0,LCS0x0,RSS0x0,YUV0x0,CRZ10x0,CRZ20x0) MetaInAPP_0:0x80000000 MetaInHAL_1:0x100000012 MetaOutAPP_2:0x10000001c MetaOutHAL_3:0x100000015 ImgOutIMG_4:0x100000001(3264x2448)[0x2201] ImgOutRRZ_6:0x100000002(1600x1200)[0x2205] ImgOutLCS_7:0x100000003(384x384)[0x2401] Meta(APP:0=0,HAL:0=0) RR(25) AA(0,0-3264x2448) TS(1) 
02-24 16:02:25.491 I/MtkCam/P1NodeUtility(  651): [wait] [Cam::0] StageCtrl waiting(0)
02-24 16:02:25.492 I/VHDRHal (  651): [Init]mSensorIdx(0), VhdrHalMode(0) init
02-24 16:02:25.492 I/VHDRHal (  651): [GetSensorStaticInfo]Sensor Static Info, previewW,H = 1632,1224
02-24 16:02:25.492 I/LCSHal  (  651): [Init]mSensorIdx(0)  init
02-24 16:02:25.492 I/MtkCam/StreamingPipe/Pipe(  651): [StreamingFeaturePipe]create pipe(0x7c06727900): SensorIndex=0 sensorNum(1) dualMode(0),UsageMode=2 EisMode=0x0 3DNRMode=0 DSDN(mode/m,d)=(0/1,2) tsq=0          StreamingSize=1600x1200 Out(max/phy/large/fd/video)=(4/0/1/640x480/0x0), secType=0
02-24 16:02:25.493 I/MtkCam/StreamingPipe/Pipe(  651): [prepareGeneralPipe]create & init DIPStream ++
02-24 16:02:25.493 I/DIPStream(  651): [createInstance]createInstance DIPStream_NormalStream
02-24 16:02:25.493 I/BufferQueueProducer(28995): [ImageReader-1600x1200f23m4-28995-4](this:0x78cf999000,id:4,api:4,p:624,c:28995) connect(P): api=4 producer=(624:???) producerControlledByApp=false
02-24 16:02:25.505 I/mtkcam-PipelineModelSession(  651): [submitRequest] <Default/0> requestNo:0 { repeating:0 control.aeTargetFpsRange:5,30 control.captureIntent:1 control.enableZsl:0 control.processRawEn:0 control.mode:1 control.sceneMode:0 control.videoStabilizationMode:0 edge.mode:1 }
02-24 16:02:25.506 I/mtkcam-FeatureSettingPolicy(  651): [collectDefaultSensorInfo] keep the first request config as default config
02-24 16:02:25.506 I/MtkCam/ppl_context(  651): [waitUntilConfigDone] sendFrame: wait for pipeline config done
02-24 16:02:25.516 I/MtkCam/StreamingPipe/Pipe(  651): [prepareGeneralPipe]create & init DIPStream --
02-24 16:02:25.516 I/MtkCam/StreamingPipe/TPI_MGR_Plugin(  651): [createSession]+ sensor(#1:main=0) mask=[0x0000400c00602020] size(raw:1600x1200 app:1600x1200) margin(1.000)
02-24 16:02:25.516 I/MtkCam/ppl_plugin(  651): [PipelinePlugin] Join: ctor(0x7c06b205b8)
02-24 16:02:25.516 I/MtkCam/ppl_plugin(  651): [getInstance] Join: create plugin(0x7c06b205b8), hash:0, uniqueKey:0
02-24 16:02:25.516 I/MtkCam/TPI_S_ASYNC(  651): [S_ASYNC_Plugin] create S_ASYNC plugin
02-24 16:02:25.516 I/MtkCam/TPI_S_META(  651): [S_META_Plugin] create S_META plugin
02-24 16:02:25.516 I/MtkCam/TPI_S_Disp(  651): [S_DISP_Plugin] create S_DISP plugin
02-24 16:02:25.516 I/MtkCam/TPI_S_EISQ(  651): [S_EISQ_Plugin] create S_EISQ plugin
02-24 16:02:25.516 I/MtkCam/TPI_S_FB(  651): [S_FB_Plugin] create S_FB plugin
02-24 16:02:25.516 I/MtkCam/TPI_S_Green(  651): [S_GREEN_Plugin] create S_GREEN plugin
02-24 16:02:25.517 W/StereoSettingProvider(  651): [getStereoSensorIndex] WRN(  196):Cannot get sensor index by logical device ID 0, return 0, 1
02-24 16:02:25.517 I/MtkCam/StreamingPipe/TPI_MGR_Plugin(  651): [createPluginSession]negotiate[ID:1]+ [0x0000000000200000][MTK ASYNC ASD] match=1 isDualPlugin=0
02-24 16:02:25.517 I/MtkCam/StreamingPipe/TPI_MGR_Plugin(  651): [createPluginSession]negotiate[ID:1]- name=[MTK ASYNC ASD] match=1 run=0
02-24 16:02:25.517 I/MtkCam/StreamingPipe/TPI_MGR_Plugin(  651): [createPluginSession]negotiate[ID:2]+ [0x0000000000200000][MTK META only] match=1 isDualPlugin=0
02-24 16:02:25.517 I/MtkCam/StreamingPipe/TPI_MGR_Plugin(  651): [createPluginSession]negotiate[ID:2]- name=[MTK META only] match=1 run=0
02-24 16:02:25.517 I/MtkCam/StreamingPipe/TPI_MGR_Plugin(  651): [createPluginSession]negotiate[ID:3]+ [0x0000000000000020][MTK DISP] match=1 isDualPlugin=0
02-24 16:02:25.517 I/MtkCam/StreamingPipe/TPI_MGR_Plugin(  651): [createPluginSession]negotiate[ID:3]- name=[MTK DISP] match=1 run=0
02-24 16:02:25.517 I/MtkCam/StreamingPipe/TPI_MGR_Plugin(  651): [createPluginSession]negotiate[ID:4]+ [0x0000000000002000][MTK EISQ] match=1 isDualPlugin=0
02-24 16:02:25.517 I/MtkCam/TPI_S_EISQ(  651): [getConfigSetting] max out size(1600x1200)
02-24 16:02:25.517 I/MtkCam/StreamingPipe/TPI_MGR_Plugin(  651): [createPluginSession]negotiate[ID:4]- name=[MTK EISQ] match=1 run=0
02-24 16:02:25.517 I/MtkCam/StreamingPipe/TPI_MGR_Plugin(  651): [createPluginSession]negotiate[ID:5]+ [0x0000000000000020][MTK FB] match=1 isDualPlugin=0
02-24 16:02:25.517 I/MtkCam/TPI_S_FB(  651): [getConfigSetting] max out size(1600x1200), StreamingSize (1600x1200), AllSensorSize is 1, first sensor is 0, Timestamp: 155304626573563
02-24 16:02:25.517 I/MtkCam/StreamingPipe/TPI_MGR_Plugin(  651): [createPluginSession]negotiate[ID:5]- name=[MTK FB] match=1 run=0
02-24 16:02:25.517 I/MtkCam/StreamingPipe/TPI_MGR_Plugin(  651): [createPluginSession]negotiate[ID:6]+ [0x0000000000000020][MTK GREEN] match=1 isDualPlugin=0
02-24 16:02:25.517 I/MtkCam/StreamingPipe/TPI_MGR_Plugin(  651): [createPluginSession]negotiate[ID:6]- name=[MTK GREEN] match=1 run=0
02-24 16:02:25.517 I/MtkCam/StreamingPipe/TPI_MGR_Plugin(  651): [createPluginSession]negotiate[ID:7]+ [0x0000000000010000][MTK TK_3rdPartyPlugin] match=0 isDualPlugin=1
02-24 16:02:25.517 I/MtkCam/StreamingPipe/TPI_MGR_Plugin(  651): [createPluginSession]negotiate[ID:7]- name=[MTK TK_3rdPartyPlugin] match=0 run=0
02-24 16:02:25.517 I/MtkCam/StreamingPipe/TPI_MGR_Plugin(  651): [createSession]- ret=1
02-24 16:02:25.517 I/MtkCam/StreamingPipe/PipeUsage(  651): [config]config usage : mSuppoRtSharedInput(1)
02-24 16:02:25.517 I/MtkCam/StreamingPipe/EISQControl(  651): [init]useQ=0 tsQ=0 pSize=1 qSize=0
02-24 16:02:25.517 I/MtkCam/StreamingPipe/Pipe(  651): [onInit]+
02-24 16:02:25.517 I/MtkCam/StreamingPipe/Pipe(  651): [onInit]-
02-24 16:02:25.517 I/MtkCam/StreamingPipe/Node(  651): [enableDumpMask]fpipe.p2a current dumpMask(0xffff) prop(vendor.debug.mask.fpipe.p2a)
02-24 16:02:25.517 I/MtkCam/StreamingPipe/Node(  651): [enableDumpMask]fpipe.p2amdp current dumpMask(0x0) prop(vendor.debug.mask.fpipe.p2amdp)
02-24 16:02:25.520 I/MtkCam/P2/P2DumpPlugin(  651): [P2DumpPlugin]mode/start/count(0/0/0) mask: in/out(0x0/0x0)
02-24 16:02:25.520 I/MtkCam/P2/StreamingProcessor(  651): [needReConfig] P2S cam 0: re-config=0, EISMode(0=>0), EISFactor(100=>100), Size(1600x1200=>1600x1200)
02-24 16:02:25.521 I/MtkCam/P2/CaptureProcessor(  651): [onInit] P2C cam 0: (0x7c6c790f70) uniqueKey:150225476
02-24 16:02:25.521 I/MtkCam/P2/CaptureProcessor(  651): [onInit] P2C cam 0: create captureFeaturePipe, isDualCam:0, sensor count:1
02-24 16:02:25.521 I/MtkCam/P2/CaptureProcessor(  651): [onInit] P2C cam 0: supportSceneroiFeatures:0x1020c40f5 dualMode:0
02-24 16:02:25.521 I/MtkCam/CapturePipe/RAWNode(  651): [RAWNode](0x7c46a7e000) ctor
02-24 16:02:25.521 I/MtkCam/CapturePipe/MultiFrameNode(  651): [MultiFrameNode](0x7c46a7e500) ctor
02-24 16:02:25.521 I/MtkCam/CapturePipe/YUVNode(  651): [YUVNode](0x7c46a7ea00) ctor
02-24 16:02:25.521 I/MtkCam/CapturePipe/RAWNode(  651): [onInit](0x7c46a7e000) uniqueKey:150225476
02-24 16:02:25.522 I/MtkCam/CapturePipe/MultiFrameNode(  651): [onInit](0x7c46a7e500) uniqueKey:150225476
02-24 16:02:25.522 I/MtkCam/CapturePipe/YUVNode(  651): [onInit](0x7c46a7ea00)(9) uniqueKey:150225476
02-24 16:02:25.522 I/Drv/HWsync(  651): Drv/HWsync[sendCommand] mSensorIdxList.size(1)
02-24 16:02:25.522 W/Drv/HWsync(  651): Drv/HWsync[sendCommand] WARNING: NO FrameTimeDelayFrame from sensor_dev:1, set to 1
02-24 16:02:25.522 I/Drv/HWsync(  651): Drv/HWsync[calCurrentFps] idx(0) pclk(280000000),period(3688,3041), fps(249)
02-24 16:02:25.522 I/Drv/HWsync(  651): Drv/HWsync[sendCommand] dev(0x1),scen(1) cFps(249), userFps(300), frmTimeDelay(1), hwsync_idx(0)
02-24 16:02:25.526 I/CcuMgr  (  651): [createInstance] + User: 3AHal
02-24 16:02:25.526 I/CcuMgr  (  651): [createInstance] CcuMgr User Cnt: 1
02-24 16:02:25.526 I/CcuMgr  (  651): [ccuInit] +
02-24 16:02:25.527 I/CcuMgr  (  651): [ccuInit] -
02-24 16:02:25.530 E/ccuaee  (  651): [vendor/mediatek/proprietary/hardware/libcamera_ext/ccu/mt6765/ver1/drv/src/drv/../util/ccu_aee_mgr.cpp, CcuAeeMgrDlInit, line0053] ERROR: dlopen LIB_AED failed.
02-24 16:02:25.534 I/VHDRHal (  651): [ConfigVHdr]setAETargetMode 0
02-24 16:02:25.534 I/MtkCam/P1NodeUtility(  651): [done] [Cam::0] StageCtrl signal(0)
02-24 16:02:25.534 I/MtkCam/P1NodeUtility(  651): [wait] [Cam::0] StageCtrl wait(0) OK
02-24 16:02:25.534 I/FlashMgrM(  651): setManualExposureTime(): manualExp(0).
02-24 16:02:25.534 I/FlashMgrM(  651): setManualSensitivity(): ISO(0)
02-24 16:02:25.534 I/FlickerHal(  651): setFlickerMode(): mode change(3->0).
02-24 16:02:25.534 I/af_mgr_v3(  651): [getPdInfoForSttCtrl] SensorMode(1), PDAF_Support(0), bSensorModeSupportPDAF(0), Info for 3A framework to Cfg sttPipe :PDAFStatus(0), PDOSzW(0 PIXELS), PDOSzH(0)
02-24 16:02:25.535 I/CcuMgr  (  651): [createInstance] CcuMgr User Cnt: 2
02-24 16:02:25.535 I/CcuMgr  (  651): [destroyInstance] +
02-24 16:02:25.535 I/CcuMgr  (  651): [_destroyCcuMgr] CcuMgr User Cnt: 1
02-24 16:02:25.535 I/CcuMgr  (  651): [destroyInstance] -
02-24 16:02:25.535 I/af_mgr_v3(  651): [getAFMaxAreaNum] (1)
02-24 16:02:25.535 I/isp_mgr_af_stat(  651): [isCCUSupport] (0) Dev(1) Idx(0) 
02-24 16:02:25.535 I/isp_mgr_af_stat(  651): [isCCUSupport] Enable CCU_AF(0)
02-24 16:02:25.535 I/ICcuCtrlAe(  651): [ccuCtrlPreprocess_SensorInit] Sensor Type: 0
02-24 16:02:25.535 W/MtkCam/ImgBuf(  651): [IonHeap::onCreate] IonHeap@ Bad stride at 0-th plane: heapStridesInBytes(3008) -> (1604.266724)(pixels) -> StridesInBytes(3007)
02-24 16:02:25.536 I/af_mgr_v3(  651): cmd-setSensorMode Dev 1, Mode 1, BINSZ(3264, 2448)
02-24 16:02:25.537 I/isp_mgr_af_stat(  651): [isCCUSupport] (0) Dev(1) Idx(0) 
02-24 16:02:25.538 I/isp_mgr_af_stat(  651): [isCCUSupport] Enable CCU_AF(0)
02-24 16:02:25.538 I/afo_buf_mgr(  651): [AFOBufMgrImp] IsCCUSupport(0)
02-24 16:02:25.538 I/afo_buf_mgr(  651): [AFOBufMgrImp] SensorDev(1) -
02-24 16:02:25.538 I/FLKOBufMgr(  651): FLKOBufMgr(): Expo type = FLK_SENSOR_TYPE_NORMAL
02-24 16:02:25.538 I/af_mgr_v3(  651): #(  107,  105) setCamScenarioMode 0 -> 2
02-24 16:02:25.538 I/af_mgr_v3(  651): #(  107,  105) setCamScenarioMode NVRAM is not initialized, update m_eCamScenarioMode only, no need update to algo
02-24 16:02:25.538 I/af_mgr_v3(  651): AF-Start          : + Dev 1
02-24 16:02:25.538 I/af_mgr_v3(  651): AF-Start          : Dev(0x0001), set CurAFMode to EDOF to enable LaunchCamTrigger
02-24 16:02:25.538 I/af_mgr_v3(  651): AF-Start          : Dev(0x0001), PixId (1)(0:B, 1:GB, 2:GR, 3:R), SensorID (0x487f), ModuleId (0x0000), LensId (0x9768), EnableAF (1), IsAFSupport(1), PD_Support(0)
02-24 16:02:25.538 W/nvbuf_util.cpp(  651): [getInstance:398] getInstance, bInit(1)
02-24 16:02:25.539 W/nvbuf_util.cpp(  651): [getBufAndReadNoLock:684] ramId(3), sensorDev(1), p(0x0), bForceRead(0) +
02-24 16:02:25.539 I/af_mgr_v3(  651): AF-Start          : Dev(0x0001), Scenario Mode(2), NVRAM File Path vendor/mediatek/proprietary/custom/mt6765/hal/lens/gt9768q1af/lens_para_GT9768Q1AF_cap.cpp
02-24 16:02:25.539 I/af_mgr_v3(  651): AF-Start          : Dev(0x0001), ParamInfo : CamScenarioMode(2), [nvram] ver(1), Sz(225280, 4, 8, 10216, 2592, 4104, 208356),Normal Num(22) Macro Num(22) Normal min step(4) Macro min step(4)
02-24 16:02:25.539 I/af_mgr_v3(  651): AF-Start          : Dev(0x0001), needCheckSendCallback 1, CallbackInfo.Targets: PDCL 100, FPS 0, ISO 0
02-24 16:02:25.539 I/af_mgr_v3(  651): AF-Start          : Dev(0x0001), TGSZ: W 3264, H 2448, BINSZ: W 3264, H 2448
02-24 16:02:25.539 I/af_mgr_v3(  651): AF-Start          : Dev(0x0001), [AFParam] AFS_MODE(1), AFC_MODE(1), VAFC_MODE(2), TBLL(9), [DefAFConfig] AF_EXT_ENABLE(1)
02-24 16:02:25.539 I/af_mgr_v3(  651): AF-SDAF_Start     : default data [af_dac_inf]296 [af_dac_marco]456 [af_dac_min]296 [af_dac_max]456 [af_distance_inf]0 [af_distance_marco]0
02-24 16:02:25.539 I/af_mgr_v3(  651): AF-Start          : Dev(0x0001), PDAF flow is not enabled PDAF support type(0->0)
02-24 16:02:25.539 I/af_mgr_v3(  651): AF-Start          : Dev(0x0001), PD Flow (0), SensorMode(1), PDAF_Support_Type(0), SensorModeSupportPDAF(0), PDPipeCtrl(0), ImgSz(3264, 2448), FullSz(3264, 2448), IsZSD 1, AETargetMode(0)
02-24 16:02:25.539 I/af_mgr_v3(  651): #(    0,    0) SetCropRegionInfo (x,y,w,h)=(0, 0, 3264, 2448), dzX(100), dzY(100), Fac(100)
02-24 16:02:25.539 I/af_mgr_v3(  651): UpdateCenterROI 37 38 37 39 18 24 - scale 18 24
02-24 16:02:25.539 I/af_mgr_v3(  651): ROI-C [X]1338 [Y]930 [W]587 [H]587
02-24 16:02:25.539 I/AfAlgoC (  651): [initAF] version .4 9461004 9461004 8225007 8362002 8042003, param 20210115
02-24 16:02:25.540 I/af_mgr_v3(  651): AF-IspMgrAFStatStart: ReadOutTimePerLine(13171), P1DoneTime(32242)
02-24 16:02:25.540 I/isp_mgr_af_stat(  651): [start] Support AF
02-24 16:02:25.540 I/isp_mgr_af_stat(  651): [start] SensorDev(1) SensorIdx(0) -
02-24 16:02:25.540 I/isp_mgr_af_stat(  651): sendAFConfigCtrl : ReadOutTimePerLine(13171), P1ReadOutTime(32242)
02-24 16:02:25.540 I/af_mgr_v3(  651): AF-Start          : -
02-24 16:02:25.542 W/nvbuf_util.cpp(  651): [getInstance:398] getInstance, bInit(1)
02-24 16:02:25.542 W/nvbuf_util.cpp(  651): [getBufAndReadNoLock:684] ramId(1), sensorDev(1), p(0x7c6c760ac0), bForceRead(0) +
02-24 16:02:25.542 W/nvbuf_util.cpp(  651): [getInstance:398] getInstance, bInit(1)
02-24 16:02:25.542 W/nvbuf_util.cpp(  651): [getBufAndReadNoLock:684] ramId(12), sensorDev(1), p(0x7c6ace4900), bForceRead(0) +
02-24 16:02:25.542 I/FlashMgrM(  651): setBitMode(): mode(1).
02-24 16:02:25.542 I/StrobeDrvFlashlight(  651): setCharger(): ready(1).
02-24 16:02:25.542 I/StrobeDrvFlashlightFops(  651): ioctl failed: type/ct (1,1) Not a typewriter
02-24 16:02:25.542 I/StrobeDrvFlashlight(  651): setCharger(): time(155304850).
02-24 16:02:25.542 I/FlashHal(  651): setInCharge(): sensorDev(1), inCharge(1).
02-24 16:02:25.542 I/FlashMgrM(  651): setInCharge(): sensorDev(1), inCharge(1).
02-24 16:02:25.542 I/FlickerPlatformAdapter(  651): setWindowInfo(): sensorDev(1) sensorId(0) tg(1) tgImg(1632,2448) configImg(1629,2423) offset(0,20) win(542,806) dma(14508)
02-24 16:02:25.542 I/FlickerHal(  651): setWindowInfo():flkHwInfo(1)
02-24 16:02:25.542 I/aaa_common_custom.cpp(  651): [cust_initSpecialLongExpOnOff] g_bIsSpecialLongExpOn(0) AEEffectiveFrame(0)
02-24 16:02:25.542 I/LCSHal  (  651): [GetSensorInfo]Sensor Static Info, previewW,H = 1632,1224,
02-24 16:02:25.543 W/aaa_hal_sttCtrl(  651): [startStt] SensorDev = 1, m_i4SttPortEnable = 15 
02-24 16:02:25.545 I/isp_mgr_af_stat(  651): HW : CAM_AFO_XSIZE(0x480) CAM_AFO_YSIZE(0x24) CAM_AF_SIZE(0xcc0)
02-24 16:02:25.546 I/isp_mgr_af_stat(  651): HW : CAM_AF_CON(0x701731) CAM_AF_VLD(0x3a6053e) CAM_AF_BLK_0(0x100010) CAM_AF_BLK_1(0x240024)
02-24 16:02:25.546 I/isp_mgr_af_stat(  651): HW : CAM_AF_TH_0(0x10001) CAM_AF_TH_1(0xf0f0f001) CAM_AF_TH_2(0xe6e6e6e6)
02-24 16:02:25.546 I/isp_mgr_af_stat(  651): HW : CAM_SGG1_PGN(0x10) CAM_SGG1_GMRC_1(0x3f2c1f15) CAM_SGG1_GMRC_2(0xb57f59)
02-24 16:02:25.546 I/isp_mgr_af_stat(  651): HW : CAM_SGG5_PGN(0x10) CAM_SGG5_GMRC_1(0x10080402) CAM_SGG5_GMRC_2(0x804020)
02-24 16:02:25.546 I/isp_mgr_af_stat(  651): HW : CAM_AF_FLT_1(0x242b240f) CAM_AF_FLT_2(0x20a16) CAM_AF_FLT_3(0x0) CAM_AF_FLT_4(0x242b240f)
02-24 16:02:25.546 I/isp_mgr_af_stat(  651): HW : CAM_AF_FLT_5(0x20a16) CAM_AF_FLT_6(0x0) CAM_AF_FLT_7(0x1000100) CAM_AF_FLT_8(0x7000700)
02-24 16:02:25.546 I/isp_mgr_af_stat(  651): HW-ConfigUpdate Config(0)
02-24 16:02:25.546 W/TuningMgr(  651): TuningMgr[updateEngine] WARNING: [temp log] AF enable(1_0xa0000_0x800068)
02-24 16:02:25.546 I/isp_mgr_af_stat(  651): HW-apply Magic(1) , Config(0)
02-24 16:02:25.547 I/af_mgr_v3(  651): AF-AFThreadStart  : + Dev 1
02-24 16:02:25.547 I/af_mgr_v3(  651): Read (3) calibration data from EEPROM by camcal
02-24 16:02:25.547 I/FlickerHal(  651): start(): begin. m_sensorDev(1)
02-24 16:02:25.547 I/CamCalCamCal_s5k4h7yx(  651): ver1210~ S5K4H7YX_CAM_CALGetCalData, 1140: sensorID=487f deviceID=1
02-24 16:02:25.547 I/FlickerHal(  651): attach(): isAttach(1), count(1/1). m_sensorDev(1)
02-24 16:02:25.548 E/WifiVendorHal(  821): getWifiLinkLayerStats_1_3_Internal(l.927) failed {.code = ERROR_NOT_SUPPORTED, .description = }
02-24 16:02:25.549 I/FlickerHal(  651): init_algo(): sensorDev(1) sensorIdx(0) sensorMode(2) sensorType(0) initFreq(50) ratio(1) clkFreq(280000000) pixelsInLine(3688) imgH(2423) winH(806) winW(542) mUsers(1) period(1 ms)
02-24 16:02:25.549 I/FlashMgrM(  651): getFlashMode(): mode(2).
02-24 16:02:25.549 W/TaskMgr (  651): [sendEvent] TaskEvent:PreivewStart
02-24 16:02:25.549 W/TaskMgr (  651): [sendEvent] Create Task(0), overridePriority(-1)
02-24 16:02:25.549 W/TaskMgr (  651): [sendEvent] Create Task(7), overridePriority(-1)
02-24 16:02:25.549 I/CamCalCamCal_s5k4h7yx(  651): ver1210~ S5K4H7YX_DoCamCal2AGain, 455: S5K4H7YX_DoCamCal2AGain is enter..BlockSize=14 SensorID=487f
02-24 16:02:25.549 I/MtkCam/P1NodeUtility(  651): [wait] [Cam::0] StageCtrl wait(1) OK
02-24 16:02:25.550 W/Hal3Av3 (  651): [send3ACtrl] pMetaResult is NULL
02-24 16:02:25.550 E/CamCalCamCal_s5k4h7yx(  651): ver1210~Err: S5K4H7YX_DoCamCal2AGain,   489: ===s5k4h7yx awb checksum passs===
02-24 16:02:25.551 I/CamCalCamCal_s5k4h7yx(  651): ver1210~ S5K4H7YX_DoCamCal2AGain, 576: s5k4h7yx [CalGain] = 0x940185028402a801
02-24 16:02:25.551 I/CamCalCamCal_s5k4h7yx(  651): ver1210~ S5K4H7YX_DoCamCal2AGain, 577: s5k4h7yx [FacGain] = 0xaf01a502a402ba01
02-24 16:02:25.551 I/CamCalCamCal_s5k4h7yx(  651): ver1210~ S5K4H7YX_DoCamCal2AGain, 581: s5k4h7yx [UnitGain] R=779 G=512 B=817
02-24 16:02:25.551 I/CamCalCamCal_s5k4h7yx(  651): ver1210~ S5K4H7YX_DoCamCal2AGain, 585: s5k4h7yx [GoldenGain] R=784 G=512 B=804
02-24 16:02:25.551 I/MtkCam/P1NodeImp(  651): [hardwareOps_start] [Cam::0] End - Cam::0 Sensor(3264x2448)(32243657ns) Raw(1,0x3)-Proc(3264x2448)-Pure(3264x2448) Bin(3264x2448) BinEn=0 TG(0:0) DTwin(1@0)=0 LSM(1) QLV(2) Ratio(25) SensorCfg(T:0 i:0 3264x2448 s:1 b:0 c:1, h:0 f:30 t:0 d:0) ConfigPort[3]:(0xb) InitParam[R:0 B:10 D:1 Nd:0 Ul:0 Pb:1 Rc:x3 Dt:0 Iq:2 F(DataPattern:x0 OffBin:x1 SensorNum:x0 RAW:x10)]AE(Ep:40004 Afe:2432 Ep_se:0 Afe_se:0 Ep_me:0 Afe_me:0 Ep_vse:0 Afe_vse:0)
02-24 16:02:25.551 I/MtkCam/ppl_context(  651): [waitUntilConfigDone] sendFrame: pipeline config done - err:0
02-24 16:02:25.552 E/CamCalCamCal_s5k4h7yx(  651): ver1210~Err: S5K4H7YX_DoCamCal2AGain,   601: ===s5k4h7yx af checksum passs===
02-24 16:02:25.552 I/FlashMgrM(  651): setManualExposureTime(): manualExp(10000).
02-24 16:02:25.552 I/FlashMgrM(  651): setManualSensitivity(): ISO(100)
02-24 16:02:25.552 I/FlashHal(  651): setSubFlashCustomization(): enable(0).
02-24 16:02:25.552 I/FlashHal(  651): setTorchLevel(): level(1).
02-24 16:02:25.552 I/StrobeDrvFlashlight(  651): setDuty(): duty(6).
02-24 16:02:25.552 I/FlickerHal(  651): setFlickerMode(): mode change(0->3).
02-24 16:02:25.552 I/CamCalCamCal_s5k4h7yx(  651): ver1210~ S5K4H7YX_DoCamCal2AGain, 639: s5k4h7yx [AF]2 AFInf=0x5440 AFMacro=0x7080,send to base AFInf=337,AFMacro=450
02-24 16:02:25.552 I/af_mgr_v3(  651): Middle OTP adjust:337 NVRAM:0 INF:337 Mac:450
02-24 16:02:25.552 I/af_mgr_v3(  651): AF-readOTP        : calibrated data [af_dac_inf]337 [af_dac_marco]450 [af_dac_min]304 [af_dac_max]477 [af_distance_inf]0 [af_distance_marco]0
02-24 16:02:25.552 I/af_mgr_v3(  651): readOTP : [Inf]337 [Macro]450 [50cm]0 [InitPos]337
02-24 16:02:25.552 I/af_mgr_v3(  651): AF-AFThreadStart  : initMCU + Dev 1, moveMCU 337
02-24 16:02:25.552 I/af_mgr_v3(  651): AF-AFThreadStart  : initMCU -
02-24 16:02:25.552 I/af_mgr_v3(  651): AF-AFThreadStart  : -
02-24 16:02:25.573 I/af_mgr_v3(  651): #(    2,    0) cmd-setAFMode Dev(1):ctl_afmode(4)
02-24 16:02:25.574 I/af_mgr_v3(  651): #(    2,    0) cmd-setAFMode Dev(1):lib_afmode 0->2
02-24 16:02:25.574 I/af_mgr_v3(  651): #(    2,    0) UpdateState Dev(1) EVENT_CMD_CHANGE_MODE
02-24 16:02:25.574 I/af_mgr_v3(  651): [UpdateStateContinuousMode] LaunchCamTrigger, LockAlgo for waiting (AEStable or PDValid) + FDinfo
02-24 16:02:25.574 I/af_mgr_v3(  651): #(    2,    0) LockAlgo Dev(1): Lock(1), Pause(0)
02-24 16:02:25.574 I/af_mgr_v3(  651): LockAlgo
02-24 16:02:25.574 I/af_mgr_v3(  651): #(    2,    0) UpdateState  Dev(1) : 0->6
02-24 16:02:25.574 I/af_mgr_v3(  651): cmd-getAFState Dev 1 : 0->6
02-24 16:02:25.574 I/isp_mgr_af_stat(  651): HW-Rdy (0) - (0)
02-24 16:02:25.574 I/af_mgr_v3(  651): #(    2,    1) MoveLensTo Dev(1) DAC(337)
02-24 16:02:25.586 I/FlickerHal(  651): update(): skip, not enough frame(1).
02-24 16:02:25.593 E/aao_buf_mgr(  651): [updateInfo]  pAEResult is NULL 
02-24 16:02:25.593 E/aao_buf_mgr(  651):  (updateInfo){#602:vendor/mediatek/proprietary/hardware/mtkcam/aaa/source/mt6765/buf_mgr/AAOBufMgr.cpp}
02-24 16:02:25.593 E/aao_buf_mgr(  651): [updateInfo] Failed to get FLASHResult for MagicNum(1)
02-24 16:02:25.593 E/aao_buf_mgr(  651):  (updateInfo){#610:vendor/mediatek/proprietary/hardware/mtkcam/aaa/source/mt6765/buf_mgr/AAOBufMgr.cpp}
02-24 16:02:25.593 W/ResultPool(  651): [getAllResult]- Index is illegal value(-1)
02-24 16:02:25.598 W/TuningMgr(  651): TuningMgr[updateEngine] WARNING: [temp log] AF enable(1_0x100e02e0_0x808001e8)
02-24 16:02:25.614 I/isp_mgr_af_stat(  651): HW-Rdy (0) - (0)
02-24 16:02:25.626 I/FlickerHal(  651): update(): skip, not enough frame(2).
02-24 16:02:25.634 E/aao_buf_mgr(  651): [updateInfo]  pAEResult is NULL 
02-24 16:02:25.634 E/aao_buf_mgr(  651):  (updateInfo){#602:vendor/mediatek/proprietary/hardware/mtkcam/aaa/source/mt6765/buf_mgr/AAOBufMgr.cpp}
02-24 16:02:25.634 E/aao_buf_mgr(  651): [updateInfo] Failed to get FLASHResult for MagicNum(1)
02-24 16:02:25.634 E/aao_buf_mgr(  651):  (updateInfo){#610:vendor/mediatek/proprietary/hardware/mtkcam/aaa/source/mt6765/buf_mgr/AAOBufMgr.cpp}
02-24 16:02:25.634 W/ResultPool(  651): [getAllResult]- Index is illegal value(-1)
02-24 16:02:25.636 W/TuningMgr(  651): TuningMgr[updateEngine] WARNING: [temp log] AF enable(1_0x100e02e0_0x808001e8)
02-24 16:02:25.654 I/isp_mgr_af_stat(  651): HW-Rdy (0) - (0)
02-24 16:02:25.714 E/aao_buf_mgr(  651): [updateInfo]  pAEResult is NULL 
02-24 16:02:25.714 E/aao_buf_mgr(  651):  (updateInfo){#602:vendor/mediatek/proprietary/hardware/mtkcam/aaa/source/mt6765/buf_mgr/AAOBufMgr.cpp}
02-24 16:02:25.714 E/aao_buf_mgr(  651): [updateInfo] Failed to get FLASHResult for MagicNum(1)
02-24 16:02:25.714 E/aao_buf_mgr(  651):  (updateInfo){#610:vendor/mediatek/proprietary/hardware/mtkcam/aaa/source/mt6765/buf_mgr/AAOBufMgr.cpp}
02-24 16:02:25.714 W/ResultPool(  651): [getAllResult]- Index is illegal value(-1)
02-24 16:02:25.717 W/TuningMgr(  651): TuningMgr[updateEngine] WARNING: [temp log] AF enable(1_0x100e02e0_0x808001e8)
02-24 16:02:25.746 I/FlickerHal(  651): analyzeFlickerFrequency(): skip, exp is too long(79994).
02-24 16:02:25.772 W/hwcomposer(  457): [OVL] (0) No overlay input queue(0)  
02-24 16:02:25.772 I/hwcomposer(  457): [DBQ] (q2:0x7d54ab9c00) Buffer queue is created with size(3)  
02-24 16:02:25.772 I/hwcomposer(  457): [DBQ] (q2:0x7d54ab9c00) setConsumerListener  
02-24 16:02:25.772 I/hwcomposer(  457): [DBQ] (q2:0x7d54ab9c00) Reallocate Slot(0), pool(0 -> 0) size(0 -> 4608000)  
02-24 16:02:25.796 W/TuningMgr(  651): TuningMgr[updateEngine] WARNING: [temp log] AF enable(1_0x100e02e0_0x808001e8)
02-24 16:02:25.853 I/hwcomposer(  457): [DBQ] (q2:0x7d54ab9c00) Reallocate Slot(1), pool(0 -> 0) size(0 -> 4608000)  
02-24 16:02:25.876 W/TuningMgr(  651): TuningMgr[updateEngine] WARNING: [temp log] AF enable(1_0x100e02e0_0x808001e8)
02-24 16:02:25.894 I/af_mgr_v3(  651): #(    6,    4) UpdateStateContinuousMode Dev(1) LaunchCamTrigger EVENT_AE_IS_STABLE(6) - BUT NOT TRIGGER YET
02-24 16:02:25.936 I/hwcomposer(  457): [HWCDisplay] [Display_0 (type:1)] fps:33.430870,dur:1046.94,max:283.76,min:11.20  
02-24 16:02:25.936 I/hwcomposer(  457): [DBQ] (q2:0x7d54ab9c00) Reallocate Slot(2), pool(0 -> 0) size(0 -> 4608000)  
02-24 16:02:25.956 W/TuningMgr(  651): TuningMgr[updateEngine] WARNING: [temp log] AF enable(1_0x100e02e0_0x808001e8)
02-24 16:02:26.036 I/chatty  (  651): uid=1047(cameraserver) /vendor/bin/hw/camerahalserver identical 1 line
02-24 16:02:26.116 W/TuningMgr(  651): TuningMgr[updateEngine] WARNING: [temp log] AF enable(1_0x100e02e0_0x808001e8)
02-24 16:02:26.134 I/af_mgr_v3(  651): #(    9,    7) UpdateStateContinuousMode Dev(1) LaunchCamTrigger EVENT_AE_IS_STABLE(6 + 3) - UnlockAlgo + TRIGGERAF lib_afmode(2)
02-24 16:02:26.134 I/af_mgr_v3(  651): #(    9,    7) UnlockAlgo Dev(1): Lock(0), Pause(0)
02-24 16:02:26.134 I/af_mgr_v3(  651): UnlockAlgo
02-24 16:02:26.134 I/af_mgr_v3(  651): Force trigger searching [NeedLock(0) LatchROI(0) isAFSearch(0)]
02-24 16:02:26.134 I/af_mgr_v3(  651): #(    9,    7) doAF Dev(1) isAFSearch changed : 0 -> 4
02-24 16:02:26.134 I/af_mgr_v3(  651): #(    9,    7) doAF Dev(1) checkSendCallback: m_bNeedSendCallback(0), AfterAutoMode(0), Searching(4), PDCL(0, 101), ISO(2800, 0), FPS(12, 0)
02-24 16:02:26.134 I/af_mgr_v3(  651): #(    9,    7) doAF Dev(1): [Status] IsAFSearch(0->4), IsSelHWROI(0->1), ROISel(4), Event(0x100)
02-24 16:02:26.196 W/TuningMgr(  651): TuningMgr[updateEngine] WARNING: [temp log] AF enable(1_0x100e02e0_0x808001e8)
02-24 16:02:26.214 I/af_mgr_v3(  651): #(   10,    8) SelROIToFocusing Dev(1) latch(0) type(4) sel(4) issel(1) ROI(X,Y,W,H) : Center(1338, 930, 587, 587), AP(1338, 930, 587, 587), OT(1338, 930, 587, 587), HW(1342, 934, 576, 576)
02-24 16:02:26.214 I/af_mgr_v3(  651): #(   10,    8) SelROIToFocusing [SEL] 4 (X,Y,W,H)=(1338, 930, 587, 587)
02-24 16:02:26.214 I/af_mgr_v3(  651): #(   10,    8) doAF Dev(1): [Status] IsAFSearch(4->4), IsSelHWROI(1->0), ROISel(4), Event(0x100)
02-24 16:02:26.276 I/isp_mgr_af_stat(  651): HW : CAM_AFO_XSIZE(0x480) CAM_AFO_YSIZE(0x24) CAM_AF_SIZE(0xcc0)
02-24 16:02:26.276 I/isp_mgr_af_stat(  651): HW : CAM_AF_CON(0x701731) CAM_AF_VLD(0x3a6053e) CAM_AF_BLK_0(0x100010) CAM_AF_BLK_1(0x240024)
02-24 16:02:26.276 I/isp_mgr_af_stat(  651): HW : CAM_AF_TH_0(0x30003) CAM_AF_TH_1(0xf0a0f003) CAM_AF_TH_2(0xe6e6e6e6)
02-24 16:02:26.276 I/isp_mgr_af_stat(  651): HW : CAM_SGG1_PGN(0x10) CAM_SGG1_GMRC_1(0x2b190e08) CAM_SGG1_GMRC_2(0xaa6f46)
02-24 16:02:26.276 I/isp_mgr_af_stat(  651): HW : CAM_SGG5_PGN(0x10) CAM_SGG5_GMRC_1(0x10080402) CAM_SGG5_GMRC_2(0x804020)
02-24 16:02:26.276 I/isp_mgr_af_stat(  651): HW : CAM_AF_FLT_1(0x242b240f) CAM_AF_FLT_2(0x20a16) CAM_AF_FLT_3(0x0) CAM_AF_FLT_4(0x242b240f)
02-24 16:02:26.276 I/isp_mgr_af_stat(  651): HW : CAM_AF_FLT_5(0x20a16) CAM_AF_FLT_6(0x0) CAM_AF_FLT_7(0x1000100) CAM_AF_FLT_8(0x7000700)
02-24 16:02:26.276 I/isp_mgr_af_stat(  651): HW-ConfigUpdate Config(10)
02-24 16:02:26.276 W/TuningMgr(  651): TuningMgr[updateEngine] WARNING: [temp log] AF enable(1_0x100e02e0_0x808001e8)
02-24 16:02:26.276 I/isp_mgr_af_stat(  651): HW-apply Magic(11) , Config(10)
02-24 16:02:26.294 I/isp_mgr_af_stat(  651): isHWRdy Config[10, 8] IsApplied(1)
02-24 16:02:26.294 I/af_mgr_v3(  651): #(   11,    9) IspMgrAFStatHWPreparing Dev(1) Config(8) bSkip(1) PauseAF(0) Afmode(4) VsyncUpdate(0) IsTargetAssitMove(0) isHWRdy(0) ROISel(4) ZECChg(0) DbgPDVerifyEn(0) IsAPROITooLarge(0)
02-24 16:02:26.294 I/af_mgr_v3(  651): #(   11,    9) doAF Dev(1): [Status] IsAFSearch(4->4), IsSelHWROI(1->0), ROISel(4), Event(0x100)
02-24 16:02:26.314 I/libPowerHal(  471): perfUserScnDisable - handle:65
02-24 16:02:26.315 I/libPowerHal(  471): 88: cpu_ctrl set freq: -1 -1 -1 -1
02-24 16:02:26.358 W/TuningMgr(  651): TuningMgr[updateEngine] WARNING: [temp log] AF enable(1_0x100e02e0_0x808001e8)
02-24 16:02:26.374 I/isp_mgr_af_stat(  651): isHWRdy Config[10, 9] IsApplied(1)
02-24 16:02:26.374 I/af_mgr_v3(  651): #(   12,   10) IspMgrAFStatHWPreparing Dev(1) Config(9) bSkip(1) PauseAF(0) Afmode(4) VsyncUpdate(0) IsTargetAssitMove(0) isHWRdy(0) ROISel(4) ZECChg(0) DbgPDVerifyEn(0) IsAPROITooLarge(0)
02-24 16:02:26.375 I/af_mgr_v3(  651): #(   12,   10) doAF Dev(1): [Status] IsAFSearch(4->4), IsSelHWROI(1->0), ROISel(4), Event(0x100)
02-24 16:02:26.440 W/TuningMgr(  651): TuningMgr[updateEngine] WARNING: [temp log] AF enable(1_0x100e02e0_0x808001e8)
02-24 16:02:26.455 I/isp_mgr_af_stat(  651): HW-Rdy (10) - (10)
02-24 16:02:26.456 I/af_mgr_v3(  651): #(   13,   11) MoveLensTo Dev(1) DAC(332)
