02-24 15:52:52.164 D/NetworkManagement(  821): Uid 10140 restricted because of app standby mode
02-24 15:52:52.164 D/NetworkManagement(  821): Uid 10136 restricted because of app standby mode
02-24 15:52:52.164 D/NetworkManagement(  821): Uid 10134 restricted because of app standby mode
02-24 15:52:52.164 D/NetworkManagement(  821): Uid 10132 restricted because of app standby mode
02-24 15:52:52.164 D/NetworkManagement(  821): Uid 10131 restricted because of app standby mode
02-24 15:52:52.179 D/NetworkManagement(  821): Uid 10155 restricted because of app standby mode
02-24 15:52:52.179 D/NetworkManagement(  821): Uid 10140 restricted because of app standby mode
02-24 15:52:52.179 D/NetworkManagement(  821): Uid 10136 restricted because of app standby mode
02-24 15:52:52.179 D/NetworkManagement(  821): Uid 10134 restricted because of app standby mode
02-24 15:52:52.179 D/NetworkManagement(  821): Uid 10132 restricted because of app standby mode
02-24 15:52:52.179 D/NetworkManagement(  821): Uid 10131 restricted because of app standby mode
02-24 15:52:52.185 D/NetworkManagement(  821): Uid 10155 restricted because of app standby mode
02-24 15:52:52.185 D/NetworkManagement(  821): Uid 10140 restricted because of app standby mode
02-24 15:52:52.185 D/NetworkManagement(  821): Uid 10136 restricted because of app standby mode
02-24 15:52:52.185 D/NetworkManagement(  821): Uid 10134 restricted because of app standby mode
02-24 15:52:52.185 D/NetworkManagement(  821): Uid 10132 restricted because of app standby mode
02-24 15:52:52.185 D/NetworkManagement(  821): Uid 10131 restricted because of app standby mode
--------- beginning of main
02-24 15:52:52.196 W/NotificationCenter( 1400): NotificationCenter$NotificationQueue.notifyPendingNotificationsOnExecutor():877 Heavy notify work detected on UI thread: [lnp->fav, lnp->gth, lnp->gut, lnp->kaa] takes 98ms
02-24 15:52:52.197 D/NetworkManagement(  821): Uid 10155 restricted because of app standby mode
02-24 15:52:52.197 D/NetworkManagement(  821): Uid 10140 restricted because of app standby mode
02-24 15:52:52.197 D/NetworkManagement(  821): Uid 10136 restricted because of app standby mode
02-24 15:52:52.197 D/NetworkManagement(  821): Uid 10134 restricted because of app standby mode
02-24 15:52:52.197 D/NetworkManagement(  821): Uid 10132 restricted because of app standby mode
02-24 15:52:52.197 D/NetworkManagement(  821): Uid 10131 restricted because of app standby mode
02-24 15:52:52.218 D/NetworkManagement(  821): Uid 10155 restricted because of app standby mode
02-24 15:52:52.218 D/NetworkManagement(  821): Uid 10140 restricted because of app standby mode
02-24 15:52:52.218 D/NetworkManagement(  821): Uid 10136 restricted because of app standby mode
02-24 15:52:52.218 D/NetworkManagement(  821): Uid 10134 restricted because of app standby mode
02-24 15:52:52.218 D/NetworkManagement(  821): Uid 10132 restricted because of app standby mode
02-24 15:52:52.218 D/NetworkManagement(  821): Uid 10131 restricted because of app standby mode
02-24 15:52:52.228 D/NetworkManagement(  821): Uid 10155 restricted because of app standby mode
02-24 15:52:52.228 D/NetworkManagement(  821): Uid 10140 restricted because of app standby mode
02-24 15:52:52.228 D/NetworkManagement(  821): Uid 10136 restricted because of app standby mode
02-24 15:52:52.228 D/NetworkManagement(  821): Uid 10134 restricted because of app standby mode
02-24 15:52:52.228 D/NetworkManagement(  821): Uid 10132 restricted because of app standby mode
02-24 15:52:52.228 D/NetworkManagement(  821): Uid 10131 restricted because of app standby mode
02-24 15:52:52.231 D/NetworkManagement(  821): Uid 10155 restricted because of app standby mode
02-24 15:52:52.231 D/NetworkManagement(  821): Uid 10140 restricted because of app standby mode
02-24 15:52:52.231 D/NetworkManagement(  821): Uid 10136 restricted because of app standby mode
02-24 15:52:52.231 D/NetworkManagement(  821): Uid 10134 restricted because of app standby mode
02-24 15:52:52.231 D/NetworkManagement(  821): Uid 10132 restricted because of app standby mode
02-24 15:52:52.231 D/NetworkManagement(  821): Uid 10131 restricted because of app standby mode
02-24 15:52:52.238 D/AES     (  821): AEEIOCTL_GET/SET_SF_STATE IOCTL,cmd= 1074294797, lParam=0. 
02-24 15:52:52.239 D/AES     (  821): AEEIOCTL_RT_MON_Kick IOCTL,cmd= 2147774474, lParam=300. 
02-24 15:52:52.240 D/NetworkManagement(  821): Uid 10155 restricted because of app standby mode
02-24 15:52:52.240 D/NetworkManagement(  821): Uid 10140 restricted because of app standby mode
02-24 15:52:52.240 D/NetworkManagement(  821): Uid 10136 restricted because of app standby mode
02-24 15:52:52.240 D/NetworkManagement(  821): Uid 10134 restricted because of app standby mode
02-24 15:52:52.240 D/NetworkManagement(  821): Uid 10132 restricted because of app standby mode
02-24 15:52:52.240 D/NetworkManagement(  821): Uid 10131 restricted because of app standby mode
02-24 15:52:52.242 D/NetworkManagement(  821): Uid 10155 restricted because of app standby mode
02-24 15:52:52.242 D/NetworkManagement(  821): Uid 10140 restricted because of app standby mode
02-24 15:52:52.242 D/NetworkManagement(  821): Uid 10136 restricted because of app standby mode
02-24 15:52:52.242 D/NetworkManagement(  821): Uid 10134 restricted because of app standby mode
02-24 15:52:52.242 D/NetworkManagement(  821): Uid 10132 restricted because of app standby mode
02-24 15:52:52.242 D/NetworkManagement(  821): Uid 10131 restricted because of app standby mode
02-24 15:52:52.246 V/UserExperience( 1910): c.d() [SV] OSEvent: A413
02-24 15:52:52.337 D/NetworkManagement(  821): Uid 10155 restricted because of app standby mode
02-24 15:52:52.337 D/NetworkManagement(  821): Uid 10140 restricted because of app standby mode
02-24 15:52:52.337 D/NetworkManagement(  821): Uid 10136 restricted because of app standby mode
02-24 15:52:52.337 D/NetworkManagement(  821): Uid 10134 restricted because of app standby mode
02-24 15:52:52.337 D/NetworkManagement(  821): Uid 10132 restricted because of app standby mode
02-24 15:52:52.337 D/NetworkManagement(  821): Uid 10131 restricted because of app standby mode
02-24 15:52:52.341 D/NetworkManagement(  821): Uid 10155 restricted because of app standby mode
02-24 15:52:52.341 D/NetworkManagement(  821): Uid 10140 restricted because of app standby mode
02-24 15:52:52.341 D/NetworkManagement(  821): Uid 10136 restricted because of app standby mode
02-24 15:52:52.341 D/NetworkManagement(  821): Uid 10134 restricted because of app standby mode
02-24 15:52:52.341 D/NetworkManagement(  821): Uid 10132 restricted because of app standby mode
02-24 15:52:52.341 D/NetworkManagement(  821): Uid 10131 restricted because of app standby mode
02-24 15:52:52.355 E/Ads     (23451): JS: Uncaught TypeError: Cannot read properties of null (reading 's') (https://pagead2.googlesyndication.com/omsdk/releases/live/omsdk-v1.js:26)
02-24 15:52:52.370 D/NetworkManagement(  821): Uid 10155 restricted because of app standby mode
02-24 15:52:52.370 D/NetworkManagement(  821): Uid 10140 restricted because of app standby mode
02-24 15:52:52.370 D/NetworkManagement(  821): Uid 10136 restricted because of app standby mode
02-24 15:52:52.370 D/NetworkManagement(  821): Uid 10134 restricted because of app standby mode
02-24 15:52:52.370 D/NetworkManagement(  821): Uid 10132 restricted because of app standby mode
02-24 15:52:52.370 D/NetworkManagement(  821): Uid 10131 restricted because of app standby mode
02-24 15:52:52.373 D/NetworkManagement(  821): Uid 10155 restricted because of app standby mode
02-24 15:52:52.373 D/NetworkManagement(  821): Uid 10140 restricted because of app standby mode
02-24 15:52:52.373 D/NetworkManagement(  821): Uid 10136 restricted because of app standby mode
02-24 15:52:52.373 D/NetworkManagement(  821): Uid 10134 restricted because of app standby mode
02-24 15:52:52.373 D/NetworkManagement(  821): Uid 10132 restricted because of app standby mode
02-24 15:52:52.373 D/NetworkManagement(  821): Uid 10131 restricted because of app standby mode
02-24 15:52:52.381 D/NetworkManagement(  821): Uid 10155 restricted because of app standby mode
02-24 15:52:52.381 D/NetworkManagement(  821): Uid 10140 restricted because of app standby mode
02-24 15:52:52.381 D/NetworkManagement(  821): Uid 10136 restricted because of app standby mode
02-24 15:52:52.381 D/NetworkManagement(  821): Uid 10134 restricted because of app standby mode
02-24 15:52:52.381 D/NetworkManagement(  821): Uid 10132 restricted because of app standby mode
02-24 15:52:52.381 D/NetworkManagement(  821): Uid 10131 restricted because of app standby mode
02-24 15:52:52.387 D/NetworkManagement(  821): Uid 10155 restricted because of app standby mode
02-24 15:52:52.387 D/NetworkManagement(  821): Uid 10140 restricted because of app standby mode
02-24 15:52:52.387 D/NetworkManagement(  821): Uid 10136 restricted because of app standby mode
02-24 15:52:52.387 D/NetworkManagement(  821): Uid 10134 restricted because of app standby mode
02-24 15:52:52.387 D/NetworkManagement(  821): Uid 10132 restricted because of app standby mode
02-24 15:52:52.387 D/NetworkManagement(  821): Uid 10131 restricted because of app standby mode
02-24 15:52:52.391 D/NetworkManagement(  821): Uid 10155 restricted because of app standby mode
02-24 15:52:52.391 D/NetworkManagement(  821): Uid 10140 restricted because of app standby mode
02-24 15:52:52.391 D/NetworkManagement(  821): Uid 10136 restricted because of app standby mode
02-24 15:52:52.391 D/NetworkManagement(  821): Uid 10134 restricted because of app standby mode
02-24 15:52:52.391 D/NetworkManagement(  821): Uid 10132 restricted because of app standby mode
02-24 15:52:52.391 D/NetworkManagement(  821): Uid 10131 restricted because of app standby mode
02-24 15:52:52.395 D/NetworkManagement(  821): Uid 10155 restricted because of app standby mode
02-24 15:52:52.395 D/NetworkManagement(  821): Uid 10140 restricted because of app standby mode
02-24 15:52:52.395 D/NetworkManagement(  821): Uid 10136 restricted because of app standby mode
02-24 15:52:52.395 D/NetworkManagement(  821): Uid 10134 restricted because of app standby mode
02-24 15:52:52.395 D/NetworkManagement(  821): Uid 10132 restricted because of app standby mode
02-24 15:52:52.395 D/NetworkManagement(  821): Uid 10131 restricted because of app standby mode
02-24 15:52:52.398 D/NetworkManagement(  821): Uid 10155 restricted because of app standby mode
02-24 15:52:52.398 D/NetworkManagement(  821): Uid 10140 restricted because of app standby mode
02-24 15:52:52.398 D/NetworkManagement(  821): Uid 10136 restricted because of app standby mode
02-24 15:52:52.398 D/NetworkManagement(  821): Uid 10134 restricted because of app standby mode
02-24 15:52:52.398 D/NetworkManagement(  821): Uid 10132 restricted because of app standby mode
02-24 15:52:52.398 D/NetworkManagement(  821): Uid 10131 restricted because of app standby mode
02-24 15:52:52.404 D/NetworkManagement(  821): Uid 10155 restricted because of app standby mode
02-24 15:52:52.404 D/NetworkManagement(  821): Uid 10140 restricted because of app standby mode
02-24 15:52:52.404 D/NetworkManagement(  821): Uid 10136 restricted because of app standby mode
02-24 15:52:52.404 D/NetworkManagement(  821): Uid 10134 restricted because of app standby mode
02-24 15:52:52.404 D/NetworkManagement(  821): Uid 10132 restricted because of app standby mode
02-24 15:52:52.404 D/NetworkManagement(  821): Uid 10131 restricted because of app standby mode
02-24 15:52:52.360 I/chatty  (23451): uid=10194(com.lonelycatgames.Xplore) identical 3 lines
02-24 15:52:52.364 E/Ads     (23451): JS: Uncaught TypeError: Cannot read properties of null (reading 's') (https://pagead2.googlesyndication.com/omsdk/releases/live/omsdk-v1.js:26)
02-24 15:52:52.412 I/ActivityScheduler(27859): nextTriggerTime: 263289213, in 293434ms, detectorType: 39, FULL_TYPE alarmWindowMillis: 75000
02-24 15:52:52.414 D/NetworkManagement(  821): Uid 10155 restricted because of app standby mode
02-24 15:52:52.414 D/NetworkManagement(  821): Uid 10140 restricted because of app standby mode
02-24 15:52:52.414 D/NetworkManagement(  821): Uid 10136 restricted because of app standby mode
02-24 15:52:52.414 D/NetworkManagement(  821): Uid 10134 restricted because of app standby mode
02-24 15:52:52.414 D/NetworkManagement(  821): Uid 10132 restricted because of app standby mode
02-24 15:52:52.414 D/NetworkManagement(  821): Uid 10131 restricted because of app standby mode
02-24 15:52:52.419 D/NetworkManagement(  821): Uid 10155 restricted because of app standby mode
02-24 15:52:52.419 D/NetworkManagement(  821): Uid 10140 restricted because of app standby mode
02-24 15:52:52.419 D/NetworkManagement(  821): Uid 10136 restricted because of app standby mode
02-24 15:52:52.419 D/NetworkManagement(  821): Uid 10134 restricted because of app standby mode
02-24 15:52:52.419 D/NetworkManagement(  821): Uid 10132 restricted because of app standby mode
02-24 15:52:52.419 D/NetworkManagement(  821): Uid 10131 restricted because of app standby mode
02-24 15:52:52.425 D/NetworkManagement(  821): Uid 10155 restricted because of app standby mode
02-24 15:52:52.426 D/NetworkManagement(  821): Uid 10140 restricted because of app standby mode
02-24 15:52:52.426 D/NetworkManagement(  821): Uid 10136 restricted because of app standby mode
02-24 15:52:52.426 D/NetworkManagement(  821): Uid 10134 restricted because of app standby mode
02-24 15:52:52.426 D/NetworkManagement(  821): Uid 10132 restricted because of app standby mode
02-24 15:52:52.426 D/NetworkManagement(  821): Uid 10131 restricted because of app standby mode
02-24 15:52:52.430 D/NetworkManagement(  821): Uid 10155 restricted because of app standby mode
02-24 15:52:52.430 D/NetworkManagement(  821): Uid 10140 restricted because of app standby mode
02-24 15:52:52.430 D/NetworkManagement(  821): Uid 10136 restricted because of app standby mode
02-24 15:52:52.430 D/NetworkManagement(  821): Uid 10134 restricted because of app standby mode
02-24 15:52:52.430 D/NetworkManagement(  821): Uid 10132 restricted because of app standby mode
02-24 15:52:52.430 D/NetworkManagement(  821): Uid 10131 restricted because of app standby mode
02-24 15:52:52.435 D/NetworkManagement(  821): Uid 10155 restricted because of app standby mode
02-24 15:52:52.436 D/NetworkManagement(  821): Uid 10140 restricted because of app standby mode
02-24 15:52:52.436 D/NetworkManagement(  821): Uid 10136 restricted because of app standby mode
02-24 15:52:52.436 D/NetworkManagement(  821): Uid 10134 restricted because of app standby mode
02-24 15:52:52.436 D/NetworkManagement(  821): Uid 10132 restricted because of app standby mode
02-24 15:52:52.436 D/NetworkManagement(  821): Uid 10131 restricted because of app standby mode
02-24 15:52:52.445 D/NetworkManagement(  821): Uid 10155 restricted because of app standby mode
02-24 15:52:52.445 D/NetworkManagement(  821): Uid 10140 restricted because of app standby mode
02-24 15:52:52.445 D/NetworkManagement(  821): Uid 10136 restricted because of app standby mode
02-24 15:52:52.445 D/NetworkManagement(  821): Uid 10134 restricted because of app standby mode
02-24 15:52:52.445 D/NetworkManagement(  821): Uid 10132 restricted because of app standby mode
02-24 15:52:52.445 D/NetworkManagement(  821): Uid 10131 restricted because of app standby mode
02-24 15:52:52.453 D/NetworkManagement(  821): Uid 10155 restricted because of app standby mode
02-24 15:52:52.453 D/NetworkManagement(  821): Uid 10140 restricted because of app standby mode
02-24 15:52:52.453 D/NetworkManagement(  821): Uid 10136 restricted because of app standby mode
02-24 15:52:52.453 D/NetworkManagement(  821): Uid 10134 restricted because of app standby mode
02-24 15:52:52.453 D/NetworkManagement(  821): Uid 10132 restricted because of app standby mode
02-24 15:52:52.453 D/NetworkManagement(  821): Uid 10131 restricted because of app standby mode
02-24 15:52:52.455 D/BoundBrokerSvc(27859): onRebind: Intent { act=com.google.android.gms.clearcut.bootcount.service.START dat=chimera-action: cmp=com.google.android.gms/.chimera.PersistentBoundBrokerService }
02-24 15:52:52.457 D/NetworkManagement(  821): Uid 10155 restricted because of app standby mode
02-24 15:52:52.457 D/NetworkManagement(  821): Uid 10140 restricted because of app standby mode
02-24 15:52:52.457 D/NetworkManagement(  821): Uid 10136 restricted because of app standby mode
02-24 15:52:52.457 D/NetworkManagement(  821): Uid 10134 restricted because of app standby mode
02-24 15:52:52.457 D/NetworkManagement(  821): Uid 10132 restricted because of app standby mode
02-24 15:52:52.457 D/NetworkManagement(  821): Uid 10131 restricted because of app standby mode
02-24 15:52:52.457 I/NearbyDiscovery(27859): (REDACTED) FastPairHandler: Received action %s
02-24 15:52:52.458 D/ApplicationPackageManager(27859): hasSystemFeature org.chromium.arc com.google.uid.shared:10127
02-24 15:52:52.460 D/NetworkManagement(  821): Uid 10155 restricted because of app standby mode
02-24 15:52:52.461 D/NetworkManagement(  821): Uid 10140 restricted because of app standby mode
02-24 15:52:52.461 D/NetworkManagement(  821): Uid 10136 restricted because of app standby mode
02-24 15:52:52.461 D/NetworkManagement(  821): Uid 10134 restricted because of app standby mode
02-24 15:52:52.461 D/NetworkManagement(  821): Uid 10132 restricted because of app standby mode
02-24 15:52:52.461 D/NetworkManagement(  821): Uid 10131 restricted because of app standby mode
02-24 15:52:52.462 D/NetworkManagement(  821): Uid 10155 restricted because of app standby mode
02-24 15:52:52.462 D/NetworkManagement(  821): Uid 10140 restricted because of app standby mode
02-24 15:52:52.462 D/NetworkManagement(  821): Uid 10136 restricted because of app standby mode
02-24 15:52:52.462 D/NetworkManagement(  821): Uid 10134 restricted because of app standby mode
02-24 15:52:52.462 D/NetworkManagement(  821): Uid 10132 restricted because of app standby mode
02-24 15:52:52.462 D/NetworkManagement(  821): Uid 10131 restricted because of app standby mode
02-24 15:52:52.464 I/NearbyDiscovery(27859): (REDACTED) FastPairScanner: isScreenOn=%s, isLocationEnabled=%s, disableLocationRequirement=%s, isDiscoveryScanningEnabled=%s, during24GhzWifiWarmingUpPeriod=%s
02-24 15:52:52.469 D/BluetoothAdapter(27859): isLeEnabled(): ON
02-24 15:52:52.470 I/NearbyDiscovery(27859): (REDACTED) FastPairScanner: eventType=%s, intReq=%s, scanning=%s, scanAllowed=%s, bleEnabled=%s, lockScanRate=%s, startScanningByLowPowerMode=%s
02-24 15:52:52.470 I/NearbyDiscovery(27859): FastPairController: onSystemStateChanged: skip due to flag disabled [CONTEXT service_id=265 ]
02-24 15:52:53.450 I/PlayCommon(23097): [2849] avtf.e(157): 6 files were purged due to exceeding total storage size of 2097152
02-24 15:52:53.584 I/PlayCommon(23097): [2849] avtc.j(237): Preparing logs for uploading
02-24 15:52:53.593 D/NetworkManagement(  821): Uid 10155 restricted because of app standby mode
02-24 15:52:53.593 D/NetworkManagement(  821): Uid 10140 restricted because of app standby mode
02-24 15:52:53.593 D/NetworkManagement(  821): Uid 10136 restricted because of app standby mode
02-24 15:52:53.593 D/NetworkManagement(  821): Uid 10134 restricted because of app standby mode
02-24 15:52:53.593 D/NetworkManagement(  821): Uid 10132 restricted because of app standby mode
02-24 15:52:53.593 D/NetworkManagement(  821): Uid 10131 restricted because of app standby mode
02-24 15:52:53.596 D/NetworkManagement(  821): Uid 10155 restricted because of app standby mode
02-24 15:52:53.596 D/NetworkManagement(  821): Uid 10140 restricted because of app standby mode
02-24 15:52:53.596 D/NetworkManagement(  821): Uid 10136 restricted because of app standby mode
02-24 15:52:53.596 D/NetworkManagement(  821): Uid 10134 restricted because of app standby mode
02-24 15:52:53.596 D/NetworkManagement(  821): Uid 10132 restricted because of app standby mode
02-24 15:52:53.596 D/NetworkManagement(  821): Uid 10131 restricted because of app standby mode
02-24 15:52:53.634 D/NetworkManagement(  821): Uid 10155 restricted because of app standby mode
02-24 15:52:53.634 D/NetworkManagement(  821): Uid 10140 restricted because of app standby mode
02-24 15:52:53.635 D/NetworkManagement(  821): Uid 10136 restricted because of app standby mode
02-24 15:52:53.635 D/NetworkManagement(  821): Uid 10134 restricted because of app standby mode
02-24 15:52:53.635 D/NetworkManagement(  821): Uid 10132 restricted because of app standby mode
02-24 15:52:53.635 D/NetworkManagement(  821): Uid 10131 restricted because of app standby mode
02-24 15:52:53.641 E/AuthPII (27859): [RequestTokenManager] getToken() -> BAD_AUTHENTICATION. App: com.android.vending, Service: oauth2:https://www.googleapis.com/auth/googleplay
02-24 15:52:53.641 E/AuthPII (27859): asag: Long live credential not available.
02-24 15:52:53.641 E/AuthPII (27859): 	at xin.a(:com.google.android.gms@250632013@25.06.32 (100400-724425688):1001)
02-24 15:52:53.641 E/AuthPII (27859): 	at xit.b(:com.google.android.gms@250632013@25.06.32 (100400-724425688):28)
02-24 15:52:53.641 E/AuthPII (27859): 	at xir.a(:com.google.android.gms@250632013@25.06.32 (100400-724425688):617)
02-24 15:52:53.641 E/AuthPII (27859): 	at xiq.b(:com.google.android.gms@250632013@25.06.32 (100400-724425688):94)
02-24 15:52:53.641 E/AuthPII (27859): 	at rgb.h(:com.google.android.gms@250632013@25.06.32 (100400-724425688):216)
02-24 15:52:53.641 E/AuthPII (27859): 	at rgb.d(:com.google.android.gms@250632013@25.06.32 (100400-724425688):2)
02-24 15:52:53.641 E/AuthPII (27859): 	at xcl.getAuthToken(:com.google.android.gms@250632013@25.06.32 (100400-724425688):406)
02-24 15:52:53.641 E/AuthPII (27859): 	at android.accounts.AbstractAccountAuthenticator$Transport.getAuthToken(AbstractAccountAuthenticator.java:246)
02-24 15:52:53.641 E/AuthPII (27859): 	at android.accounts.IAccountAuthenticator$Stub.onTransact(IAccountAuthenticator.java:282)
02-24 15:52:53.641 E/AuthPII (27859): 	at android.os.Binder.transact(Binder.java:914)
02-24 15:52:53.641 E/AuthPII (27859): 	at bqvm.onTransact(:com.google.android.gms@250632013@25.06.32 (100400-724425688):10)
02-24 15:52:53.641 E/AuthPII (27859): 	at android.os.Binder.transact(Binder.java:914)
02-24 15:52:53.641 E/AuthPII (27859): 	at bhvv.onTransact(:com.google.android.gms@250632013@25.06.32 (100400-724425688):148)
02-24 15:52:53.641 E/AuthPII (27859): 	at android.os.Binder.execTransactInternal(Binder.java:1021)
02-24 15:52:53.641 E/AuthPII (27859): 	at android.os.Binder.execTransact(Binder.java:994)
02-24 15:52:53.642 E/AuthPII (27859): Message is Long live credential not available.
02-24 15:52:53.642 E/AuthPII (27859): asag: Long live credential not available.
02-24 15:52:53.642 E/AuthPII (27859): 	at xin.a(:com.google.android.gms@250632013@25.06.32 (100400-724425688):1001)
02-24 15:52:53.642 E/AuthPII (27859): 	at xit.b(:com.google.android.gms@250632013@25.06.32 (100400-724425688):28)
02-24 15:52:53.642 E/AuthPII (27859): 	at xir.a(:com.google.android.gms@250632013@25.06.32 (100400-724425688):617)
02-24 15:52:53.642 E/AuthPII (27859): 	at xiq.b(:com.google.android.gms@250632013@25.06.32 (100400-724425688):94)
02-24 15:52:53.642 E/AuthPII (27859): 	at rgb.h(:com.google.android.gms@250632013@25.06.32 (100400-724425688):216)
02-24 15:52:53.642 E/AuthPII (27859): 	at rgb.d(:com.google.android.gms@250632013@25.06.32 (100400-724425688):2)
02-24 15:52:53.642 E/AuthPII (27859): 	at xcl.getAuthToken(:com.google.android.gms@250632013@25.06.32 (100400-724425688):406)
02-24 15:52:53.642 E/AuthPII (27859): 	at android.accounts.AbstractAccountAuthenticator$Transport.getAuthToken(AbstractAccountAuthenticator.java:246)
02-24 15:52:53.642 E/AuthPII (27859): 	at android.accounts.IAccountAuthenticator$Stub.onTransact(IAccountAuthenticator.java:282)
02-24 15:52:53.642 E/AuthPII (27859): 	at android.os.Binder.transact(Binder.java:914)
02-24 15:52:53.642 E/AuthPII (27859): 	at bqvm.onTransact(:com.google.android.gms@250632013@25.06.32 (100400-724425688):10)
02-24 15:52:53.642 E/AuthPII (27859): 	at android.os.Binder.transact(Binder.java:914)
02-24 15:52:53.642 E/AuthPII (27859): 	at bhvv.onTransact(:com.google.android.gms@250632013@25.06.32 (100400-724425688):148)
02-24 15:52:53.642 E/AuthPII (27859): 	at android.os.Binder.execTransactInternal(Binder.java:1021)
02-24 15:52:53.642 E/AuthPII (27859): 	at android.os.Binder.execTransact(Binder.java:994)
02-24 15:52:53.643 W/Auth    (27859): [GetToken] GetToken failed with status code: BadAuthentication  [CONTEXT service_id=343 ]
02-24 15:52:53.644 D/ApplicationPackageManager(27859): hasSystemFeature android.hardware.type.television com.google.uid.shared:10127
02-24 15:52:53.645 D/ApplicationPackageManager(27859): hasSystemFeature android.software.leanback com.google.uid.shared:10127
02-24 15:52:53.646 D/ApplicationPackageManager(27859): hasSystemFeature android.hardware.type.television com.google.uid.shared:10127
02-24 15:52:53.647 D/ApplicationPackageManager(27859): hasSystemFeature android.software.leanback com.google.uid.shared:10127
02-24 15:52:53.656 D/NetworkManagement(  821): Uid 10155 restricted because of app standby mode
02-24 15:52:53.656 D/NetworkManagement(  821): Uid 10140 restricted because of app standby mode
02-24 15:52:53.656 D/NetworkManagement(  821): Uid 10136 restricted because of app standby mode
02-24 15:52:53.656 D/NetworkManagement(  821): Uid 10134 restricted because of app standby mode
02-24 15:52:53.656 D/NetworkManagement(  821): Uid 10132 restricted because of app standby mode
02-24 15:52:53.656 D/NetworkManagement(  821): Uid 10131 restricted because of app standby mode
02-24 15:52:53.658 D/NetworkManagement(  821): Uid 10155 restricted because of app standby mode
02-24 15:52:53.658 D/NetworkManagement(  821): Uid 10140 restricted because of app standby mode
02-24 15:52:53.658 D/NetworkManagement(  821): Uid 10136 restricted because of app standby mode
02-24 15:52:53.658 D/NetworkManagement(  821): Uid 10134 restricted because of app standby mode
02-24 15:52:53.659 D/NetworkManagement(  821): Uid 10132 restricted because of app standby mode
02-24 15:52:53.659 D/NetworkManagement(  821): Uid 10131 restricted because of app standby mode
02-24 15:52:53.668 D/NetworkManagement(  821): Uid 10155 restricted because of app standby mode
02-24 15:52:53.669 D/NetworkManagement(  821): Uid 10140 restricted because of app standby mode
02-24 15:52:53.669 D/NetworkManagement(  821): Uid 10136 restricted because of app standby mode
02-24 15:52:53.669 D/NetworkManagement(  821): Uid 10134 restricted because of app standby mode
02-24 15:52:53.669 D/NetworkManagement(  821): Uid 10132 restricted because of app standby mode
02-24 15:52:53.669 D/NetworkManagement(  821): Uid 10131 restricted because of app standby mode
02-24 15:52:53.673 W/GLSActivity(27859): [GmsAccountAuthenticatorImpl] error status while fetching token:BadAuthentication
02-24 15:52:53.696 D/NetworkManagement(  821): Uid 10155 restricted because of app standby mode
02-24 15:52:53.696 D/NetworkManagement(  821): Uid 10140 restricted because of app standby mode
02-24 15:52:53.696 D/NetworkManagement(  821): Uid 10136 restricted because of app standby mode
02-24 15:52:53.696 D/NetworkManagement(  821): Uid 10134 restricted because of app standby mode
02-24 15:52:53.697 D/NetworkManagement(  821): Uid 10132 restricted because of app standby mode
02-24 15:52:53.697 D/NetworkManagement(  821): Uid 10131 restricted because of app standby mode
02-24 15:52:53.699 W/PlayCommon(23097): [2849] avtc.j(1804): Deferring log upload because couldn't retrieve auth token
02-24 15:52:54.713 I/hwservicemanager(  359): getTransport: Cannot find entry vendor.mediatek.hardware.mtkradioex@1.0::IMtkRadioEx/mtkCap1 in either framework or device manifest.
02-24 15:52:54.718 I/hwservicemanager(  359): getTransport: Cannot find entry vendor.mediatek.hardware.mtkradioex@1.0::IMtkRadioEx/mtkAssist1 in either framework or device manifest.
02-24 15:52:55.086 I/thermal_repeater(  653): socket -1
02-24 15:52:56.084 D/KeyguardViewMediator( 1013): lockedOrMissing is false, requireSim=false, antiTheftLocked=false
02-24 15:52:56.096 D/NetworkManagement(  821): Uid 10155 restricted because of app standby mode
02-24 15:52:56.096 D/NetworkManagement(  821): Uid 10140 restricted because of app standby mode
02-24 15:52:56.096 D/NetworkManagement(  821): Uid 10136 restricted because of app standby mode
02-24 15:52:56.096 D/NetworkManagement(  821): Uid 10134 restricted because of app standby mode
02-24 15:52:56.097 D/NetworkManagement(  821): Uid 10132 restricted because of app standby mode
02-24 15:52:56.097 D/NetworkManagement(  821): Uid 10131 restricted because of app standby mode
02-24 15:52:56.100 D/NetworkManagement(  821): Uid 10155 restricted because of app standby mode
02-24 15:52:56.101 D/NetworkManagement(  821): Uid 10140 restricted because of app standby mode
02-24 15:52:56.101 D/NetworkManagement(  821): Uid 10136 restricted because of app standby mode
02-24 15:52:56.101 D/NetworkManagement(  821): Uid 10134 restricted because of app standby mode
02-24 15:52:56.101 D/NetworkManagement(  821): Uid 10132 restricted because of app standby mode
02-24 15:52:56.101 D/NetworkManagement(  821): Uid 10131 restricted because of app standby mode
02-24 15:52:56.103 I/hwcomposer(  457): [HWC] (0) displayGetActiveConfig config:0  
02-24 15:52:56.107 W/UsageStatsService(  821): Event reported without a package name, eventType:17
02-24 15:52:56.133 D/ApplicationPackageManager(  821): hasSystemFeature android.software.picture_in_picture android.uid.system:1000
02-24 15:52:56.153 D/Surface ( 1346): Surface::disconnect(this=0x7931f3b000,api=1)
02-24 15:52:56.155 I/BufferQueueProducer(  482): [com.tblenovo.launcher/com.android.searchlauncher.SearchLauncher#0](this:0x76da0d4000,id:330,api:1,p:1346,c:482) disconnect(P): api 1
02-24 15:52:56.178 D/DolbyRotationHelper( 1844): onDisplayChanged
02-24 15:52:56.178 D/DolbyRotationHelper( 1844): updateOrientation
02-24 15:52:56.181 D/DolbyRotationHelper( 1844): updateOrientation not changed!
02-24 15:52:56.185 I/DeviceIdleController(  821): keyguardShowing=true
02-24 15:52:56.201 V/PhoneWindow( 1346): DecorView setVisiblity: visibility = 4, Parent = android.view.ViewRootImpl@97faec2, this = DecorView@ea8b4d3[SearchLauncher]
02-24 15:52:56.204 D/Surface (31532): Surface::disconnect(this=0x798e580000,api=1)
02-24 15:52:56.206 I/BufferQueueProducer(  482): [(1-1)-Window{5fba3c3 alpha=1.0 fl=}#0](this:0x76da008800,id:329,api:1,p:31532,c:482) disconnect(P): api 1
02-24 15:52:56.207 D/KeyguardSecurityModel( 1013): isPinPukOrMeRequiredOfSubId() - phoneId = 0, simState = UNKNOWN
02-24 15:52:56.208 D/AntiTheftManager( 1013): getCurrentAntiTheftMode() is called.
02-24 15:52:56.214 V/KeyguardSecurityView( 1013): showPrimarySecurityScreen(securityMode=None)
02-24 15:52:56.214 D/VoiceWakeupManagerProxy( 1013): getInstance(...) is called.
02-24 15:52:56.215 D/mtk_audio_hw_hal(  447): adev_get_parameters: enter
02-24 15:52:56.215 D/AudioALSAHardware(  447): +getParameters(), key = MTK_VOW_SUPPORT
02-24 15:52:56.215 D/AudioALSAHardware(  447): -getParameters(), return "MTK_VOW_SUPPORT=false"
02-24 15:52:56.221 I/hash_map_utils(  476): key: 'MTK_VOW_SUPPORT' value: ''
02-24 15:52:56.228 I/BufferQueue(  482): [(1-1)-Window{5fba3c3 alpha=1.0 fl=}#0](this:0x76da008800,id:329,api:1,p:-1,c:-1) ~BufferQueueCore
02-24 15:52:56.229 D/VoiceWakeupManager( 1013): VoiceWakeup demo is NOT enabled in this load.
02-24 15:52:56.229 D/KeyguardSecurityView( 1013): showSecurityScreen() - get oldview forInvalid, get newview forNone
02-24 15:52:56.229 D/KeyguardSecurityView( 1013): Before update, mCurrentSecuritySelection = NoneAfter update, mCurrentSecuritySelection = None
02-24 15:52:56.233 D/KeyguardSecurityModel( 1013): isPinPukOrMeRequiredOfSubId() - phoneId = 0, simState = UNKNOWN
02-24 15:52:56.233 D/AntiTheftManager( 1013): getCurrentAntiTheftMode() is called.
02-24 15:52:56.234 D/Jamesx  ( 1013): mTextView mInitialTextColor-1
02-24 15:52:56.235 D/Jamesx  ( 1013): mTextView is null of UpdateInidction
02-24 15:52:56.235 D/Jamesx  ( 1013): mTransientTextColor is null of UpdateInidction
02-24 15:52:56.235 E/KeyguardIndication( 1013): computeIndication mHandler.sendMessageDelayed
02-24 15:52:56.235 D/James   ( 1013): Show unlock
02-24 15:52:56.236 D/KeyguardUserSwitcher( 1013): NavigationBarFragment get kids mode property ret = false
02-24 15:52:56.236 D/UserSwitcherController( 1013): refreshUsers(forcePictureLoadForId=-10000), mPauseRefreshUsers=false
02-24 15:52:56.241 D/StatusBar( 1013): updateQsExpansionEnabled - QS Expand enabled: true
02-24 15:52:56.246 D/UserSwitcherController( 1013): ==refreshUsers(info=UserInfo{0:Tresorerie:13} ,supportsSwitchToByUser: true, isEnable:true, isCurrent: true
02-24 15:52:56.250 D/KeyGuardBottomArea( 1013): get kids mode property ret = false
02-24 15:52:56.255 D/KeyguardSecurityModel( 1013): isPinPukOrMeRequiredOfSubId() - phoneId = 0, simState = UNKNOWN
02-24 15:52:56.255 D/AntiTheftManager( 1013): getCurrentAntiTheftMode() is called.
02-24 15:52:56.259 D/KeyGuardBottomArea( 1013): get kids mode property ret = false
02-24 15:52:56.261 D/KeyguardSecurityModel( 1013): isPinPukOrMeRequiredOfSubId() - phoneId = 0, simState = UNKNOWN
02-24 15:52:56.262 D/AntiTheftManager( 1013): getCurrentAntiTheftMode() is called.
02-24 15:52:56.266 D/KeyGuardBottomArea( 1013): get kids mode property ret = false
02-24 15:52:56.269 D/StatusBar( 1013): disable<e i a s b h r c s > disable2<q i n >
02-24 15:52:56.279 D/ApplicationPackageManager( 1013): hasSystemFeature android.hardware.sensor.accelerometer android.uid.systemui:10066
02-24 15:52:56.280 D/ApplicationPackageManager( 1013): hasSystemFeature android.hardware.screen.portrait android.uid.systemui:10066
02-24 15:52:56.282 D/ApplicationPackageManager( 1013): hasSystemFeature android.hardware.screen.landscape android.uid.systemui:10066
02-24 15:52:56.287 D/StatusBar( 1013): disable<e i a s b h r c s > disable2<q i n >
02-24 15:52:56.289 D/BluetoothTile( 1013): update state transientEnabling=false,enabled=true,connected=false,connecting=false
02-24 15:52:56.290 D/BluetoothTile( 1013): state.icon  other
02-24 15:52:56.290 D/KeyguardSecurityModel( 1013): isPinPukOrMeRequiredOfSubId() - phoneId = 0, simState = UNKNOWN
02-24 15:52:56.290 D/AntiTheftManager( 1013): getCurrentAntiTheftMode() is called.
02-24 15:52:56.291 V/KeyguardSecurityView( 1013): showPrimarySecurityScreen(securityMode=None)
02-24 15:52:56.291 E/RotationLockTile( 1013): rotatiion handleUpdateState
02-24 15:52:56.299 D/BluetoothTile( 1013): update state transientEnabling=false,enabled=true,connected=false,connecting=false
02-24 15:52:56.299 D/BluetoothTile( 1013): state.icon  other
02-24 15:52:56.300 E/RotationLockTile( 1013): rotatiion handleUpdateState
02-24 15:52:56.301 E/RotationLockTile( 1013): rotatiion handleUpdateState
02-24 15:52:56.320 I/BufferQueueConsumer(  482): [StatusBar#0](this:0x76da0e4000,id:5,api:1,p:1013,c:482) setDefaultBufferSize: width=1200 height=1920
02-24 15:52:56.332 D/Surface ( 1013): Surface::disconnect(this=0x7936ff8000,api=1)
02-24 15:52:56.334 I/BufferQueueProducer(  482): [StatusBar#0](this:0x76da0e4000,id:5,api:1,p:1013,c:482) disconnect(P): api 1
02-24 15:52:56.335 D/Surface ( 1013): Surface::connect(this=0x7936ff8000,api=1)
02-24 15:52:56.337 I/BufferQueueProducer(  482): [StatusBar#0](this:0x76da0e4000,id:5,api:1,p:1013,c:482) connect(P): api=1 producer=(1013:com.android.systemui) producerControlledByApp=false
02-24 15:52:56.340 D/Surface ( 1013): Surface::setBufferCount(this=0x7936ff8000,bufferCount=3)
02-24 15:52:56.351 W/View    ( 1013): requestLayout() improperly called by com.android.systemui.statusbar.notification.stack.NotificationStackScrollLayout{5dc349b V.ED..... ......ID 75,0-1125,1800 #7f0a02db app:id/notification_stack_scroller} during layout: running second layout pass
02-24 15:52:56.351 W/View    ( 1013): requestLayout() improperly called by com.android.keyguard.CarrierText{597dbd9 V.ED..... ......ID 36,0-1200,53 #7f0a01ff app:id/keyguard_carrier_text_left} during layout: running second layout pass
02-24 15:52:56.424 I/BufferQueueProducer(  482): [StatusBar#0](this:0x76da0e4000,id:5,api:1,p:1013,c:482) queueBuffer: fps=0.20 dur=5043.76 max=5043.76 min=5043.76
02-24 15:52:56.437 D/Surface ( 1013): Surface::disconnect(this=0x791ea2d000,api=1)
02-24 15:52:56.438 I/BufferQueueProducer(  482): [NavigationBar0#0](this:0x76ce68b800,id:303,api:1,p:1013,c:482) disconnect(P): api 1
02-24 15:52:56.451 D/EventBus( 1013): [1013, u0] send(SetWaitingForTransitionStartEvent)
02-24 15:52:56.456 D/UserSwitcherController( 1013): refreshUsers onPostExecute userRecords.size()=3
02-24 15:52:56.459 I/BufferQueue(  482): [NavigationBar0#0](this:0x76ce68b800,id:303,api:1,p:-1,c:-1) ~BufferQueueCore
02-24 15:52:56.471 D/PhoneStatusBarPolicy( 1013): updateBluetooth()
02-24 15:52:56.471 D/PhoneStatusBarPolicy( 1013): updateBluetooth bluetoothVisible = true
02-24 15:52:56.472 D/BluetoothTile( 1013): update state transientEnabling=false,enabled=true,connected=false,connecting=false
02-24 15:52:56.473 D/StatusBar( 1013): disable<e i a s b H!R!c s > disable2<q i n >
02-24 15:52:56.474 D/BluetoothTile( 1013): state.icon  other
02-24 15:52:56.491 I/QSTileHost( 1013): QSTileHost QSSTATUS =0--VEGASTATUS = 0
02-24 15:52:56.530 I/QSTileHost( 1013): QSTileHost QSSTATUS =0--VEGASTATUS = 0
02-24 15:52:58.719 I/hwservicemanager(  359): getTransport: Cannot find entry vendor.mediatek.hardware.mtkradioex@1.0::IMtkRadioEx/mtkCap1 in either framework or device manifest.
02-24 15:52:58.723 I/hwservicemanager(  359): getTransport: Cannot find entry vendor.mediatek.hardware.mtkradioex@1.0::IMtkRadioEx/mtkAssist1 in either framework or device manifest.
02-24 15:53:00.087 I/thermal_repeater(  653): socket -1
02-24 15:53:01.463 D/[BT]    (  448): mtk_bt_op: BT_VND_OP_LPM_WAKE_SET_STATE
02-24 15:53:02.220 I/EthernetTracker(  821): interfaceLinkStateChanged, iface: wlan0, up: true
02-24 15:53:02.229 I/netd    (  642): interfaceGetCfg("wlan0") <2.00ms>
02-24 15:53:02.449 I/NearbyPresence(27859): (REDACTED) %s verified [==] new request %s equals to the old request
02-24 15:53:02.725 I/hwservicemanager(  359): getTransport: Cannot find entry vendor.mediatek.hardware.mtkradioex@1.0::IMtkRadioEx/mtkCap1 in either framework or device manifest.
02-24 15:53:02.728 I/hwservicemanager(  359): getTransport: Cannot find entry vendor.mediatek.hardware.mtkradioex@1.0::IMtkRadioEx/mtkAssist1 in either framework or device manifest.
02-24 15:53:05.089 I/thermal_repeater(  653): socket -1
02-24 15:53:05.818 I/bbau    (14574): (REDACTED) getHotwordActive::active query: %s, watch: %s, devices connected: %s
02-24 15:53:06.472 D/NetworkManagement(  821): Uid 10155 restricted because of app standby mode
02-24 15:53:06.472 D/NetworkManagement(  821): Uid 10140 restricted because of app standby mode
02-24 15:53:06.472 D/NetworkManagement(  821): Uid 10136 restricted because of app standby mode
02-24 15:53:06.472 D/NetworkManagement(  821): Uid 10134 restricted because of app standby mode
02-24 15:53:06.472 D/NetworkManagement(  821): Uid 10132 restricted because of app standby mode
02-24 15:53:06.472 D/NetworkManagement(  821): Uid 10131 restricted because of app standby mode
02-24 15:53:06.478 D/NetworkManagement(  821): Uid 10155 restricted because of app standby mode
02-24 15:53:06.478 D/NetworkManagement(  821): Uid 10140 restricted because of app standby mode
02-24 15:53:06.478 D/NetworkManagement(  821): Uid 10136 restricted because of app standby mode
02-24 15:53:06.478 D/NetworkManagement(  821): Uid 10134 restricted because of app standby mode
02-24 15:53:06.478 D/NetworkManagement(  821): Uid 10132 restricted because of app standby mode
02-24 15:53:06.478 D/NetworkManagement(  821): Uid 10131 restricted because of app standby mode
02-24 15:53:06.479 D/BoundBrokerSvc(27669): onUnbind: Intent { act=com.google.android.gms.inappreach.service.START dat=chimera-action: cmp=com.google.android.gms/.chimera.GmsApiService }
02-24 15:53:06.487 V/NetworkPolicy(  821): updateRuleForRestrictBackgroundUL(10054): isForeground=true, isBlacklisted=false, isWhitelisted=false, isRestrictedByAdmin=false, oldRule=0 (NONE), newRule=0 (NONE), newUidRules=0 (NONE), oldUidRules=0 (NONE)
02-24 15:53:06.490 D/NetworkManagement(  821): oldRule = 0, newRule=0 for uid=10054 on chain 2
02-24 15:53:06.490 D/NetworkManagement(  821): !!!!! Skipping change
02-24 15:53:06.490 D/NetworkPolicy(  821): updateRuleForAppIdleUL 10054 to DEFAULT
02-24 15:53:06.493 V/NetworkPolicy(  821): updateRulesForPowerRestrictionsUL(10054), isIdle: false, mRestrictPower: false, mDeviceIdleMode: false, isForeground=true, isWhitelisted=false, oldRule=0 (NONE), newRule=0 (NONE), newUidRules=0 (NONE), oldUidRules=0 (NONE)
02-24 15:53:06.498 I/ActivityManager(  821): Killing 27716:com.google.android.gms:snet/u0a127 (adj 999): empty #17
02-24 15:53:06.500 D/NetworkManagement(  821): Uid 10155 restricted because of app standby mode
02-24 15:53:06.501 D/NetworkManagement(  821): Uid 10140 restricted because of app standby mode
02-24 15:53:06.501 D/NetworkManagement(  821): Uid 10136 restricted because of app standby mode
02-24 15:53:06.501 D/NetworkManagement(  821): Uid 10134 restricted because of app standby mode
02-24 15:53:06.501 D/NetworkManagement(  821): Uid 10132 restricted because of app standby mode
02-24 15:53:06.501 D/NetworkManagement(  821): Uid 10131 restricted because of app standby mode
02-24 15:53:06.591 V/ActivityManager(  821): Death received in com.android.server.am.ActivityManagerService$AppDeathRecipient@34831b3 for thread android.os.BinderProxy@853e370, mPid:27716,mApp:ProcessRecord{255d9d0 27716:com.google.android.gms:snet/u0a127}
02-24 15:53:06.593 I/libprocessgroup(  821): Successfully killed process cgroup uid 10127 pid 27716 in 88ms
02-24 15:53:06.594 I/Zygote  (  621): Process 27716 exited due to signal 9 (Killed)
02-24 15:53:06.602 D/NetworkManagement(  821): Uid 10155 restricted because of app standby mode
02-24 15:53:06.602 D/NetworkManagement(  821): Uid 10140 restricted because of app standby mode
02-24 15:53:06.602 D/NetworkManagement(  821): Uid 10136 restricted because of app standby mode
02-24 15:53:06.602 D/NetworkManagement(  821): Uid 10134 restricted because of app standby mode
02-24 15:53:06.602 D/NetworkManagement(  821): Uid 10132 restricted because of app standby mode
02-24 15:53:06.602 D/NetworkManagement(  821): Uid 10131 restricted because of app standby mode
02-24 15:53:06.729 I/hwservicemanager(  359): getTransport: Cannot find entry vendor.mediatek.hardware.mtkradioex@1.0::IMtkRadioEx/mtkCap1 in either framework or device manifest.
02-24 15:53:06.731 I/hwservicemanager(  359): getTransport: Cannot find entry vendor.mediatek.hardware.mtkradioex@1.0::IMtkRadioEx/mtkAssist1 in either framework or device manifest.
02-24 15:53:07.530 D/NetworkManagement(  821): Uid 10155 restricted because of app standby mode
02-24 15:53:07.530 D/BoundBrokerSvc(27859): onUnbind: Intent { act=com.google.android.gms.clearcut.bootcount.service.START dat=chimera-action: cmp=com.google.android.gms/.chimera.PersistentBoundBrokerService }
02-24 15:53:07.530 D/NetworkManagement(  821): Uid 10140 restricted because of app standby mode
02-24 15:53:07.530 D/NetworkManagement(  821): Uid 10136 restricted because of app standby mode
02-24 15:53:07.530 D/NetworkManagement(  821): Uid 10134 restricted because of app standby mode
02-24 15:53:07.530 D/NetworkManagement(  821): Uid 10132 restricted because of app standby mode
02-24 15:53:07.530 D/NetworkManagement(  821): Uid 10131 restricted because of app standby mode
02-24 15:53:07.566 D/BatteryService(  821): s = 1
02-24 15:53:07.566 D/BatteryService(  821): dockstate = 0
02-24 15:53:07.566 D/BatteryService(  821): dockstatus = 0
02-24 15:53:07.569 I/DeviceIdleController(  821): updateChargingLocked: charging=true
02-24 15:53:07.569 I/DeviceIdleController(  821): becomeActiveLocked, reason=charging, changeLightIdle=true
02-24 15:53:07.573 I/hwcomposer(  457): [HWC] (0) displayGetActiveConfig config:0  
02-24 15:53:07.575 D/StatusBar( 1013): ACTION_BATTERY_CHANGED, updateChargingViewValue
02-24 15:53:07.578 D/BatteryWarningReceiver( 1863): action = android.intent.action.BATTERY_CHANGED
02-24 15:53:07.578 D/BatteryWarningReceiver( 1863): mTemp  270
02-24 15:53:07.579 D/BatteryWarningReceiver( 1863): mHealth  2
02-24 15:53:07.579 D/BatteryWarningReceiver( 1863): mShutdownBatteryTemperature  580
02-24 15:53:07.599 D/ChargeProtectionService( 1013): BroadcastReceiver.onReceive:android.intent.action.BATTERY_CHANGED mEnabled=true
02-24 15:53:07.599 D/ChargeProtectionService( 1013): mEnabled enter:true
02-24 15:53:07.599 D/ChargeProtectionService( 1013): updateCharging else case mBatteryLevel:52,mBatteryStatus:3
02-24 15:53:07.603 I/QSTileHost( 1013): QSTileHost QSSTATUS =0--VEGASTATUS = 0
02-24 15:53:08.654 D/NetworkManagement(  821): Uid 10155 restricted because of app standby mode
02-24 15:53:08.654 D/NetworkManagement(  821): Uid 10140 restricted because of app standby mode
02-24 15:53:08.654 D/NetworkManagement(  821): Uid 10136 restricted because of app standby mode
02-24 15:53:08.654 D/NetworkManagement(  821): Uid 10134 restricted because of app standby mode
02-24 15:53:08.654 D/NetworkManagement(  821): Uid 10132 restricted because of app standby mode
02-24 15:53:08.654 D/NetworkManagement(  821): Uid 10131 restricted because of app standby mode
02-24 15:53:10.089 I/thermal_repeater(  653): socket -1
02-24 15:53:10.736 I/hwservicemanager(  359): getTransport: Cannot find entry vendor.mediatek.hardware.mtkradioex@1.0::IMtkRadioEx/mtkCap1 in either framework or device manifest.
02-24 15:53:10.739 I/hwservicemanager(  359): getTransport: Cannot find entry vendor.mediatek.hardware.mtkradioex@1.0::IMtkRadioEx/mtkAssist1 in either framework or device manifest.
02-24 15:53:14.744 I/hwservicemanager(  359): getTransport: Cannot find entry vendor.mediatek.hardware.mtkradioex@1.0::IMtkRadioEx/mtkCap1 in either framework or device manifest.
02-24 15:53:14.748 I/hwservicemanager(  359): getTransport: Cannot find entry vendor.mediatek.hardware.mtkradioex@1.0::IMtkRadioEx/mtkAssist1 in either framework or device manifest.
02-24 15:53:15.090 I/thermal_repeater(  653): socket -1
02-24 15:53:15.199 I/EthernetTracker(  821): interfaceLinkStateChanged, iface: wlan0, up: true
02-24 15:53:15.204 I/netd    (  642): interfaceGetCfg("wlan0") <1.74ms>
02-24 15:53:18.752 I/hwservicemanager(  359): getTransport: Cannot find entry vendor.mediatek.hardware.mtkradioex@1.0::IMtkRadioEx/mtkCap1 in either framework or device manifest.
02-24 15:53:18.755 I/hwservicemanager(  359): getTransport: Cannot find entry vendor.mediatek.hardware.mtkradioex@1.0::IMtkRadioEx/mtkAssist1 in either framework or device manifest.
02-24 15:53:20.091 I/thermal_repeater(  653): socket -1
02-24 15:53:22.247 D/AES     (  821): AEEIOCTL_GET/SET_SF_STATE IOCTL,cmd= 1074294797, lParam=0. 
02-24 15:53:22.247 D/AES     (  821): AEEIOCTL_RT_MON_Kick IOCTL,cmd= 2147774474, lParam=300. 
02-24 15:53:22.612 D/Jamesx  ( 1013): mTextView mInitialTextColor-1
02-24 15:53:22.612 D/Jamesx  ( 1013): mTextView is null of UpdateInidction
02-24 15:53:22.612 D/Jamesx  ( 1013): mTransientTextColor is null of UpdateInidction
02-24 15:53:22.612 E/KeyguardIndication( 1013): computeIndication mHandler.sendMessageDelayed
02-24 15:53:22.616 D/James   ( 1013): Show unlock
02-24 15:53:22.619 I/hwcomposer(  457): [HWC] (0) displayGetActiveConfig config:0  
02-24 15:53:22.643 D/NetworkManagement(  821): Uid 10155 restricted because of app standby mode
02-24 15:53:22.643 D/NetworkManagement(  821): Uid 10140 restricted because of app standby mode
02-24 15:53:22.643 D/NetworkManagement(  821): Uid 10136 restricted because of app standby mode
02-24 15:53:22.643 D/NetworkManagement(  821): Uid 10134 restricted because of app standby mode
02-24 15:53:22.643 D/NetworkManagement(  821): Uid 10132 restricted because of app standby mode
02-24 15:53:22.643 D/NetworkManagement(  821): Uid 10131 restricted because of app standby mode
02-24 15:53:22.648 D/NetworkManagement(  821): Uid 10155 restricted because of app standby mode
02-24 15:53:22.648 D/NetworkManagement(  821): Uid 10140 restricted because of app standby mode
02-24 15:53:22.648 D/NetworkManagement(  821): Uid 10136 restricted because of app standby mode
02-24 15:53:22.649 D/NetworkManagement(  821): Uid 10134 restricted because of app standby mode
02-24 15:53:22.649 D/NetworkManagement(  821): Uid 10132 restricted because of app standby mode
02-24 15:53:22.649 D/NetworkManagement(  821): Uid 10131 restricted because of app standby mode
02-24 15:53:22.651 D/DeviceIdleController(  821): handleMessage(7)
02-24 15:53:22.670 I/Finsky  (23097): [2] agij.onStartJob(127): SCH: job service start with id 9579.
02-24 15:53:22.700 I/Finsky  (23097): [3198] msm.a(189): SCH: Satisfied jobs for 9579 are: 12-1
02-24 15:53:22.705 I/Finsky  (23097): [3199] acxw.accept(100): SCH: Job 12-1 starting
02-24 15:53:22.708 I/Finsky  (23097): [2] ContentSyncJob.i(11): [ContentSync] job started
02-24 15:53:22.757 I/hwservicemanager(  359): getTransport: Cannot find entry vendor.mediatek.hardware.mtkradioex@1.0::IMtkRadioEx/mtkCap1 in either framework or device manifest.
02-24 15:53:22.761 I/hwservicemanager(  359): getTransport: Cannot find entry vendor.mediatek.hardware.mtkradioex@1.0::IMtkRadioEx/mtkAssist1 in either framework or device manifest.
02-24 15:53:23.749 I/Finsky  (23097): [2] naq.a(75): App states replicator found 13 unowned apps
02-24 15:53:23.769 D/NetworkManagement(  821): Uid 10155 restricted because of app standby mode
02-24 15:53:23.769 D/NetworkManagement(  821): Uid 10140 restricted because of app standby mode
