02-24 15:54:09.358 I/BufferQueueConsumer(  482): [com.tblenovo.launcher/com.android.searchlauncher.SearchLauncher#0](this:0x76ce68a000,id:339,api:0,p:-1,c:482) setConsumerName: com.tblenovo.launcher/com.android.searchlauncher.SearchLauncher#0
02-24 15:54:09.358 I/BufferQueueConsumer(  482): [com.tblenovo.launcher/com.android.searchlauncher.SearchLauncher#0](this:0x76ce68a000,id:339,api:0,p:-1,c:482) setDefaultBufferSize: width=1200 height=1920
02-24 15:54:09.360 D/ApplicationPackageManager(  821): hasSystemFeature android.hardware.type.automotive android.uid.system:1000
02-24 15:54:09.362 E/GraphicExt( 1346): GraphicExtModuleLoader::CreateGraphicExtInstance false
02-24 15:54:09.362 D/Surface ( 1346): Surface::connect(this=0x798e2c8000,api=1)
02-24 15:54:09.363 I/BufferQueueProducer(  482): [com.tblenovo.launcher/com.android.searchlauncher.SearchLauncher#0](this:0x76ce68a000,id:339,api:1,p:1346,c:482) connect(P): api=1 producer=(1346:com.tblenovo.launcher) producerControlledByApp=false
02-24 15:54:09.364 I/cjtj    (31532): onStart
02-24 15:54:09.364 D/Surface ( 1346): Surface::setBufferCount(this=0x798e2c8000,bufferCount=3)
02-24 15:54:09.365 D/Surface ( 1346): Surface::allocateBuffers(this=0x798e2c8000)
02-24 15:54:09.366 E/jindi10 ( 1346): Lenovo TB-X606F
02-24 15:54:09.369 I/chatty  ( 1346): uid=10054(com.tblenovo.launcher) identical 9 lines
02-24 15:54:09.369 E/jindi10 ( 1346): Lenovo TB-X606F
02-24 15:54:09.372 I/cjtj    (31532): onResume
02-24 15:54:09.377 D/NavigationBar( 1013): sjj ---- onTaskStackChanged
02-24 15:54:09.384 D/ApplicationPackageManager(  821): hasSystemFeature android.hardware.type.automotive android.uid.system:1000
02-24 15:54:09.384 D/ApplicationPackageManager(  821): hasSystemFeature android.software.picture_in_picture android.uid.system:1000
02-24 15:54:09.385 D/ApplicationPackageManager(  821): hasSystemFeature android.hardware.type.automotive android.uid.system:1000
02-24 15:54:09.389 I/GoogleInputMethodService( 1400): GoogleInputMethodService.onFinishInput():2589 
02-24 15:54:09.389 E/jindi20 ( 1346): REQUEST_NONE
02-24 15:54:09.389 E/jindi20 ( 1346): REQUEST_NONE
02-24 15:54:09.390 I/Module  ( 1400): DeviceLockedStatusModuleProvider$Module.updateDeviceLockedStatus():100 repeatCheckTimes = 0, locked = false
02-24 15:54:09.390 D/PowerHalWrapper(  821): amsBoostStop AMS_BOOST_PACK_SWITCH:true, AMS_BOOST_ACT_SWITCH:false, AMS_BOOST_PROCESS_CREATE:false 
02-24 15:54:09.391 I/libPowerHal(  471): 32: cpu_ctrl set freq: -1 -1 -1 -1
02-24 15:54:09.391 D/NetworkManagement(  821): Uid 10155 restricted because of app standby mode
02-24 15:54:09.391 D/NetworkManagement(  821): Uid 10140 restricted because of app standby mode
02-24 15:54:09.391 D/NetworkManagement(  821): Uid 10136 restricted because of app standby mode
02-24 15:54:09.391 D/NetworkManagement(  821): Uid 10134 restricted because of app standby mode
02-24 15:54:09.391 I/GoogleInputMethodService( 1400): GoogleInputMethodService.onStartInput():1568 onStartInput(EditorInfo{EditorInfo{packageName=com.tblenovo.launcher, inputType=0, inputTypeString=NULL, enableLearning=false, autoCorrection=false, autoComplete=false, imeOptions=0, privateImeOptions=null, actionName=UNSPECIFIED, actionLabel=null, initialSelStart=-1, initialSelEnd=-1, initialCapsMode=0, label=null, fieldId=-1, fieldName=null, extras=null, hintText=null, hintLocales=[]}}, false)
02-24 15:54:09.391 D/NetworkManagement(  821): Uid 10132 restricted because of app standby mode
02-24 15:54:09.391 D/NetworkManagement(  821): Uid 10131 restricted because of app standby mode
02-24 15:54:09.393 I/Module  ( 1400): DeviceLockedStatusModuleProvider$Module.updateDeviceLockedStatus():100 repeatCheckTimes = 1, locked = false
02-24 15:54:09.394 I/AndroidIME( 1400): InputBundleManager.loadActiveInputBundleId():407 loadActiveInputBundleId: und-Latn-x-password, password
02-24 15:54:09.397 D/EventBus( 1013): [1013, u0] send(SetWaitingForTransitionStartEvent)
02-24 15:54:09.398 D/EventBus( 1013): [1013, u0] send(SetWaitingForTransitionStartEvent)
02-24 15:54:09.678 D/TaskBarFrame_sjj( 1013): reload tasks
02-24 15:54:09.686 D/TaskBarFrame_sjj( 1013): reload tasks
02-24 15:54:09.697 D/TaskBarFrame_sjj( 1013): onBindViewHolder : 0
02-24 15:54:09.699 D/TaskBarFrame_sjj( 1013): mTasks length = 4; TaskId = 134
02-24 15:54:09.699 D/TaskBarFrame_sjj( 1013): running task : 122
02-24 15:54:09.700 D/TaskBarFrame_sjj( 1013): onBindViewHolder : 1
02-24 15:54:09.702 D/TaskBarFrame_sjj( 1013): mTasks length = 4; TaskId = 136
02-24 15:54:09.703 D/TaskBarFrame_sjj( 1013): running task : 122
02-24 15:54:09.704 D/TaskBarFrame_sjj( 1013): onBindViewHolder : 2
02-24 15:54:09.706 D/TaskBarFrame_sjj( 1013): mTasks length = 4; TaskId = 153
02-24 15:54:09.706 D/TaskBarFrame_sjj( 1013): running task : 122
02-24 15:54:09.707 D/TaskBarFrame_sjj( 1013): onBindViewHolder : 3
02-24 15:54:09.709 D/TaskBarFrame_sjj( 1013): mTasks length = 4; TaskId = 155
02-24 15:54:09.710 D/TaskBarFrame_sjj( 1013): running task : 122
02-24 15:54:09.733 D/[BT]    (  448): mtk_bt_op: BT_VND_OP_LPM_WAKE_SET_STATE
02-24 15:54:09.821 W/putmethod.lati( 1400): Reducing the number of considered missed Gc histogram windows from 289 to 100
02-24 15:54:10.101 I/thermal_repeater(  653): socket -1
02-24 15:54:10.563 I/NearbyPresence(27859): (REDACTED) %s verified [==] new request %s equals to the old request
02-24 15:54:10.844 I/hwservicemanager(  359): getTransport: Cannot find entry vendor.mediatek.hardware.mtkradioex@1.0::IMtkRadioEx/mtkCap1 in either framework or device manifest.
02-24 15:54:10.847 I/hwservicemanager(  359): getTransport: Cannot find entry vendor.mediatek.hardware.mtkradioex@1.0::IMtkRadioEx/mtkAssist1 in either framework or device manifest.
02-24 15:54:11.699 E/WifiVendorHal(  821): getWifiLinkLayerStats_1_3_Internal(l.927) failed {.code = ERROR_NOT_SUPPORTED, .description = }
02-24 15:54:14.402 E/PanelView( 1013):  isAllow=1 mKgm.isDeviceLocked()=false
02-24 15:54:14.402 D/PanelView( 1013): NavigationBarFragment get kids mode property ret = false
02-24 15:54:14.405 D/ApplicationPackageManager( 1013): hasSystemFeature android.hardware.sensor.accelerometer android.uid.systemui:10066
02-24 15:54:14.406 D/ApplicationPackageManager( 1013): hasSystemFeature android.hardware.screen.portrait android.uid.systemui:10066
02-24 15:54:14.407 I/hwcomposer(  457): [HWC] (0) displayGetActiveConfig config:0  
02-24 15:54:14.407 D/ApplicationPackageManager( 1013): hasSystemFeature android.hardware.screen.landscape android.uid.systemui:10066
02-24 15:54:14.415 D/BluetoothTile( 1013): update state transientEnabling=false,enabled=true,connected=false,connecting=false
02-24 15:54:14.415 D/BluetoothTile( 1013): state.icon  other
02-24 15:54:14.417 D/StatusBar( 1013): disable<e i a s b h r c s > disable2<q i n >
02-24 15:54:14.421 D/PhoneStatusBarPolicy( 1013): updateBluetooth()
02-24 15:54:14.421 D/PhoneStatusBarPolicy( 1013): updateBluetooth bluetoothVisible = true
02-24 15:54:14.421 E/RotationLockTile( 1013): rotatiion handleUpdateState
02-24 15:54:14.426 D/BluetoothTile( 1013): update state transientEnabling=false,enabled=true,connected=false,connecting=false
02-24 15:54:14.426 D/BluetoothTile( 1013): state.icon  other
02-24 15:54:14.427 E/RotationLockTile( 1013): rotatiion handleUpdateState
02-24 15:54:14.428 E/RotationLockTile( 1013): rotatiion handleUpdateState
02-24 15:54:14.429 E/PanelView( 1013):  isAllow=1 mKgm.isDeviceLocked()=false
02-24 15:54:14.429 D/PanelView( 1013): NavigationBarFragment get kids mode property ret = false
02-24 15:54:14.430 D/BluetoothTile( 1013): update state transientEnabling=false,enabled=true,connected=false,connecting=false
02-24 15:54:14.431 D/BluetoothTile( 1013): state.icon  other
02-24 15:54:14.435 I/BufferQueueConsumer(  482): [StatusBar#0](this:0x76da0e4000,id:5,api:1,p:1013,c:482) setDefaultBufferSize: width=1200 height=1920
02-24 15:54:14.438 D/ApplicationPackageManager(  821): hasSystemFeature android.hardware.type.automotive android.uid.system:1000
02-24 15:54:14.443 D/Surface ( 1013): Surface::disconnect(this=0x7936ff8000,api=1)
02-24 15:54:14.444 I/BufferQueueProducer(  482): [StatusBar#0](this:0x76da0e4000,id:5,api:1,p:1013,c:482) disconnect(P): api 1
02-24 15:54:14.445 D/Surface ( 1013): Surface::connect(this=0x7936ff8000,api=1)
02-24 15:54:14.445 I/BufferQueueProducer(  482): [StatusBar#0](this:0x76da0e4000,id:5,api:1,p:1013,c:482) connect(P): api=1 producer=(1013:com.android.systemui) producerControlledByApp=false
02-24 15:54:14.446 D/Surface ( 1013): Surface::setBufferCount(this=0x7936ff8000,bufferCount=3)
02-24 15:54:14.447 I/hwcomposer(  457): [HWCDisplay] [Display_0 (type:1)] fps:7.060623,dur:5381.96,max:4716.52,min:14.03  
02-24 15:54:14.462 E/PanelView( 1013):  isAllow=1 mKgm.isDeviceLocked()=false
02-24 15:54:14.463 D/PanelView( 1013): NavigationBarFragment get kids mode property ret = false
02-24 15:54:14.467 D/NotificationService(  821): clearEffects
02-24 15:54:14.467 I/BufferQueueProducer(  482): [StatusBar#0](this:0x76da0e4000,id:5,api:1,p:1013,c:482) queueBuffer: fps=3.28 dur=11574.36 max=10757.56 min=7.50
02-24 15:54:14.469 D/BatteryService(  821): s = 1
02-24 15:54:14.469 D/BatteryService(  821): dockstate = 0
02-24 15:54:14.470 D/BatteryService(  821): dockstatus = 0
02-24 15:54:14.470 I/BatteryService(  821): receive LENOVO_NOTIFICATION_LIGHT_OPENED notificationLightStatus = 0
02-24 15:54:14.473 D/ApplicationPackageManager(  821): hasSystemFeature android.hardware.type.automotive android.uid.system:1000
02-24 15:54:14.483 I/QSTileHost( 1013): QSTileHost QSSTATUS =0--VEGASTATUS = 0
02-24 15:54:14.492 I/QSTileHost( 1013): QSTileHost QSSTATUS =0--VEGASTATUS = 0
02-24 15:54:14.495 E/PanelView( 1013):  isAllow=1 mKgm.isDeviceLocked()=false
02-24 15:54:14.495 D/PanelView( 1013): NavigationBarFragment get kids mode property ret = false
02-24 15:54:14.514 E/PanelView( 1013):  isAllow=1 mKgm.isDeviceLocked()=false
02-24 15:54:14.514 D/PanelView( 1013): NavigationBarFragment get kids mode property ret = false
02-24 15:54:14.529 E/PanelView( 1013):  isAllow=1 mKgm.isDeviceLocked()=false
02-24 15:54:14.529 D/PanelView( 1013): NavigationBarFragment get kids mode property ret = false
02-24 15:54:14.538 V/Ted     (  821): topPackageName :com.android.systemui
02-24 15:54:14.547 E/PanelView( 1013):  isAllow=1 mKgm.isDeviceLocked()=false
02-24 15:54:14.547 D/PanelView( 1013): NavigationBarFragment get kids mode property ret = false
02-24 15:54:14.565 E/PanelView( 1013):  isAllow=1 mKgm.isDeviceLocked()=false
02-24 15:54:14.565 D/PanelView( 1013): NavigationBarFragment get kids mode property ret = false
02-24 15:54:14.581 E/PanelView( 1013):  isAllow=1 mKgm.isDeviceLocked()=false
02-24 15:54:14.581 D/PanelView( 1013): NavigationBarFragment get kids mode property ret = false
02-24 15:54:14.596 E/PanelView( 1013):  isAllow=1 mKgm.isDeviceLocked()=false
02-24 15:54:14.596 D/PanelView( 1013): NavigationBarFragment get kids mode property ret = false
02-24 15:54:14.615 E/PanelView( 1013):  isAllow=1 mKgm.isDeviceLocked()=false
02-24 15:54:14.616 D/PanelView( 1013): NavigationBarFragment get kids mode property ret = false
02-24 15:54:14.630 E/PanelView( 1013):  isAllow=1 mKgm.isDeviceLocked()=false
02-24 15:54:14.630 D/PanelView( 1013): NavigationBarFragment get kids mode property ret = false
02-24 15:54:14.646 E/PanelView( 1013):  isAllow=1 mKgm.isDeviceLocked()=false
02-24 15:54:14.647 D/PanelView( 1013): NavigationBarFragment get kids mode property ret = false
02-24 15:54:14.663 E/PanelView( 1013):  isAllow=1 mKgm.isDeviceLocked()=false
02-24 15:54:14.663 D/PanelView( 1013): NavigationBarFragment get kids mode property ret = false
02-24 15:54:14.681 E/PanelView( 1013):  isAllow=1 mKgm.isDeviceLocked()=false
02-24 15:54:14.681 D/PanelView( 1013): NavigationBarFragment get kids mode property ret = false
02-24 15:54:14.698 E/PanelView( 1013):  isAllow=1 mKgm.isDeviceLocked()=false
02-24 15:54:14.698 D/PanelView( 1013): NavigationBarFragment get kids mode property ret = false
02-24 15:54:14.713 E/PanelView( 1013):  isAllow=1 mKgm.isDeviceLocked()=false
02-24 15:54:14.713 D/PanelView( 1013): NavigationBarFragment get kids mode property ret = false
02-24 15:54:14.718 E/WifiVendorHal(  821): getWifiLinkLayerStats_1_3_Internal(l.927) failed {.code = ERROR_NOT_SUPPORTED, .description = }
02-24 15:54:14.731 E/PanelView( 1013):  isAllow=1 mKgm.isDeviceLocked()=false
02-24 15:54:14.731 D/PanelView( 1013): NavigationBarFragment get kids mode property ret = false
02-24 15:54:14.737 D/WM-NetworkStateTracker(31532): Network capabilities changed: [ Transports: WIFI Capabilities: NOT_METERED&INTERNET&NOT_RESTRICTED&TRUSTED&NOT_VPN&VALIDATED&NOT_ROAMING&FOREGROUND&NOT_CONGESTED&NOT_SUSPENDED LinkUpBandwidth>=1048576Kbps LinkDnBandwidth>=1048576Kbps SignalStrength: -56]
02-24 15:54:14.748 E/PanelView( 1013):  isAllow=1 mKgm.isDeviceLocked()=false
02-24 15:54:14.748 D/PanelView( 1013): NavigationBarFragment get kids mode property ret = false
02-24 15:54:14.763 E/PanelView( 1013):  isAllow=1 mKgm.isDeviceLocked()=false
02-24 15:54:14.763 D/PanelView( 1013): NavigationBarFragment get kids mode property ret = false
02-24 15:54:14.781 E/PanelView( 1013):  isAllow=1 mKgm.isDeviceLocked()=false
02-24 15:54:14.781 D/PanelView( 1013): NavigationBarFragment get kids mode property ret = false
02-24 15:54:14.798 E/PanelView( 1013):  isAllow=1 mKgm.isDeviceLocked()=false
02-24 15:54:14.798 D/PanelView( 1013): NavigationBarFragment get kids mode property ret = false
02-24 15:54:14.814 E/PanelView( 1013):  isAllow=1 mKgm.isDeviceLocked()=false
02-24 15:54:14.814 D/PanelView( 1013): NavigationBarFragment get kids mode property ret = false
02-24 15:54:14.831 E/PanelView( 1013):  isAllow=1 mKgm.isDeviceLocked()=false
02-24 15:54:14.831 D/PanelView( 1013): NavigationBarFragment get kids mode property ret = false
02-24 15:54:14.847 E/PanelView( 1013):  isAllow=1 mKgm.isDeviceLocked()=false
02-24 15:54:14.848 D/PanelView( 1013): NavigationBarFragment get kids mode property ret = false
02-24 15:54:14.850 I/hwservicemanager(  359): getTransport: Cannot find entry vendor.mediatek.hardware.mtkradioex@1.0::IMtkRadioEx/mtkCap1 in either framework or device manifest.
02-24 15:54:14.852 I/hwservicemanager(  359): getTransport: Cannot find entry vendor.mediatek.hardware.mtkradioex@1.0::IMtkRadioEx/mtkAssist1 in either framework or device manifest.
02-24 15:54:14.865 E/PanelView( 1013):  isAllow=1 mKgm.isDeviceLocked()=false
02-24 15:54:14.865 D/PanelView( 1013): NavigationBarFragment get kids mode property ret = false
02-24 15:54:14.883 E/PanelView( 1013):  isAllow=1 mKgm.isDeviceLocked()=false
02-24 15:54:14.883 D/PanelView( 1013): NavigationBarFragment get kids mode property ret = false
02-24 15:54:14.897 E/PanelView( 1013):  isAllow=1 mKgm.isDeviceLocked()=false
02-24 15:54:14.898 D/PanelView( 1013): NavigationBarFragment get kids mode property ret = false
02-24 15:54:14.914 E/PanelView( 1013):  isAllow=1 mKgm.isDeviceLocked()=false
02-24 15:54:14.914 D/PanelView( 1013): NavigationBarFragment get kids mode property ret = false
02-24 15:54:14.930 E/PanelView( 1013):  isAllow=1 mKgm.isDeviceLocked()=false
02-24 15:54:14.930 D/PanelView( 1013): NavigationBarFragment get kids mode property ret = false
02-24 15:54:14.950 E/PanelView( 1013):  isAllow=1 mKgm.isDeviceLocked()=false
02-24 15:54:14.950 D/PanelView( 1013): NavigationBarFragment get kids mode property ret = false
02-24 15:54:14.963 E/PanelView( 1013):  isAllow=1 mKgm.isDeviceLocked()=false
02-24 15:54:14.964 D/PanelView( 1013): NavigationBarFragment get kids mode property ret = false
02-24 15:54:14.979 E/PanelView( 1013):  isAllow=1 mKgm.isDeviceLocked()=false
02-24 15:54:14.980 D/PanelView( 1013): NavigationBarFragment get kids mode property ret = false
02-24 15:54:14.996 E/PanelView( 1013):  isAllow=1 mKgm.isDeviceLocked()=false
02-24 15:54:14.996 D/PanelView( 1013): NavigationBarFragment get kids mode property ret = false
02-24 15:54:15.014 E/PanelView( 1013):  isAllow=1 mKgm.isDeviceLocked()=false
02-24 15:54:15.014 D/PanelView( 1013): NavigationBarFragment get kids mode property ret = false
02-24 15:54:15.030 E/PanelView( 1013):  isAllow=1 mKgm.isDeviceLocked()=false
02-24 15:54:15.030 D/PanelView( 1013): NavigationBarFragment get kids mode property ret = false
02-24 15:54:15.048 E/PanelView( 1013):  isAllow=1 mKgm.isDeviceLocked()=false
02-24 15:54:15.049 D/PanelView( 1013): NavigationBarFragment get kids mode property ret = false
02-24 15:54:15.064 E/PanelView( 1013):  isAllow=1 mKgm.isDeviceLocked()=false
02-24 15:54:15.065 D/PanelView( 1013): NavigationBarFragment get kids mode property ret = false
02-24 15:54:15.081 E/PanelView( 1013):  isAllow=1 mKgm.isDeviceLocked()=false
02-24 15:54:15.081 D/PanelView( 1013): NavigationBarFragment get kids mode property ret = false
02-24 15:54:15.097 E/PanelView( 1013):  isAllow=1 mKgm.isDeviceLocked()=false
02-24 15:54:15.097 D/PanelView( 1013): NavigationBarFragment get kids mode property ret = false
02-24 15:54:15.102 I/thermal_repeater(  653): socket -1
02-24 15:54:15.113 E/PanelView( 1013):  isAllow=1 mKgm.isDeviceLocked()=false
02-24 15:54:15.114 D/PanelView( 1013): NavigationBarFragment get kids mode property ret = false
02-24 15:54:15.131 E/PanelView( 1013):  isAllow=1 mKgm.isDeviceLocked()=false
02-24 15:54:15.131 D/PanelView( 1013): NavigationBarFragment get kids mode property ret = false
02-24 15:54:15.147 E/PanelView( 1013):  isAllow=1 mKgm.isDeviceLocked()=false
02-24 15:54:15.148 D/PanelView( 1013): NavigationBarFragment get kids mode property ret = false
02-24 15:54:15.164 E/PanelView( 1013):  isAllow=1 mKgm.isDeviceLocked()=false
02-24 15:54:15.164 D/PanelView( 1013): NavigationBarFragment get kids mode property ret = false
02-24 15:54:15.181 E/PanelView( 1013):  isAllow=1 mKgm.isDeviceLocked()=false
02-24 15:54:15.181 D/PanelView( 1013): NavigationBarFragment get kids mode property ret = false
02-24 15:54:15.197 E/PanelView( 1013):  isAllow=1 mKgm.isDeviceLocked()=false
02-24 15:54:15.197 D/PanelView( 1013): NavigationBarFragment get kids mode property ret = false
02-24 15:54:15.214 E/PanelView( 1013):  isAllow=1 mKgm.isDeviceLocked()=false
02-24 15:54:15.214 D/PanelView( 1013): NavigationBarFragment get kids mode property ret = false
02-24 15:54:15.230 E/PanelView( 1013):  isAllow=1 mKgm.isDeviceLocked()=false
02-24 15:54:15.230 D/PanelView( 1013): NavigationBarFragment get kids mode property ret = false
02-24 15:54:15.248 E/PanelView( 1013):  isAllow=1 mKgm.isDeviceLocked()=false
02-24 15:54:15.248 D/PanelView( 1013): NavigationBarFragment get kids mode property ret = false
02-24 15:54:15.263 E/PanelView( 1013):  isAllow=1 mKgm.isDeviceLocked()=false
02-24 15:54:15.264 D/PanelView( 1013): NavigationBarFragment get kids mode property ret = false
02-24 15:54:15.280 E/PanelView( 1013):  isAllow=1 mKgm.isDeviceLocked()=false
02-24 15:54:15.280 D/PanelView( 1013): NavigationBarFragment get kids mode property ret = false
02-24 15:54:15.297 E/PanelView( 1013):  isAllow=1 mKgm.isDeviceLocked()=false
02-24 15:54:15.297 D/PanelView( 1013): NavigationBarFragment get kids mode property ret = false
02-24 15:54:15.314 E/PanelView( 1013):  isAllow=1 mKgm.isDeviceLocked()=false
02-24 15:54:15.315 D/PanelView( 1013): NavigationBarFragment get kids mode property ret = false
02-24 15:54:15.331 E/PanelView( 1013):  isAllow=1 mKgm.isDeviceLocked()=false
02-24 15:54:15.331 D/PanelView( 1013): NavigationBarFragment get kids mode property ret = false
02-24 15:54:15.347 E/PanelView( 1013):  isAllow=1 mKgm.isDeviceLocked()=false
02-24 15:54:15.347 D/PanelView( 1013): NavigationBarFragment get kids mode property ret = false
02-24 15:54:15.364 E/PanelView( 1013):  isAllow=1 mKgm.isDeviceLocked()=false
02-24 15:54:15.364 D/PanelView( 1013): NavigationBarFragment get kids mode property ret = false
02-24 15:54:15.381 E/PanelView( 1013):  isAllow=1 mKgm.isDeviceLocked()=false
02-24 15:54:15.381 D/PanelView( 1013): NavigationBarFragment get kids mode property ret = false
02-24 15:54:15.397 E/PanelView( 1013):  isAllow=1 mKgm.isDeviceLocked()=false
02-24 15:54:15.397 D/PanelView( 1013): NavigationBarFragment get kids mode property ret = false
02-24 15:54:15.413 E/PanelView( 1013):  isAllow=1 mKgm.isDeviceLocked()=false
02-24 15:54:15.413 D/PanelView( 1013): NavigationBarFragment get kids mode property ret = false
02-24 15:54:15.429 E/PanelView( 1013):  isAllow=1 mKgm.isDeviceLocked()=false
02-24 15:54:15.429 D/PanelView( 1013): NavigationBarFragment get kids mode property ret = false
02-24 15:54:15.446 E/PanelView( 1013):  isAllow=1 mKgm.isDeviceLocked()=false
02-24 15:54:15.446 D/PanelView( 1013): NavigationBarFragment get kids mode property ret = false
02-24 15:54:15.463 I/hwcomposer(  457): [HWCDisplay] [Display_0 (type:1)] fps:60.038731,dur:1016.01,max:18.54,min:15.10  
02-24 15:54:15.463 E/PanelView( 1013):  isAllow=1 mKgm.isDeviceLocked()=false
02-24 15:54:15.463 D/PanelView( 1013): NavigationBarFragment get kids mode property ret = false
02-24 15:54:15.465 D/NotificationService(  821): Marking notification as visible -1|android|32|null|1000
02-24 15:54:15.471 I/BufferQueueProducer(  482): [StatusBar#0](this:0x76da0e4000,id:5,api:1,p:1013,c:482) queueBuffer: fps=58.79 dur=1003.60 max=31.48 min=8.52
02-24 15:54:15.480 E/PanelView( 1013):  isAllow=1 mKgm.isDeviceLocked()=false
02-24 15:54:15.480 D/PanelView( 1013): NavigationBarFragment get kids mode property ret = false
02-24 15:54:15.497 E/PanelView( 1013):  isAllow=1 mKgm.isDeviceLocked()=false
02-24 15:54:15.497 D/PanelView( 1013): NavigationBarFragment get kids mode property ret = false
02-24 15:54:15.514 E/PanelView( 1013):  isAllow=1 mKgm.isDeviceLocked()=false
02-24 15:54:15.514 D/PanelView( 1013): NavigationBarFragment get kids mode property ret = false
02-24 15:54:15.531 E/PanelView( 1013):  isAllow=1 mKgm.isDeviceLocked()=false
02-24 15:54:15.531 D/PanelView( 1013): NavigationBarFragment get kids mode property ret = false
02-24 15:54:15.548 E/PanelView( 1013):  isAllow=1 mKgm.isDeviceLocked()=false
02-24 15:54:15.548 D/PanelView( 1013): NavigationBarFragment get kids mode property ret = false
02-24 15:54:15.564 E/PanelView( 1013):  isAllow=1 mKgm.isDeviceLocked()=false
02-24 15:54:15.565 D/PanelView( 1013): NavigationBarFragment get kids mode property ret = false
02-24 15:54:15.581 E/PanelView( 1013):  isAllow=1 mKgm.isDeviceLocked()=false
02-24 15:54:15.581 D/PanelView( 1013): NavigationBarFragment get kids mode property ret = false
02-24 15:54:15.588 D/BoundBrokerSvc(27859): onUnbind: Intent { act=com.google.android.gms.clearcut.bootcount.service.START dat=chimera-action: cmp=com.google.android.gms/.chimera.PersistentBoundBrokerService }
02-24 15:54:15.588 D/NetworkManagement(  821): Uid 10155 restricted because of app standby mode
02-24 15:54:15.588 D/NetworkManagement(  821): Uid 10140 restricted because of app standby mode
02-24 15:54:15.588 D/NetworkManagement(  821): Uid 10136 restricted because of app standby mode
02-24 15:54:15.588 D/NetworkManagement(  821): Uid 10134 restricted because of app standby mode
02-24 15:54:15.588 D/NetworkManagement(  821): Uid 10132 restricted because of app standby mode
02-24 15:54:15.588 D/NetworkManagement(  821): Uid 10131 restricted because of app standby mode
02-24 15:54:15.613 E/PanelView( 1013):  isAllow=1 mKgm.isDeviceLocked()=false
02-24 15:54:15.613 D/PanelView( 1013): NavigationBarFragment get kids mode property ret = false
02-24 15:54:15.631 E/PanelView( 1013):  isAllow=1 mKgm.isDeviceLocked()=false
02-24 15:54:15.631 D/PanelView( 1013): NavigationBarFragment get kids mode property ret = false
02-24 15:54:15.646 E/PanelView( 1013):  isAllow=1 mKgm.isDeviceLocked()=false
02-24 15:54:15.646 D/PanelView( 1013): NavigationBarFragment get kids mode property ret = false
02-24 15:54:15.664 E/PanelView( 1013):  isAllow=1 mKgm.isDeviceLocked()=false
02-24 15:54:15.664 D/PanelView( 1013): NavigationBarFragment get kids mode property ret = false
02-24 15:54:15.680 E/PanelView( 1013):  isAllow=1 mKgm.isDeviceLocked()=false
02-24 15:54:15.680 D/PanelView( 1013): NavigationBarFragment get kids mode property ret = false
02-24 15:54:15.698 E/PanelView( 1013):  isAllow=1 mKgm.isDeviceLocked()=false
02-24 15:54:15.698 D/PanelView( 1013): NavigationBarFragment get kids mode property ret = false
02-24 15:54:15.714 E/PanelView( 1013):  isAllow=1 mKgm.isDeviceLocked()=false
02-24 15:54:15.714 D/PanelView( 1013): NavigationBarFragment get kids mode property ret = false
02-24 15:54:15.731 E/PanelView( 1013):  isAllow=1 mKgm.isDeviceLocked()=false
02-24 15:54:15.731 D/PanelView( 1013): NavigationBarFragment get kids mode property ret = false
02-24 15:54:15.747 E/PanelView( 1013):  isAllow=1 mKgm.isDeviceLocked()=false
02-24 15:54:15.747 D/PanelView( 1013): NavigationBarFragment get kids mode property ret = false
02-24 15:54:15.765 E/PanelView( 1013):  isAllow=1 mKgm.isDeviceLocked()=false
02-24 15:54:15.765 D/PanelView( 1013): NavigationBarFragment get kids mode property ret = false
02-24 15:54:15.780 E/PanelView( 1013):  isAllow=1 mKgm.isDeviceLocked()=false
02-24 15:54:15.780 D/PanelView( 1013): NavigationBarFragment get kids mode property ret = false
02-24 15:54:15.797 E/PanelView( 1013):  isAllow=1 mKgm.isDeviceLocked()=false
02-24 15:54:15.797 D/PanelView( 1013): NavigationBarFragment get kids mode property ret = false
02-24 15:54:15.813 E/PanelView( 1013):  isAllow=1 mKgm.isDeviceLocked()=false
02-24 15:54:15.813 D/PanelView( 1013): NavigationBarFragment get kids mode property ret = false
02-24 15:54:15.831 E/PanelView( 1013):  isAllow=1 mKgm.isDeviceLocked()=false
02-24 15:54:15.831 D/PanelView( 1013): NavigationBarFragment get kids mode property ret = false
02-24 15:54:15.847 E/PanelView( 1013):  isAllow=1 mKgm.isDeviceLocked()=false
02-24 15:54:15.847 D/PanelView( 1013): NavigationBarFragment get kids mode property ret = false
02-24 15:54:15.863 E/PanelView( 1013):  isAllow=1 mKgm.isDeviceLocked()=false
02-24 15:54:15.863 D/PanelView( 1013): NavigationBarFragment get kids mode property ret = false
02-24 15:54:15.880 E/PanelView( 1013):  isAllow=1 mKgm.isDeviceLocked()=false
02-24 15:54:15.880 D/PanelView( 1013): NavigationBarFragment get kids mode property ret = false
02-24 15:54:15.896 E/PanelView( 1013):  isAllow=1 mKgm.isDeviceLocked()=false
02-24 15:54:15.897 D/PanelView( 1013): NavigationBarFragment get kids mode property ret = false
02-24 15:54:15.913 E/PanelView( 1013):  isAllow=1 mKgm.isDeviceLocked()=false
02-24 15:54:15.914 D/PanelView( 1013): NavigationBarFragment get kids mode property ret = false
02-24 15:54:15.930 E/PanelView( 1013):  isAllow=1 mKgm.isDeviceLocked()=false
02-24 15:54:15.930 D/PanelView( 1013): NavigationBarFragment get kids mode property ret = false
02-24 15:54:15.947 E/PanelView( 1013):  isAllow=1 mKgm.isDeviceLocked()=false
02-24 15:54:15.947 D/PanelView( 1013): NavigationBarFragment get kids mode property ret = false
02-24 15:54:15.963 E/PanelView( 1013):  isAllow=1 mKgm.isDeviceLocked()=false
02-24 15:54:15.963 D/PanelView( 1013): NavigationBarFragment get kids mode property ret = false
02-24 15:54:15.979 E/PanelView( 1013):  isAllow=1 mKgm.isDeviceLocked()=false
02-24 15:54:15.980 D/PanelView( 1013): NavigationBarFragment get kids mode property ret = false
02-24 15:54:15.996 E/PanelView( 1013):  isAllow=1 mKgm.isDeviceLocked()=false
02-24 15:54:15.996 D/PanelView( 1013): NavigationBarFragment get kids mode property ret = false
02-24 15:54:16.014 E/PanelView( 1013):  isAllow=1 mKgm.isDeviceLocked()=false
02-24 15:54:16.014 D/PanelView( 1013): NavigationBarFragment get kids mode property ret = false
02-24 15:54:16.030 E/PanelView( 1013):  isAllow=1 mKgm.isDeviceLocked()=false
02-24 15:54:16.030 D/PanelView( 1013): NavigationBarFragment get kids mode property ret = false
02-24 15:54:16.046 E/PanelView( 1013):  isAllow=1 mKgm.isDeviceLocked()=false
02-24 15:54:16.046 D/PanelView( 1013): NavigationBarFragment get kids mode property ret = false
02-24 15:54:16.063 E/PanelView( 1013):  isAllow=1 mKgm.isDeviceLocked()=false
02-24 15:54:16.063 D/PanelView( 1013): NavigationBarFragment get kids mode property ret = false
02-24 15:54:16.069 E/PanelView( 1013):  isAllow=1 mKgm.isDeviceLocked()=false
02-24 15:54:16.069 D/PanelView( 1013): NavigationBarFragment get kids mode property ret = false
02-24 15:54:16.070 D/James   ( 1013): UpX: 571.52374 DownX:666.44464 UpY: 1261.33 DownY:-6.0098915
02-24 15:54:16.070 D/James   ( 1013): *** BEGIN checkAndStartFaceDetecting()
02-24 15:54:16.070 D/James   ( 1013): mFaceUnlockManager.isFaceunlockDisabled()
02-24 15:54:16.464 I/hwcomposer(  457): [HWCDisplay] [Display_0 (type:1)] fps:58.955723,dur:1000.75,max:32.94,min:15.26  
02-24 15:54:16.972 I/BufferQueueProducer(  482): [StatusBar#0](this:0x76da0e4000,id:5,api:1,p:1013,c:482) queueBuffer: fps=39.98 dur=1500.93 max=514.38 min=11.79
02-24 15:54:17.736 E/WifiVendorHal(  821): getWifiLinkLayerStats_1_3_Internal(l.927) failed {.code = ERROR_NOT_SUPPORTED, .description = }
02-24 15:54:17.762 D/WM-NetworkStateTracker(31532): Network capabilities changed: [ Transports: WIFI Capabilities: NOT_METERED&INTERNET&NOT_RESTRICTED&TRUSTED&NOT_VPN&VALIDATED&NOT_ROAMING&FOREGROUND&NOT_CONGESTED&NOT_SUSPENDED LinkUpBandwidth>=1048576Kbps LinkDnBandwidth>=1048576Kbps SignalStrength: -55]
02-24 15:54:17.765 I/hwcomposer(  457): [HWC] (0) displayGetActiveConfig config:0  
02-24 15:54:17.797 I/hwcomposer(  457): [HWCDisplay] [Display_0 (type:1)] fps:14.250517,dur:1333.29,max:533.86,min:15.63  
02-24 15:54:18.410 D/NetworkManagement(  821): Uid 10155 restricted because of app standby mode
02-24 15:54:18.410 D/NetworkManagement(  821): Uid 10140 restricted because of app standby mode
02-24 15:54:18.410 D/NetworkManagement(  821): Uid 10136 restricted because of app standby mode
02-24 15:54:18.410 D/NetworkManagement(  821): Uid 10134 restricted because of app standby mode
02-24 15:54:18.410 D/NetworkManagement(  821): Uid 10132 restricted because of app standby mode
02-24 15:54:18.410 D/NetworkManagement(  821): Uid 10131 restricted because of app standby mode
02-24 15:54:18.463 D/NetworkManagement(  821): Uid 10155 restricted because of app standby mode
02-24 15:54:18.463 D/NetworkManagement(  821): Uid 10140 restricted because of app standby mode
02-24 15:54:18.463 D/NetworkManagement(  821): Uid 10136 restricted because of app standby mode
02-24 15:54:18.463 D/NetworkManagement(  821): Uid 10134 restricted because of app standby mode
02-24 15:54:18.463 D/NetworkManagement(  821): Uid 10132 restricted because of app standby mode
02-24 15:54:18.463 D/NetworkManagement(  821): Uid 10131 restricted because of app standby mode
02-24 15:54:18.463 D/BoundBrokerSvc(27669): onUnbind: Intent { act=com.google.android.gms.pay.service.BIND dat=chimera-action: cmp=com.google.android.gms/.chimera.GmsApiService }
02-24 15:54:18.858 I/hwservicemanager(  359): getTransport: Cannot find entry vendor.mediatek.hardware.mtkradioex@1.0::IMtkRadioEx/mtkCap1 in either framework or device manifest.
02-24 15:54:18.861 I/hwservicemanager(  359): getTransport: Cannot find entry vendor.mediatek.hardware.mtkradioex@1.0::IMtkRadioEx/mtkAssist1 in either framework or device manifest.
02-24 15:54:19.398 I/hwcomposer(  457): [HWC] (0) displayGetActiveConfig config:0  
02-24 15:54:19.399 E/PanelView( 1013):  isAllow=1 mKgm.isDeviceLocked()=false
02-24 15:54:19.399 D/PanelView( 1013): NavigationBarFragment get kids mode property ret = false
02-24 15:54:19.422 I/BufferQueueProducer(  482): [StatusBar#0](this:0x76da0e4000,id:5,api:1,p:1013,c:482) queueBuffer: fps=7.35 dur=2450.64 max=1633.59 min=11.60
02-24 15:54:19.428 I/hwcomposer(  457): [HWCDisplay] [Display_0 (type:1)] fps:0.613054,dur:1631.18,max:1631.18,min:1631.18  
02-24 15:54:19.428 E/PanelView( 1013):  isAllow=1 mKgm.isDeviceLocked()=false
02-24 15:54:19.428 D/PanelView( 1013): NavigationBarFragment get kids mode property ret = false
02-24 15:54:19.429 D/James   ( 1013): UpX: 659.4505 DownX:659.4505 UpY: 1280.3201 DownY:1280.3201
02-24 15:54:19.429 D/James   ( 1013): *** BEGIN checkAndStartFaceDetecting()
02-24 15:54:19.429 D/James   ( 1013): mFaceUnlockManager.isFaceunlockDisabled()
02-24 15:54:19.429 D/James   ( 1013): *** BEGIN checkAndStartFaceDetecting()
02-24 15:54:19.429 D/James   ( 1013): mFaceUnlockManager.isFaceunlockDisabled()
02-24 15:54:19.622 D/WifiConnectivityManager(  821): periodicScanTimerHandler
02-24 15:54:19.623 D/WifiConnectivityManager(  821): schedulePeriodicScanTimer, intervalMs: 40000
02-24 15:54:19.623 D/WifiScanningService(  821): addSingleScanRequest: ClientInfo[uid=1000,android.os.Messenger@9686e86],Id=95,WorkSource{1010}, ScanSettings {  type:HIGH ACCURACY band:24Ghz & 5Ghz (DFS incl) ignoreLocationSettings:false period:0 reportEvents:3 numBssidsPerScan:0 maxScansToCache:0 channels:[  ]  hiddenNetworks:[  ]  } 
02-24 15:54:19.636 D/NetworkManagement(  821): Uid 10155 restricted because of app standby mode
02-24 15:54:19.636 D/NetworkManagement(  821): Uid 10140 restricted because of app standby mode
02-24 15:54:19.636 D/NetworkManagement(  821): Uid 10136 restricted because of app standby mode
02-24 15:54:19.636 D/NetworkManagement(  821): Uid 10134 restricted because of app standby mode
02-24 15:54:19.636 D/NetworkManagement(  821): Uid 10132 restricted because of app standby mode
02-24 15:54:19.636 D/NetworkManagement(  821): Uid 10131 restricted because of app standby mode
02-24 15:54:19.666 I/Authzen (27669): [DeviceStateSyncManager] The server is in sync with current state. Nothing to do
02-24 15:54:19.833 D/ApplicationPackageManager(  821): hasSystemFeature android.hardware.type.automotive android.uid.system:1000
02-24 15:54:19.851 D/StatusBar( 1013): disable<e i a s b h r c s > disable2<q i n >
02-24 15:54:19.855 I/GED     ( 1013): ged_boost_gpu_freq, level 100, eOrigin 2, final_idx 2, oppidx_max 2, oppidx_min 0
02-24 15:54:19.861 I/BufferQueueConsumer(  482): [StatusBar#0](this:0x76da0e4000,id:5,api:1,p:1013,c:482) setDefaultBufferSize: width=1200 height=36
02-24 15:54:19.866 D/ApplicationPackageManager(  821): hasSystemFeature android.hardware.type.automotive android.uid.system:1000
02-24 15:54:19.875 D/Surface ( 1013): Surface::disconnect(this=0x7936ff8000,api=1)
02-24 15:54:19.876 I/BufferQueueProducer(  482): [StatusBar#0](this:0x76da0e4000,id:5,api:1,p:1013,c:482) disconnect(P): api 1
02-24 15:54:19.879 D/Surface ( 1013): Surface::connect(this=0x7936ff8000,api=1)
02-24 15:54:19.881 I/BufferQueueProducer(  482): [StatusBar#0](this:0x76da0e4000,id:5,api:1,p:1013,c:482) connect(P): api=1 producer=(1013:com.android.systemui) producerControlledByApp=false
02-24 15:54:19.884 D/Surface ( 1013): Surface::setBufferCount(this=0x7936ff8000,bufferCount=3)
02-24 15:54:19.902 I/QSTileHost( 1013): QSTileHost QSSTATUS =0--VEGASTATUS = 0
02-24 15:54:19.914 I/QSTileHost( 1013): QSTileHost QSSTATUS =0--VEGASTATUS = 0
02-24 15:54:19.956 D/WificondControl(  821): Scan result ready event
02-24 15:54:19.957 I/EthernetTracker(  821): interfaceLinkStateChanged, iface: wlan0, up: true
02-24 15:54:19.961 I/netd    (  642): interfaceGetCfg("wlan0") <1.49ms>
02-24 15:54:19.961 D/WifiScanningService(  821): singleScanResults: ClientInfo[uid=1000,android.os.Messenger@9686e86],Id=95,results=1
02-24 15:54:19.962 D/WifiScanningService(  821): singleScanResults: ClientInfo[uid=1000,android.os.Messenger@9686e86],Id=2,results=1
02-24 15:54:19.962 D/WifiScanningService(  821): singleScanResults: ClientInfo[uid=1000,android.os.Messenger@9686e86],Id=3,results=1
02-24 15:54:19.966 D/WifiConnectivityManager(  821): AllSingleScanListener onResults: start network selection
02-24 15:54:19.969 D/WifiNetworkSelector(  821): Current connected network: "SAAMP" , ID: 1
02-24 15:54:19.970 D/WifiNetworkSelector(  821): Current connected network already sufficient. Skip network selection.
02-24 15:54:20.102 I/thermal_repeater(  653): socket -1
02-24 15:54:20.565 I/EthernetTracker(  821): interfaceLinkStateChanged, iface: wlan0, up: true
02-24 15:54:20.570 I/netd    (  642): interfaceGetCfg("wlan0") <1.81ms>
02-24 15:54:20.757 E/WifiVendorHal(  821): getWifiLinkLayerStats_1_3_Internal(l.927) failed {.code = ERROR_NOT_SUPPORTED, .description = }
02-24 15:54:22.251 D/AES     (  821): AEEIOCTL_GET/SET_SF_STATE IOCTL,cmd= 1074294797, lParam=0. 
02-24 15:54:22.251 D/AES     (  821): AEEIOCTL_RT_MON_Kick IOCTL,cmd= 2147774474, lParam=300. 
02-24 15:54:22.323 I/EthernetTracker(  821): interfaceLinkStateChanged, iface: wlan0, up: true
02-24 15:54:22.327 I/netd    (  642): interfaceGetCfg("wlan0") <0.74ms>
02-24 15:54:22.866 I/hwservicemanager(  359): getTransport: Cannot find entry vendor.mediatek.hardware.mtkradioex@1.0::IMtkRadioEx/mtkCap1 in either framework or device manifest.
02-24 15:54:22.869 I/hwservicemanager(  359): getTransport: Cannot find entry vendor.mediatek.hardware.mtkradioex@1.0::IMtkRadioEx/mtkAssist1 in either framework or device manifest.
02-24 15:54:23.770 E/WifiVendorHal(  821): getWifiLinkLayerStats_1_3_Internal(l.927) failed {.code = ERROR_NOT_SUPPORTED, .description = }
02-24 15:54:24.347 D/NetworkManagement(  821): Uid 10155 restricted because of app standby mode
02-24 15:54:24.348 D/NetworkManagement(  821): Uid 10140 restricted because of app standby mode
02-24 15:54:24.348 D/NetworkManagement(  821): Uid 10136 restricted because of app standby mode
02-24 15:54:24.348 D/NetworkManagement(  821): Uid 10134 restricted because of app standby mode
02-24 15:54:24.348 D/NetworkManagement(  821): Uid 10132 restricted because of app standby mode
02-24 15:54:24.348 D/NetworkManagement(  821): Uid 10131 restricted because of app standby mode
02-24 15:54:25.103 I/thermal_repeater(  653): socket -1
02-24 15:54:26.787 E/WifiVendorHal(  821): getWifiLinkLayerStats_1_3_Internal(l.927) failed {.code = ERROR_NOT_SUPPORTED, .description = }
02-24 15:54:26.873 I/hwservicemanager(  359): getTransport: Cannot find entry vendor.mediatek.hardware.mtkradioex@1.0::IMtkRadioEx/mtkCap1 in either framework or device manifest.
02-24 15:54:26.876 I/hwservicemanager(  359): getTransport: Cannot find entry vendor.mediatek.hardware.mtkradioex@1.0::IMtkRadioEx/mtkAssist1 in either framework or device manifest.
02-24 15:54:29.803 E/WifiVendorHal(  821): getWifiLinkLayerStats_1_3_Internal(l.927) failed {.code = ERROR_NOT_SUPPORTED, .description = }
02-24 15:54:29.818 I/hwcomposer(  457): [HWC] (0) displayGetActiveConfig config:0  
02-24 15:54:29.843 I/BufferQueueProducer(  482): [StatusBar#0](this:0x76da0e4000,id:5,api:1,p:1013,c:482) queueBuffer: fps=4.70 dur=10420.60 max=9540.69 min=9.53
02-24 15:54:29.860 I/hwcomposer(  457): [HWCDisplay] [Display_0 (type:1)] fps:4.888769,dur:10432.07,max:9548.12,min:12.90  
02-24 15:54:30.104 I/thermal_repeater(  653): socket -1
02-24 15:54:30.881 I/hwservicemanager(  359): getTransport: Cannot find entry vendor.mediatek.hardware.mtkradioex@1.0::IMtkRadioEx/mtkCap1 in either framework or device manifest.
02-24 15:54:30.884 I/hwservicemanager(  359): getTransport: Cannot find entry vendor.mediatek.hardware.mtkradioex@1.0::IMtkRadioEx/mtkAssist1 in either framework or device manifest.
02-24 15:54:31.662 E/ResolverController(  642): No valid NAT64 prefix (101, <unspecified>/0)
02-24 15:54:32.822 E/WifiVendorHal(  821): getWifiLinkLayerStats_1_3_Internal(l.927) failed {.code = ERROR_NOT_SUPPORTED, .description = }
02-24 15:54:32.833 I/hwcomposer(  457): [HWC] (0) displayGetActiveConfig config:0  
02-24 15:54:32.862 I/BufferQueueProducer(  482): [StatusBar#0](this:0x76da0e4000,id:5,api:1,p:1013,c:482) queueBuffer: fps=0.33 dur=3019.36 max=3019.36 min=3019.36
02-24 15:54:32.876 I/hwcomposer(  457): [HWCDisplay] [Display_0 (type:1)] fps:0.331592,dur:3015.75,max:3015.75,min:3015.75  
02-24 15:54:34.889 I/hwservicemanager(  359): getTransport: Cannot find entry vendor.mediatek.hardware.mtkradioex@1.0::IMtkRadioEx/mtkCap1 in either framework or device manifest.
02-24 15:54:34.892 I/hwservicemanager(  359): getTransport: Cannot find entry vendor.mediatek.hardware.mtkradioex@1.0::IMtkRadioEx/mtkAssist1 in either framework or device manifest.
02-24 15:54:35.105 I/thermal_repeater(  653): socket -1
02-24 15:54:35.148 I/EthernetTracker(  821): interfaceLinkStateChanged, iface: wlan0, up: true
02-24 15:54:35.153 I/netd    (  642): interfaceGetCfg("wlan0") <1.78ms>
02-24 15:54:35.835 E/WifiVendorHal(  821): getWifiLinkLayerStats_1_3_Internal(l.927) failed {.code = ERROR_NOT_SUPPORTED, .description = }
02-24 15:54:38.851 E/WifiVendorHal(  821): getWifiLinkLayerStats_1_3_Internal(l.927) failed {.code = ERROR_NOT_SUPPORTED, .description = }
02-24 15:54:38.896 I/hwservicemanager(  359): getTransport: Cannot find entry vendor.mediatek.hardware.mtkradioex@1.0::IMtkRadioEx/mtkCap1 in either framework or device manifest.
02-24 15:54:38.899 I/hwservicemanager(  359): getTransport: Cannot find entry vendor.mediatek.hardware.mtkradioex@1.0::IMtkRadioEx/mtkAssist1 in either framework or device manifest.
02-24 15:54:40.106 I/thermal_repeater(  653): socket -1
02-24 15:54:41.870 E/WifiVendorHal(  821): getWifiLinkLayerStats_1_3_Internal(l.927) failed {.code = ERROR_NOT_SUPPORTED, .description = }
02-24 15:54:42.902 I/hwservicemanager(  359): getTransport: Cannot find entry vendor.mediatek.hardware.mtkradioex@1.0::IMtkRadioEx/mtkCap1 in either framework or device manifest.
02-24 15:54:42.905 I/hwservicemanager(  359): getTransport: Cannot find entry vendor.mediatek.hardware.mtkradioex@1.0::IMtkRadioEx/mtkAssist1 in either framework or device manifest.
02-24 15:54:43.113 I/hwcomposer(  457): [HWC] (0) displayGetActiveConfig config:0  
02-24 15:54:43.124 E/jindi20 ( 1346): --mode--THREE_BUTTONS--controller:com.android.launcher3.uioverrides.touchcontrollers.PortraitStatesTouchController@72ee03
02-24 15:54:43.145 I/BufferQueueProducer(  482): [com.tblenovo.launcher/com.android.searchlauncher.SearchLauncher#0](this:0x76ce68a000,id:339,api:1,p:1346,c:482) queueBuffer: fps=0.03 dur=33766.49 max=33766.49 min=33766.49
02-24 15:54:43.156 I/hwcomposer(  457): [HWCDisplay] [Display_0 (type:1)] fps:0.097277,dur:10279.89,max:10279.89,min:10279.89  
02-24 15:54:43.457 E/jindi4  ( 1346): recent 
02-24 15:54:43.464 E/jindi10 ( 1346): Lenovo TB-X606F
02-24 15:54:43.475 I/chatty  ( 1346): uid=10054(com.tblenovo.launcher) identical 28 lines
02-24 15:54:43.475 E/jindi10 ( 1346): Lenovo TB-X606F
02-24 15:54:43.990 V/Launcher.Utilities( 1346): accessibilityEnabled = 0
02-24 15:54:44.004 I/chatty  ( 1346): uid=10054(com.tblenovo.launcher) identical 1 line
02-24 15:54:44.021 V/Launcher.Utilities( 1346): accessibilityEnabled = 0
02-24 15:54:44.037 E/jindi20 ( 1346): move:231.94952----448.05347
02-24 15:54:44.054 E/jindi20 ( 1346): move:228.3855----524.42126
02-24 15:54:44.069 E/jindi20 ( 1346): move:223.52094----599.63245
02-24 15:54:44.086 E/jindi20 ( 1346): move:219.4162----673.4853
02-24 15:54:44.089 E/jindi10 ( 1346): Lenovo TB-X606F
02-24 15:54:44.090 I/chatty  ( 1346): uid=10054(com.tblenovo.launcher) identical 1 line
02-24 15:54:44.090 E/jindi10 ( 1346): Lenovo TB-X606F
02-24 15:54:44.104 E/jindi20 ( 1346): move:218.81769----750.3076
02-24 15:54:44.120 E/jindi20 ( 1346): move:236.1543----834.61835
02-24 15:54:44.137 E/jindi20 ( 1346): move:266.09363----906.09674
02-24 15:54:44.147 E/jindi20 ( 1346): move:284.7627----937.51166
02-24 15:54:44.150 I/BufferQueueProducer(  482): [com.tblenovo.launcher/com.android.searchlauncher.SearchLauncher#0](this:0x76ce68a000,id:339,api:1,p:1346,c:482) queueBuffer: fps=30.82 dur=1005.70 max=498.34 min=7.36
02-24 15:54:44.171 I/hwcomposer(  457): [HWCDisplay] [Display_0 (type:1)] fps:31.508249,dur:1015.61,max:484.05,min:13.85  
02-24 15:54:44.411 D/BatteryService(  821): s = 1
02-24 15:54:44.411 D/BatteryService(  821): dockstate = 0
02-24 15:54:44.412 D/BatteryService(  821): dockstatus = 0
02-24 15:54:44.419 I/DeviceIdleController(  821): updateChargingLocked: charging=true
02-24 15:54:44.419 I/DeviceIdleController(  821): becomeActiveLocked, reason=charging, changeLightIdle=true
02-24 15:54:44.422 D/BatteryWarningReceiver( 1863): action = android.intent.action.BATTERY_CHANGED
02-24 15:54:44.424 D/BatteryWarningReceiver( 1863): mTemp  270
02-24 15:54:44.424 D/BatteryWarningReceiver( 1863): mHealth  2
02-24 15:54:44.424 D/BatteryWarningReceiver( 1863): mShutdownBatteryTemperature  580
02-24 15:54:44.429 D/StatusBar( 1013): ACTION_BATTERY_CHANGED, updateChargingViewValue
02-24 15:54:44.430 D/ChargeProtectionService( 1013): BroadcastReceiver.onReceive:android.intent.action.BATTERY_CHANGED mEnabled=true
02-24 15:54:44.430 D/ChargeProtectionService( 1013): mEnabled enter:true
02-24 15:54:44.430 D/ChargeProtectionService( 1013): updateCharging else case mBatteryLevel:52,mBatteryStatus:3
02-24 15:54:44.435 I/QSTileHost( 1013): QSTileHost QSSTATUS =0--VEGASTATUS = 0
02-24 15:54:44.442 I/BufferQueueProducer(  482): [StatusBar#0](this:0x76da0e4000,id:5,api:1,p:1013,c:482) queueBuffer: fps=0.09 dur=11579.43 max=11579.43 min=11579.43
02-24 15:54:44.868 V/Launcher.Utilities( 1346): accessibilityEnabled = 0
02-24 15:54:44.887 V/Launcher.Utilities( 1346): accessibilityEnabled = 0
02-24 15:54:44.889 E/WifiVendorHal(  821): getWifiLinkLayerStats_1_3_Internal(l.927) failed {.code = ERROR_NOT_SUPPORTED, .description = }
02-24 15:54:44.903 V/Launcher.Utilities( 1346): accessibilityEnabled = 0
02-24 15:54:44.913 I/chatty  ( 1346): uid=10054(com.tblenovo.launcher) identical 1 line
02-24 15:54:44.913 V/Launcher.Utilities( 1346): accessibilityEnabled = 0
02-24 15:54:44.921 E/jindi10 ( 1346): Lenovo TB-X606F
02-24 15:54:44.923 V/Launcher.Utilities( 1346): accessibilityEnabled = 0
02-24 15:54:44.926 I/ActivityTaskManager(  821): START u0 {act=android.intent.action.MAIN cat=[android.intent.category.LAUNCHER] flg=0x10200000 cmp=com.example.SnapSAAMP/.MainActivity bnds=[948,1144][1180,1460]} from uid 10054
02-24 15:54:44.939 I/power@1.3-impl(  471): powerHintInternal hint:8, data:1
02-24 15:54:44.940 I/libPowerHal(  471): 8: cpu_ctrl set freq: 2301000 -1 1800000 -1
02-24 15:54:44.943 D/PowerHalWrapper(  821): <amsBoostResume> last:com.tblenovo.launcher, next:com.example.SnapSAAMP 
02-24 15:54:44.946 E/jindi10 ( 1346): Lenovo TB-X606F
02-24 15:54:44.947 E/jindi10 ( 1346): Lenovo TB-X606F
02-24 15:54:44.947 D/NavigationBar( 1013): sjj ---- onTaskCreated
02-24 15:54:44.951 D/ViewRootImpl[SnapSAAMP](  821): hardware acceleration = false , fakeHwAccelerated = true, sRendererDisabled = false, forceHwAccelerated = false, sSystemRendererDisabled = false
02-24 15:54:44.952 D/ApplicationPackageManager(  821): hasSystemFeature android.hardware.type.automotive android.uid.system:1000
02-24 15:54:44.952 D/ApplicationPackageManager(  821): hasSystemFeature android.software.picture_in_picture android.uid.system:1000
02-24 15:54:44.956 E/jindi10 ( 1346): Lenovo TB-X606F
02-24 15:54:44.957 D/ApplicationPackageManager(  821): hasSystemFeature android.hardware.type.automotive android.uid.system:1000
02-24 15:54:44.960 D/PowerHalWrapper(  821): amsBoostProcessCreate package:com.example.SnapSAAMP 
02-24 15:54:44.961 D/AppOps  (  821): checkOperation: uid reject #1 for code 87 uid 10199 package com.example.SnapSAAMP
02-24 15:54:44.963 I/BufferQueue(  482): [unnamed-482-340](this:0x76ce68b800,id:340,api:0,p:-1,c:-1) BufferQueue core=(482:/system/bin/surfaceflinger)
02-24 15:54:44.964 I/BufferQueueConsumer(  482): [unnamed-482-340](this:0x76ce68b800,id:340,api:0,p:-1,c:482) connect(C): consumer=(482:/system/bin/surfaceflinger) controlledByApp=false
02-24 15:54:44.964 I/BufferQueueConsumer(  482): [unnamed-482-340](this:0x76ce68b800,id:340,api:0,p:-1,c:482) setConsumerName: unnamed-482-340
02-24 15:54:44.964 I/BufferQueueConsumer(  482): [Splash Screen com.example.SnapSAAMP#0](this:0x76ce68b800,id:340,api:0,p:-1,c:482) setConsumerName: Splash Screen com.example.SnapSAAMP#0
02-24 15:54:44.964 I/BufferQueueConsumer(  482): [Splash Screen com.example.SnapSAAMP#0](this:0x76ce68b800,id:340,api:0,p:-1,c:482) setDefaultBufferSize: width=1200 height=1920
02-24 15:54:44.965 D/ApplicationPackageManager(  821): hasSystemFeature android.hardware.type.automotive android.uid.system:1000
02-24 15:54:44.966 E/GraphicExt(  821): GraphicExtModuleLoader::CreateGraphicExtInstance false
02-24 15:54:44.967 D/Surface (  821): lockCanvas
02-24 15:54:44.967 D/Surface (  821): Surface::connect(this=0x78ba05f000,api=2)
02-24 15:54:44.967 D/NetworkManagement(  821): Uid 10155 restricted because of app standby mode
02-24 15:54:44.967 D/NetworkManagement(  821): Uid 10140 restricted because of app standby mode
02-24 15:54:44.967 D/NetworkManagement(  821): Uid 10136 restricted because of app standby mode
02-24 15:54:44.967 D/NetworkManagement(  821): Uid 10134 restricted because of app standby mode
02-24 15:54:44.967 D/NetworkManagement(  821): Uid 10132 restricted because of app standby mode
02-24 15:54:44.967 D/NetworkManagement(  821): Uid 10131 restricted because of app standby mode
02-24 15:54:44.968 I/BufferQueueProducer(  482): [Splash Screen com.example.SnapSAAMP#0](this:0x76ce68b800,id:340,api:2,p:821,c:482) connect(P): api=2 producer=(821:system_server) producerControlledByApp=false
02-24 15:54:44.970 E/jindi10 ( 1346): Lenovo TB-X606F
02-24 15:54:44.980 D/Zygote  (  621): Forked child process 28863
02-24 15:54:44.983 I/ActivityManager(  821): Start proc 28863:com.example.SnapSAAMP/u0a199 for activity {com.example.SnapSAAMP/com.example.SnapSAAMP.MainActivity}
02-24 15:54:44.986 E/jindi10 ( 1346): Lenovo TB-X606F
02-24 15:54:44.996 E/ample.SnapSAAM(28863): Not starting debugger since process cannot load the jdwp agent.
02-24 15:54:45.003 E/jindi10 ( 1346): Lenovo TB-X606F
02-24 15:54:45.005 V/ActivityManager(  821): New death recipient com.android.server.am.ActivityManagerService$AppDeathRecipient@4d5b4e2 for thread android.os.BinderProxy@4e71073, pid:28863,mApp:null
02-24 15:54:45.007 D/ApplicationPackageManager(  821): hasSystemFeature android.hardware.type.automotive android.uid.system:1000
