02-24 15:54:00.531 D/NetworkManagement(  821): Uid 10131 restricted because of app standby mode
02-24 15:54:00.534 D/StatusBarWindowView( 1013): NavigationBarFragment get kids mode property ret = false
02-24 15:54:00.535 E/PanelView( 1013):  isAllow=1 mKgm.isDeviceLocked()=false
02-24 15:54:00.535 D/PanelView( 1013): NavigationBarFragment get kids mode property ret = false
02-24 15:54:00.535 D/NetworkManagement(  821): Uid 10155 restricted because of app standby mode
02-24 15:54:00.535 D/NetworkManagement(  821): Uid 10140 restricted because of app standby mode
02-24 15:54:00.535 D/NetworkManagement(  821): Uid 10136 restricted because of app standby mode
02-24 15:54:00.535 D/NetworkManagement(  821): Uid 10134 restricted because of app standby mode
02-24 15:54:00.535 D/NetworkManagement(  821): Uid 10132 restricted because of app standby mode
02-24 15:54:00.535 D/NetworkManagement(  821): Uid 10131 restricted because of app standby mode
02-24 15:54:00.537 D/NetworkManagement(  821): Uid 10155 restricted because of app standby mode
02-24 15:54:00.537 D/NetworkManagement(  821): Uid 10140 restricted because of app standby mode
02-24 15:54:00.537 D/NetworkManagement(  821): Uid 10136 restricted because of app standby mode
02-24 15:54:00.537 D/NetworkManagement(  821): Uid 10134 restricted because of app standby mode
02-24 15:54:00.537 D/NetworkManagement(  821): Uid 10132 restricted because of app standby mode
02-24 15:54:00.537 D/NetworkManagement(  821): Uid 10131 restricted because of app standby mode
02-24 15:54:00.539 D/NetworkManagement(  821): Uid 10155 restricted because of app standby mode
02-24 15:54:00.539 D/NetworkManagement(  821): Uid 10140 restricted because of app standby mode
02-24 15:54:00.539 D/NetworkManagement(  821): Uid 10136 restricted because of app standby mode
02-24 15:54:00.539 D/NetworkManagement(  821): Uid 10134 restricted because of app standby mode
02-24 15:54:00.539 D/NetworkManagement(  821): Uid 10132 restricted because of app standby mode
02-24 15:54:00.539 D/NetworkManagement(  821): Uid 10131 restricted because of app standby mode
02-24 15:54:00.544 I/ActivityScheduler(27859): nextTriggerTime: 263289213, in 225301ms, detectorType: 39, FULL_TYPE alarmWindowMillis: 75000
02-24 15:54:00.546 D/NetworkManagement(  821): Uid 10155 restricted because of app standby mode
02-24 15:54:00.546 D/NetworkManagement(  821): Uid 10140 restricted because of app standby mode
02-24 15:54:00.546 D/NetworkManagement(  821): Uid 10136 restricted because of app standby mode
02-24 15:54:00.546 D/NetworkManagement(  821): Uid 10134 restricted because of app standby mode
02-24 15:54:00.546 D/NetworkManagement(  821): Uid 10132 restricted because of app standby mode
02-24 15:54:00.546 D/NetworkManagement(  821): Uid 10131 restricted because of app standby mode
02-24 15:54:00.548 D/NetworkManagement(  821): Uid 10155 restricted because of app standby mode
02-24 15:54:00.548 D/NetworkManagement(  821): Uid 10140 restricted because of app standby mode
02-24 15:54:00.548 D/NetworkManagement(  821): Uid 10136 restricted because of app standby mode
02-24 15:54:00.548 D/NetworkManagement(  821): Uid 10134 restricted because of app standby mode
02-24 15:54:00.548 D/NetworkManagement(  821): Uid 10132 restricted because of app standby mode
02-24 15:54:00.548 D/NetworkManagement(  821): Uid 10131 restricted because of app standby mode
02-24 15:54:00.549 D/StatusBarWindowView( 1013): NavigationBarFragment get kids mode property ret = false
02-24 15:54:00.550 E/PanelView( 1013):  isAllow=1 mKgm.isDeviceLocked()=false
02-24 15:54:00.550 D/PanelView( 1013): NavigationBarFragment get kids mode property ret = false
02-24 15:54:00.553 D/NetworkManagement(  821): Uid 10155 restricted because of app standby mode
02-24 15:54:00.553 D/NetworkManagement(  821): Uid 10140 restricted because of app standby mode
02-24 15:54:00.553 D/NetworkManagement(  821): Uid 10136 restricted because of app standby mode
02-24 15:54:00.553 D/NetworkManagement(  821): Uid 10134 restricted because of app standby mode
02-24 15:54:00.553 D/NetworkManagement(  821): Uid 10132 restricted because of app standby mode
02-24 15:54:00.553 D/NetworkManagement(  821): Uid 10131 restricted because of app standby mode
02-24 15:54:00.554 D/NetworkManagement(  821): Uid 10155 restricted because of app standby mode
02-24 15:54:00.555 D/NetworkManagement(  821): Uid 10140 restricted because of app standby mode
02-24 15:54:00.555 D/NetworkManagement(  821): Uid 10136 restricted because of app standby mode
02-24 15:54:00.555 D/NetworkManagement(  821): Uid 10134 restricted because of app standby mode
02-24 15:54:00.555 D/NetworkManagement(  821): Uid 10132 restricted because of app standby mode
02-24 15:54:00.555 D/NetworkManagement(  821): Uid 10131 restricted because of app standby mode
02-24 15:54:00.556 D/NetworkManagement(  821): Uid 10155 restricted because of app standby mode
02-24 15:54:00.557 D/NetworkManagement(  821): Uid 10140 restricted because of app standby mode
02-24 15:54:00.557 D/NetworkManagement(  821): Uid 10136 restricted because of app standby mode
02-24 15:54:00.557 D/NetworkManagement(  821): Uid 10134 restricted because of app standby mode
02-24 15:54:00.557 D/NetworkManagement(  821): Uid 10132 restricted because of app standby mode
02-24 15:54:00.557 D/NetworkManagement(  821): Uid 10131 restricted because of app standby mode
02-24 15:54:00.562 D/NetworkManagement(  821): Uid 10155 restricted because of app standby mode
02-24 15:54:00.562 D/NetworkManagement(  821): Uid 10140 restricted because of app standby mode
02-24 15:54:00.562 D/NetworkManagement(  821): Uid 10136 restricted because of app standby mode
02-24 15:54:00.562 D/NetworkManagement(  821): Uid 10134 restricted because of app standby mode
02-24 15:54:00.562 D/NetworkManagement(  821): Uid 10132 restricted because of app standby mode
02-24 15:54:00.562 D/NetworkManagement(  821): Uid 10131 restricted because of app standby mode
02-24 15:54:00.563 D/NetworkManagement(  821): Uid 10155 restricted because of app standby mode
02-24 15:54:00.563 D/NetworkManagement(  821): Uid 10140 restricted because of app standby mode
02-24 15:54:00.563 D/NetworkManagement(  821): Uid 10136 restricted because of app standby mode
02-24 15:54:00.563 D/NetworkManagement(  821): Uid 10134 restricted because of app standby mode
02-24 15:54:00.563 D/NetworkManagement(  821): Uid 10132 restricted because of app standby mode
02-24 15:54:00.563 D/NetworkManagement(  821): Uid 10131 restricted because of app standby mode
02-24 15:54:00.564 D/BoundBrokerSvc(27859): onRebind: Intent { act=com.google.android.gms.clearcut.bootcount.service.START dat=chimera-action: cmp=com.google.android.gms/.chimera.PersistentBoundBrokerService }
02-24 15:54:00.565 D/NetworkManagement(  821): Uid 10155 restricted because of app standby mode
02-24 15:54:00.565 D/NetworkManagement(  821): Uid 10140 restricted because of app standby mode
02-24 15:54:00.565 D/NetworkManagement(  821): Uid 10136 restricted because of app standby mode
02-24 15:54:00.565 D/NetworkManagement(  821): Uid 10134 restricted because of app standby mode
02-24 15:54:00.565 D/NetworkManagement(  821): Uid 10132 restricted because of app standby mode
02-24 15:54:00.565 D/NetworkManagement(  821): Uid 10131 restricted because of app standby mode
02-24 15:54:00.566 I/NearbyDiscovery(27859): (REDACTED) FastPairHandler: Received action %s
02-24 15:54:00.566 D/StatusBarWindowView( 1013): NavigationBarFragment get kids mode property ret = false
02-24 15:54:00.566 D/ApplicationPackageManager(27859): hasSystemFeature org.chromium.arc com.google.uid.shared:10127
02-24 15:54:00.567 E/PanelView( 1013):  isAllow=1 mKgm.isDeviceLocked()=false
02-24 15:54:00.567 D/PanelView( 1013): NavigationBarFragment get kids mode property ret = false
02-24 15:54:00.568 D/NetworkManagement(  821): Uid 10155 restricted because of app standby mode
02-24 15:54:00.568 D/NetworkManagement(  821): Uid 10140 restricted because of app standby mode
02-24 15:54:00.568 D/NetworkManagement(  821): Uid 10136 restricted because of app standby mode
02-24 15:54:00.568 D/NetworkManagement(  821): Uid 10134 restricted because of app standby mode
02-24 15:54:00.568 D/NetworkManagement(  821): Uid 10132 restricted because of app standby mode
02-24 15:54:00.568 D/NetworkManagement(  821): Uid 10131 restricted because of app standby mode
02-24 15:54:00.569 D/NetworkManagement(  821): Uid 10155 restricted because of app standby mode
02-24 15:54:00.569 D/NetworkManagement(  821): Uid 10140 restricted because of app standby mode
02-24 15:54:00.569 D/NetworkManagement(  821): Uid 10136 restricted because of app standby mode
02-24 15:54:00.569 D/NetworkManagement(  821): Uid 10134 restricted because of app standby mode
02-24 15:54:00.569 D/NetworkManagement(  821): Uid 10132 restricted because of app standby mode
02-24 15:54:00.569 I/NearbyDiscovery(27859): (REDACTED) FastPairScanner: isScreenOn=%s, isLocationEnabled=%s, disableLocationRequirement=%s, isDiscoveryScanningEnabled=%s, during24GhzWifiWarmingUpPeriod=%s
02-24 15:54:00.569 D/NetworkManagement(  821): Uid 10131 restricted because of app standby mode
02-24 15:54:00.570 D/BluetoothAdapter(27859): isLeEnabled(): ON
02-24 15:54:00.571 I/NearbyDiscovery(27859): (REDACTED) FastPairScanner: eventType=%s, intReq=%s, scanning=%s, scanAllowed=%s, bleEnabled=%s, lockScanRate=%s, startScanningByLowPowerMode=%s
02-24 15:54:00.571 I/NearbyDiscovery(27859): FastPairController: onSystemStateChanged: skip due to flag disabled [CONTEXT service_id=265 ]
02-24 15:54:00.582 E/PanelView( 1013):  isAllow=1 mKgm.isDeviceLocked()=false
02-24 15:54:00.582 D/PanelView( 1013): NavigationBarFragment get kids mode property ret = false
02-24 15:54:00.599 E/PanelView( 1013):  isAllow=1 mKgm.isDeviceLocked()=false
02-24 15:54:00.599 D/PanelView( 1013): NavigationBarFragment get kids mode property ret = false
02-24 15:54:00.610 I/BufferQueueProducer(  482): [StatusBar#0](this:0x76da0e4000,id:5,api:1,p:1013,c:482) queueBuffer: fps=7.95 dur=1006.90 max=581.11 min=10.60
02-24 15:54:00.616 E/PanelView( 1013):  isAllow=1 mKgm.isDeviceLocked()=false
02-24 15:54:00.616 D/PanelView( 1013): NavigationBarFragment get kids mode property ret = false
02-24 15:54:00.633 E/PanelView( 1013):  isAllow=1 mKgm.isDeviceLocked()=false
02-24 15:54:00.633 D/PanelView( 1013): NavigationBarFragment get kids mode property ret = false
02-24 15:54:00.636 E/PanelView( 1013):  isAllow=1 mKgm.isDeviceLocked()=false
02-24 15:54:00.636 D/PanelView( 1013): NavigationBarFragment get kids mode property ret = false
02-24 15:54:00.637 D/James   ( 1013): UpX: 669.44214 DownX:660.44965 UpY: 1450.2316 DownY:1829.0343
02-24 15:54:00.637 D/James   ( 1013): *** BEGIN checkAndStartFaceDetecting()
02-24 15:54:00.637 D/James   ( 1013): mFaceUnlockManager.isFaceunlockDisabled()
02-24 15:54:00.637 I/FalsingManagerPlugin( 1013): dX: 8.992493 dY: -378.80273 xV: 1.1573846 yV: -6.6626663
02-24 15:54:00.638 I/FalsingManagerPlugin( 1013): Percent of gesture in proximity: 0.0
02-24 15:54:00.638 I/FalsingManagerPlugin( 1013): com.android.systemui.classifier.brightline.ZigZagClassifier: true
02-24 15:54:00.638 I/FalsingManagerPlugin( 1013): Percent of gesture in proximity: 0.0
02-24 15:54:00.638 I/FalsingManagerPlugin( 1013): com.android.systemui.classifier.brightline.ZigZagClassifier: true
02-24 15:54:01.335 D/StatusBarWindowView( 1013): NavigationBarFragment get kids mode property ret = false
02-24 15:54:01.341 E/PanelView( 1013):  isAllow=1 mKgm.isDeviceLocked()=false
02-24 15:54:01.341 D/PanelView( 1013): NavigationBarFragment get kids mode property ret = false
02-24 15:54:01.365 D/StatusBarWindowView( 1013): NavigationBarFragment get kids mode property ret = false
02-24 15:54:01.366 E/PanelView( 1013):  isAllow=1 mKgm.isDeviceLocked()=false
02-24 15:54:01.366 D/PanelView( 1013): NavigationBarFragment get kids mode property ret = false
02-24 15:54:01.368 I/hwcomposer(  457): [HWCDisplay] [Display_0 (type:1)] fps:28.464714,dur:1159.33,max:333.98,min:8.87  
02-24 15:54:01.382 D/StatusBarWindowView( 1013): NavigationBarFragment get kids mode property ret = false
02-24 15:54:01.383 E/PanelView( 1013):  isAllow=1 mKgm.isDeviceLocked()=false
02-24 15:54:01.383 D/PanelView( 1013): NavigationBarFragment get kids mode property ret = false
02-24 15:54:01.398 D/StatusBarWindowView( 1013): NavigationBarFragment get kids mode property ret = false
02-24 15:54:01.399 E/PanelView( 1013):  isAllow=1 mKgm.isDeviceLocked()=false
02-24 15:54:01.399 D/PanelView( 1013): NavigationBarFragment get kids mode property ret = false
02-24 15:54:01.415 E/PanelView( 1013):  isAllow=1 mKgm.isDeviceLocked()=false
02-24 15:54:01.416 D/PanelView( 1013): NavigationBarFragment get kids mode property ret = false
02-24 15:54:01.432 E/PanelView( 1013):  isAllow=1 mKgm.isDeviceLocked()=false
02-24 15:54:01.433 D/PanelView( 1013): NavigationBarFragment get kids mode property ret = false
02-24 15:54:01.450 E/PanelView( 1013):  isAllow=1 mKgm.isDeviceLocked()=false
02-24 15:54:01.450 D/PanelView( 1013): NavigationBarFragment get kids mode property ret = false
02-24 15:54:01.453 E/PanelView( 1013):  isAllow=1 mKgm.isDeviceLocked()=false
02-24 15:54:01.453 D/PanelView( 1013): NavigationBarFragment get kids mode property ret = false
02-24 15:54:01.454 D/James   ( 1013): UpX: 709.4088 DownX:706.4113 UpY: 1376.2701 DownY:1800.0494
02-24 15:54:01.454 D/James   ( 1013): *** BEGIN checkAndStartFaceDetecting()
02-24 15:54:01.454 D/James   ( 1013): mFaceUnlockManager.isFaceunlockDisabled()
02-24 15:54:01.454 I/FalsingManagerPlugin( 1013): dX: 2.9974976 dY: -423.7793 xV: 1.3215959 yV: -8.4323225
02-24 15:54:01.455 I/FalsingManagerPlugin( 1013): Percent of gesture in proximity: 0.0
02-24 15:54:01.455 I/FalsingManagerPlugin( 1013): com.android.systemui.classifier.brightline.ZigZagClassifier: true
02-24 15:54:01.455 I/FalsingManagerPlugin( 1013): Percent of gesture in proximity: 0.0
02-24 15:54:01.455 I/FalsingManagerPlugin( 1013): com.android.systemui.classifier.brightline.ZigZagClassifier: true
02-24 15:54:01.612 I/BufferQueueProducer(  482): [StatusBar#0](this:0x76da0e4000,id:5,api:1,p:1013,c:482) queueBuffer: fps=39.91 dur=1002.36 max=348.64 min=6.22
02-24 15:54:02.075 D/StatusBarWindowView( 1013): NavigationBarFragment get kids mode property ret = false
02-24 15:54:02.079 E/PanelView( 1013):  isAllow=1 mKgm.isDeviceLocked()=false
02-24 15:54:02.079 D/PanelView( 1013): NavigationBarFragment get kids mode property ret = false
02-24 15:54:02.098 D/StatusBarWindowView( 1013): NavigationBarFragment get kids mode property ret = false
02-24 15:54:02.099 E/PanelView( 1013):  isAllow=1 mKgm.isDeviceLocked()=false
02-24 15:54:02.099 D/PanelView( 1013): NavigationBarFragment get kids mode property ret = false
02-24 15:54:02.115 D/StatusBarWindowView( 1013): NavigationBarFragment get kids mode property ret = false
02-24 15:54:02.116 E/PanelView( 1013):  isAllow=1 mKgm.isDeviceLocked()=false
02-24 15:54:02.116 D/PanelView( 1013): NavigationBarFragment get kids mode property ret = false
02-24 15:54:02.127 V/Ted     (  821): topPackageName :com.android.systemui
02-24 15:54:02.132 D/StatusBarWindowView( 1013): NavigationBarFragment get kids mode property ret = false
02-24 15:54:02.133 E/PanelView( 1013):  isAllow=1 mKgm.isDeviceLocked()=false
02-24 15:54:02.133 D/PanelView( 1013): NavigationBarFragment get kids mode property ret = false
02-24 15:54:02.148 D/StatusBarWindowView( 1013): NavigationBarFragment get kids mode property ret = false
02-24 15:54:02.149 E/PanelView( 1013):  isAllow=1 mKgm.isDeviceLocked()=false
02-24 15:54:02.150 D/PanelView( 1013): NavigationBarFragment get kids mode property ret = false
02-24 15:54:02.165 E/PanelView( 1013):  isAllow=1 mKgm.isDeviceLocked()=false
02-24 15:54:02.165 D/PanelView( 1013): NavigationBarFragment get kids mode property ret = false
02-24 15:54:02.182 E/PanelView( 1013):  isAllow=1 mKgm.isDeviceLocked()=false
02-24 15:54:02.182 D/PanelView( 1013): NavigationBarFragment get kids mode property ret = false
02-24 15:54:02.199 E/PanelView( 1013):  isAllow=1 mKgm.isDeviceLocked()=false
02-24 15:54:02.199 D/PanelView( 1013): NavigationBarFragment get kids mode property ret = false
02-24 15:54:02.202 E/PanelView( 1013):  isAllow=1 mKgm.isDeviceLocked()=false
02-24 15:54:02.202 D/PanelView( 1013): NavigationBarFragment get kids mode property ret = false
02-24 15:54:02.203 D/James   ( 1013): UpX: 685.42883 DownX:561.53204 UpY: 1345.2863 DownY:1881.0072
02-24 15:54:02.203 D/James   ( 1013): *** BEGIN checkAndStartFaceDetecting()
02-24 15:54:02.203 D/James   ( 1013): mFaceUnlockManager.isFaceunlockDisabled()
02-24 15:54:02.203 I/FalsingManagerPlugin( 1013): dX: 123.89679 dY: -535.72095 xV: 3.3401508 yV: -10.97198
02-24 15:54:02.204 I/FalsingManagerPlugin( 1013): Percent of gesture in proximity: 0.0
02-24 15:54:02.204 I/FalsingManagerPlugin( 1013): com.android.systemui.classifier.brightline.ZigZagClassifier: true
02-24 15:54:02.204 I/FalsingManagerPlugin( 1013): Percent of gesture in proximity: 0.0
02-24 15:54:02.205 I/FalsingManagerPlugin( 1013): com.android.systemui.classifier.brightline.ZigZagClassifier: true
02-24 15:54:02.383 I/hwcomposer(  457): [HWCDisplay] [Display_0 (type:1)] fps:42.360287,dur:1015.10,max:285.18,min:13.46  
02-24 15:54:02.661 E/WifiVendorHal(  821): getWifiLinkLayerStats_1_3_Internal(l.927) failed {.code = ERROR_NOT_SUPPORTED, .description = }
02-24 15:54:02.832 I/hwservicemanager(  359): getTransport: Cannot find entry vendor.mediatek.hardware.mtkradioex@1.0::IMtkRadioEx/mtkCap1 in either framework or device manifest.
02-24 15:54:02.836 I/hwservicemanager(  359): getTransport: Cannot find entry vendor.mediatek.hardware.mtkradioex@1.0::IMtkRadioEx/mtkAssist1 in either framework or device manifest.
02-24 15:54:02.850 D/StatusBarWindowView( 1013): NavigationBarFragment get kids mode property ret = false
02-24 15:54:02.854 E/PanelView( 1013):  isAllow=1 mKgm.isDeviceLocked()=false
02-24 15:54:02.854 D/PanelView( 1013): NavigationBarFragment get kids mode property ret = false
02-24 15:54:02.864 D/StatusBarWindowView( 1013): NavigationBarFragment get kids mode property ret = false
02-24 15:54:02.865 E/PanelView( 1013):  isAllow=1 mKgm.isDeviceLocked()=false
02-24 15:54:02.865 D/PanelView( 1013): NavigationBarFragment get kids mode property ret = false
02-24 15:54:02.881 D/StatusBarWindowView( 1013): NavigationBarFragment get kids mode property ret = false
02-24 15:54:02.882 E/PanelView( 1013):  isAllow=1 mKgm.isDeviceLocked()=false
02-24 15:54:02.882 D/PanelView( 1013): NavigationBarFragment get kids mode property ret = false
02-24 15:54:02.893 I/BufferQueueProducer(  482): [StatusBar#0](this:0x76da0e4000,id:5,api:1,p:1013,c:482) queueBuffer: fps=32.79 dur=1280.77 max=315.51 min=6.69
02-24 15:54:02.899 D/StatusBarWindowView( 1013): NavigationBarFragment get kids mode property ret = false
02-24 15:54:02.899 E/PanelView( 1013):  isAllow=1 mKgm.isDeviceLocked()=false
02-24 15:54:02.899 D/PanelView( 1013): NavigationBarFragment get kids mode property ret = false
02-24 15:54:02.916 E/PanelView( 1013):  isAllow=1 mKgm.isDeviceLocked()=false
02-24 15:54:02.916 D/PanelView( 1013): NavigationBarFragment get kids mode property ret = false
02-24 15:54:02.933 E/PanelView( 1013):  isAllow=1 mKgm.isDeviceLocked()=false
02-24 15:54:02.933 D/PanelView( 1013): NavigationBarFragment get kids mode property ret = false
02-24 15:54:02.939 D/ApplicationPackageManager(  821): hasSystemFeature android.hardware.wifi.rtt android.uid.system:1000
02-24 15:54:02.880 V/Ted     (  821): topPackageName :com.android.systemui
02-24 15:54:02.941 E/BatteryExternalStatsWorker(  821): no controller energy info supplied for bluetooth
02-24 15:54:02.945 E/PhoneInterfaceManager( 1209): [PhoneIntfMgr] queryModemActivityInfo: Empty response
02-24 15:54:02.948 E/PanelView( 1013):  isAllow=1 mKgm.isDeviceLocked()=false
02-24 15:54:02.949 D/PanelView( 1013): NavigationBarFragment get kids mode property ret = false
02-24 15:54:02.965 E/PanelView( 1013):  isAllow=1 mKgm.isDeviceLocked()=false
02-24 15:54:02.965 D/PanelView( 1013): NavigationBarFragment get kids mode property ret = false
02-24 15:54:02.968 W/BatteryExternalStatsWorker(  821): modem info is invalid: ModemActivityInfo{ mTimestamp=0 mSleepTimeMs=0 mIdleTimeMs=0 mTxTimeMs[]=[0, 0, 0, 0, 0] mRxTimeMs=0 mEnergyUsed=0}
02-24 15:54:02.974 E/PanelView( 1013):  isAllow=1 mKgm.isDeviceLocked()=false
02-24 15:54:02.975 D/PanelView( 1013): NavigationBarFragment get kids mode property ret = false
02-24 15:54:02.977 E/PanelView( 1013):  isAllow=1 mKgm.isDeviceLocked()=false
02-24 15:54:02.977 D/PanelView( 1013): NavigationBarFragment get kids mode property ret = false
02-24 15:54:02.978 D/James   ( 1013): UpX: 781.3489 DownX:603.4971 UpY: 1162.3816 DownY:1891.0021
02-24 15:54:02.978 D/James   ( 1013): *** BEGIN checkAndStartFaceDetecting()
02-24 15:54:02.978 D/James   ( 1013): mFaceUnlockManager.isFaceunlockDisabled()
02-24 15:54:02.978 I/FalsingManagerPlugin( 1013): dX: 177.8518 dY: -728.6205 xV: 5.192145 yV: -10.252428
02-24 15:54:02.978 I/FalsingManagerPlugin( 1013): Percent of gesture in proximity: 0.0
02-24 15:54:02.979 I/FalsingManagerPlugin( 1013): Percent of gesture in proximity: 0.0
02-24 15:54:03.052 D/KeyguardSecurityModel( 1013): isPinPukOrMeRequiredOfSubId() - phoneId = 0, simState = UNKNOWN
02-24 15:54:03.052 D/AntiTheftManager( 1013): getCurrentAntiTheftMode() is called.
02-24 15:54:03.075 D/StatusBarKeyguardViewManager( 1013): dismiss(authenticated = true) is called.
02-24 15:54:03.075 D/VoiceWakeupManagerProxy( 1013): getInstance(...) is called.
02-24 15:54:03.075 D/VoiceWakeupManager( 1013): isDismissAndLaunchApp() mIsDismissAndLaunchApp = false
02-24 15:54:03.078 D/AntiTheftManager( 1013): getCurrentAntiTheftMode() is called.
02-24 15:54:03.078 D/KeyguardSecurityView( 1013): showNext.. mCurrentSecuritySelection = None
02-24 15:54:03.078 D/KeyguardSecurityModel( 1013): isPinPukOrMeRequiredOfSubId() - phoneId = 0, simState = UNKNOWN
02-24 15:54:03.078 D/AntiTheftManager( 1013): getCurrentAntiTheftMode() is called.
02-24 15:54:03.079 D/KeyguardViewMediator( 1013): updateNavbarStatus() is called.
02-24 15:54:03.079 D/VoiceWakeupManagerProxy( 1013): getInstance(...) is called.
02-24 15:54:03.079 D/VoiceWakeupManager( 1013): isDismissAndLaunchApp() mIsDismissAndLaunchApp = false
02-24 15:54:03.083 D/James   ( 1013): resetInitState  mCurrentState = 10 resetTimeout:true
02-24 15:54:03.084 D/KeyguardSecurityView( 1013): finish 
02-24 15:54:03.085 D/StatusBar( 1013): disable<e i a s b H R c s > disable2<q i n >
02-24 15:54:03.086 D/ActivityTaskManager(  821): Top Process State changed to PROCESS_STATE_TOP
02-24 15:54:03.088 D/ApplicationPackageManager(  821): hasSystemFeature android.hardware.type.automotive android.uid.system:1000
02-24 15:54:03.089 D/ApplicationPackageManager(  821): hasSystemFeature android.software.picture_in_picture android.uid.system:1000
02-24 15:54:03.091 D/PowerHalWrapper(  821): amsBoostNotify pid:1346,activity:com.android.searchlauncher.SearchLauncher, package:com.tblenovo.launcher, mProcessCreatePackcom.example.SnapSAAMP 
02-24 15:54:03.092 D/PowerHalWrapper(  821): amsBoostNotify AMS_BOOST_PROCESS_CREATE_BOOST:false 
02-24 15:54:03.093 D/ApplicationPackageManager(  821): hasSystemFeature android.hardware.type.automotive android.uid.system:1000
02-24 15:54:03.093 D/ApplicationPackageManager(  821): hasSystemFeature android.software.picture_in_picture android.uid.system:1000
02-24 15:54:03.094 D/DolbyRotationHelper( 1844): onDisplayChanged
02-24 15:54:03.094 D/DolbyRotationHelper( 1844): updateOrientation
02-24 15:54:03.094 I/QSTileHost( 1013): QSTileHost QSSTATUS =0--VEGASTATUS = 0
02-24 15:54:03.095 D/ApplicationPackageManager(  821): hasSystemFeature android.hardware.type.automotive android.uid.system:1000
02-24 15:54:03.096 D/ApplicationPackageManager(  821): hasSystemFeature android.software.picture_in_picture android.uid.system:1000
02-24 15:54:03.099 D/DolbyRotationHelper( 1844): updateOrientation not changed!
02-24 15:54:03.116 I/WindowManager(  821): Relayout Window{5d7d246 u0 (1-1)-Window{5fba3c3 alpha=1.0 fl=}}: oldVis=8 newVis=0 focusMayChange = true
02-24 15:54:03.120 I/BufferQueue(  482): [unnamed-482-333](this:0x76ce68a000,id:333,api:0,p:-1,c:-1) BufferQueue core=(482:/system/bin/surfaceflinger)
02-24 15:54:03.121 I/BufferQueueConsumer(  482): [unnamed-482-333](this:0x76ce68a000,id:333,api:0,p:-1,c:482) connect(C): consumer=(482:/system/bin/surfaceflinger) controlledByApp=false
02-24 15:54:03.121 I/BufferQueueConsumer(  482): [unnamed-482-333](this:0x76ce68a000,id:333,api:0,p:-1,c:482) setConsumerName: unnamed-482-333
02-24 15:54:03.121 I/BufferQueueConsumer(  482): [(1-1)-Window{5fba3c3 alpha=1.0 fl=}#0](this:0x76ce68a000,id:333,api:0,p:-1,c:482) setConsumerName: (1-1)-Window{5fba3c3 alpha=1.0 fl=}#0
02-24 15:54:03.121 I/BufferQueueConsumer(  482): [(1-1)-Window{5fba3c3 alpha=1.0 fl=}#0](this:0x76ce68a000,id:333,api:0,p:-1,c:482) setDefaultBufferSize: width=1200 height=1920
02-24 15:54:03.123 D/ApplicationPackageManager(  821): hasSystemFeature android.hardware.type.automotive android.uid.system:1000
02-24 15:54:03.126 D/ApplicationPackageManager(  821): hasSystemFeature android.hardware.type.automotive android.uid.system:1000
02-24 15:54:03.128 E/GraphicExt(31532): GraphicExtModuleLoader::CreateGraphicExtInstance false
02-24 15:54:03.130 D/Surface (31532): Surface::connect(this=0x798e580000,api=1)
02-24 15:54:03.132 I/BufferQueueProducer(  482): [(1-1)-Window{5fba3c3 alpha=1.0 fl=}#0](this:0x76ce68a000,id:333,api:1,p:31532,c:482) connect(P): api=1 producer=(31532:com.google.android.googlequicksearchbox:search) producerControlledByApp=false
02-24 15:54:03.135 D/NetworkManagement(  821): Uid 10155 restricted because of app standby mode
02-24 15:54:03.135 D/NetworkManagement(  821): Uid 10140 restricted because of app standby mode
02-24 15:54:03.135 D/NetworkManagement(  821): Uid 10136 restricted because of app standby mode
02-24 15:54:03.135 D/NetworkManagement(  821): Uid 10134 restricted because of app standby mode
02-24 15:54:03.135 D/NetworkManagement(  821): Uid 10132 restricted because of app standby mode
02-24 15:54:03.135 D/NetworkManagement(  821): Uid 10131 restricted because of app standby mode
02-24 15:54:03.136 D/Surface (31532): Surface::setBufferCount(this=0x798e580000,bufferCount=3)
02-24 15:54:03.136 D/Surface (31532): Surface::allocateBuffers(this=0x798e580000)
02-24 15:54:03.139 D/NetworkManagement(  821): Uid 10155 restricted because of app standby mode
02-24 15:54:03.139 D/NetworkManagement(  821): Uid 10140 restricted because of app standby mode
02-24 15:54:03.139 D/NetworkManagement(  821): Uid 10136 restricted because of app standby mode
02-24 15:54:03.139 D/NetworkManagement(  821): Uid 10134 restricted because of app standby mode
02-24 15:54:03.139 D/NetworkManagement(  821): Uid 10132 restricted because of app standby mode
02-24 15:54:03.139 D/NetworkManagement(  821): Uid 10131 restricted because of app standby mode
02-24 15:54:03.141 D/NetworkManagement(  821): Uid 10155 restricted because of app standby mode
02-24 15:54:03.141 D/NetworkManagement(  821): Uid 10140 restricted because of app standby mode
02-24 15:54:03.141 D/NetworkManagement(  821): Uid 10136 restricted because of app standby mode
02-24 15:54:03.141 D/NetworkManagement(  821): Uid 10134 restricted because of app standby mode
02-24 15:54:03.141 D/NetworkManagement(  821): Uid 10132 restricted because of app standby mode
02-24 15:54:03.141 D/NetworkManagement(  821): Uid 10131 restricted because of app standby mode
02-24 15:54:03.148 V/PhoneWindow( 1346): DecorView setVisiblity: visibility = 0, Parent = android.view.ViewRootImpl@97faec2, this = DecorView@ea8b4d3[SearchLauncher]
02-24 15:54:03.158 I/WindowManager(  821): Relayout Window{a9646cf u0 com.tblenovo.launcher/com.android.searchlauncher.SearchLauncher}: oldVis=4 newVis=0 focusMayChange = true
02-24 15:54:03.163 I/BufferQueue(  482): [unnamed-482-334](this:0x76ce6bd000,id:334,api:0,p:-1,c:-1) BufferQueue core=(482:/system/bin/surfaceflinger)
02-24 15:54:03.163 I/BufferQueueConsumer(  482): [unnamed-482-334](this:0x76ce6bd000,id:334,api:0,p:-1,c:482) connect(C): consumer=(482:/system/bin/surfaceflinger) controlledByApp=false
02-24 15:54:03.163 I/BufferQueueConsumer(  482): [unnamed-482-334](this:0x76ce6bd000,id:334,api:0,p:-1,c:482) setConsumerName: unnamed-482-334
02-24 15:54:03.163 I/BufferQueueConsumer(  482): [com.tblenovo.launcher/com.android.searchlauncher.SearchLauncher#0](this:0x76ce6bd000,id:334,api:0,p:-1,c:482) setConsumerName: com.tblenovo.launcher/com.android.searchlauncher.SearchLauncher#0
02-24 15:54:03.163 I/BufferQueueConsumer(  482): [com.tblenovo.launcher/com.android.searchlauncher.SearchLauncher#0](this:0x76ce6bd000,id:334,api:0,p:-1,c:482) setDefaultBufferSize: width=1200 height=1920
02-24 15:54:03.167 D/ApplicationPackageManager(  821): hasSystemFeature android.hardware.type.automotive android.uid.system:1000
02-24 15:54:03.171 E/GraphicExt( 1346): GraphicExtModuleLoader::CreateGraphicExtInstance false
02-24 15:54:03.172 I/BufferQueue(  482): [com.tblenovo.launcher/com.android.searchlauncher.SearchLauncher#0](this:0x76da0d4000,id:330,api:1,p:-1,c:-1) ~BufferQueueCore
02-24 15:54:03.172 D/Surface ( 1346): Surface::connect(this=0x798e2c8000,api=1)
02-24 15:54:03.174 I/BufferQueueProducer(  482): [com.tblenovo.launcher/com.android.searchlauncher.SearchLauncher#0](this:0x76ce6bd000,id:334,api:1,p:1346,c:482) connect(P): api=1 producer=(1346:com.tblenovo.launcher) producerControlledByApp=false
02-24 15:54:03.176 I/cjtj    (31532): onStart
02-24 15:54:03.176 D/Surface ( 1346): Surface::setBufferCount(this=0x798e2c8000,bufferCount=3)
02-24 15:54:03.177 D/Surface ( 1346): Surface::allocateBuffers(this=0x798e2c8000)
02-24 15:54:03.188 E/jindi10 ( 1346): Lenovo TB-X606F
02-24 15:54:03.198 I/chatty  ( 1346): uid=10054(com.tblenovo.launcher) identical 9 lines
02-24 15:54:03.199 E/jindi10 ( 1346): Lenovo TB-X606F
02-24 15:54:03.209 I/cjtj    (31532): onResume
02-24 15:54:03.220 D/NetworkManagement(  821): Uid 10155 restricted because of app standby mode
02-24 15:54:03.221 D/NetworkManagement(  821): Uid 10140 restricted because of app standby mode
02-24 15:54:03.221 D/NetworkManagement(  821): Uid 10136 restricted because of app standby mode
02-24 15:54:03.221 D/NetworkManagement(  821): Uid 10134 restricted because of app standby mode
02-24 15:54:03.221 D/NetworkManagement(  821): Uid 10132 restricted because of app standby mode
02-24 15:54:03.221 D/NetworkManagement(  821): Uid 10131 restricted because of app standby mode
02-24 15:54:03.224 D/NetworkManagement(  821): Uid 10155 restricted because of app standby mode
02-24 15:54:03.225 D/NetworkManagement(  821): Uid 10140 restricted because of app standby mode
02-24 15:54:03.225 D/NetworkManagement(  821): Uid 10136 restricted because of app standby mode
02-24 15:54:03.225 D/NetworkManagement(  821): Uid 10134 restricted because of app standby mode
02-24 15:54:03.225 D/NetworkManagement(  821): Uid 10132 restricted because of app standby mode
02-24 15:54:03.225 D/NetworkManagement(  821): Uid 10131 restricted because of app standby mode
02-24 15:54:03.240 D/BoundBrokerSvc(27669): onBind: Intent { act=com.google.android.gms.inappreach.service.START dat=chimera-action: cmp=com.google.android.gms/.chimera.GmsApiService }
02-24 15:54:03.240 D/BoundBrokerSvc(27669): Loading bound service for intent: Intent { act=com.google.android.gms.inappreach.service.START dat=chimera-action: cmp=com.google.android.gms/.chimera.GmsApiService }
02-24 15:54:03.256 D/ApplicationPackageManager(  821): hasSystemFeature android.hardware.type.automotive android.uid.system:1000
02-24 15:54:03.257 D/ApplicationPackageManager(  821): hasSystemFeature android.software.picture_in_picture android.uid.system:1000
02-24 15:54:03.260 D/ApplicationPackageManager(  821): hasSystemFeature android.hardware.type.automotive android.uid.system:1000
02-24 15:54:03.261 D/StatusBar( 1013): disable<e i a s b H R c s > disable2<q i n >
02-24 15:54:03.265 D/StatusBar( 1013): updateQsExpansionEnabled - QS Expand enabled: true
02-24 15:54:03.267 D/PowerHalWrapper(  821): amsBoostStop AMS_BOOST_PACK_SWITCH:false, AMS_BOOST_ACT_SWITCH:false, AMS_BOOST_PROCESS_CREATE:false 
02-24 15:54:03.278 D/NetworkManagement(  821): Uid 10155 restricted because of app standby mode
02-24 15:54:03.278 D/NetworkManagement(  821): Uid 10140 restricted because of app standby mode
02-24 15:54:03.278 D/NetworkManagement(  821): Uid 10136 restricted because of app standby mode
02-24 15:54:03.278 D/NetworkManagement(  821): Uid 10134 restricted because of app standby mode
02-24 15:54:03.278 D/NetworkManagement(  821): Uid 10132 restricted because of app standby mode
02-24 15:54:03.278 D/NetworkManagement(  821): Uid 10131 restricted because of app standby mode
02-24 15:54:03.278 W/UsageStatsService(  821): Event reported without a package name, eventType:18
02-24 15:54:03.279 I/DeviceIdleController(  821): keyguardShowing=false
02-24 15:54:03.280 I/DeviceIdleController(  821): becomeActiveLocked, reason=unlocked, changeLightIdle=true
02-24 15:54:03.280 D/James   ( 1013): Show unlock
02-24 15:54:03.280 D/James   ( 1013): resetInitState  mCurrentState = 10 resetTimeout:false
02-24 15:54:03.281 D/BluetoothTile( 1013): update state transientEnabling=false,enabled=true,connected=false,connecting=false
02-24 15:54:03.281 D/BluetoothTile( 1013): state.icon  other
02-24 15:54:03.284 D/VoiceWakeupManager( 1013): notifyKeyguardGoneAndLightUpScreen() enters
02-24 15:54:03.284 E/RotationLockTile( 1013): rotatiion handleUpdateState
02-24 15:54:03.285 D/mtk_audio_hw_hal(  447): adev_get_parameters: enter
02-24 15:54:03.285 D/AudioALSAHardware(  447): +getParameters(), key = MTK_VOW_SUPPORT
02-24 15:54:03.285 D/AudioALSAHardware(  447): -getParameters(), return "MTK_VOW_SUPPORT=false"
02-24 15:54:03.286 I/hash_map_utils(  476): key: 'MTK_VOW_SUPPORT' value: ''
02-24 15:54:03.288 D/VoiceWakeupManager( 1013): VoiceWakeup demo is NOT enabled in this load.
02-24 15:54:03.289 D/KeyguardViewMediator( 1013): set mKeyguardDoneOnGoing = false
02-24 15:54:03.289 D/KeyguardViewMediator( 1013): The first time of setEverUnlocked is: true
02-24 15:54:03.290 D/KeyguardViewMediator( 1013): The first time of setEverUnlocked is , current user 0 previouse user0
02-24 15:54:03.295 I/ezda    (14574): (REDACTED) O received %s
02-24 15:54:03.302 W/BroadcastQueue(  821): Background execution not allowed: receiving Intent { act=android.intent.action.USER_PRESENT flg=0x24200010 } to com.android.chrome/org.chromium.chrome.browser.sharing.click_to_call.ClickToCallMessageHandler$PhoneUnlockedReceiver
02-24 15:54:03.303 W/BroadcastQueue(  821): Background execution not allowed: receiving Intent { act=android.intent.action.USER_PRESENT flg=0x24200010 } to com.google.android.gms/.auth.setup.devicesignals.LockScreenReceiver
02-24 15:54:03.303 W/BroadcastQueue(  821): Background execution not allowed: receiving Intent { act=android.intent.action.USER_PRESENT flg=0x24200010 } to com.google.android.gms/.chimera.GmsIntentOperationService$PersistentTrustedReceiver
02-24 15:54:03.303 D/StatusBar( 1013): disable<e i a s b h!r!c s > disable2<q i n >
02-24 15:54:03.304 W/BroadcastQueue(  821): Background execution not allowed: receiving Intent { act=android.intent.action.USER_PRESENT flg=0x24200010 } to com.opera.browser/com.opera.android.gcm.PushNotificationSystemReceiver
02-24 15:54:03.305 D/NetworkManagement(  821): Uid 10155 restricted because of app standby mode
02-24 15:54:03.305 D/NetworkManagement(  821): Uid 10140 restricted because of app standby mode
02-24 15:54:03.305 D/NetworkManagement(  821): Uid 10136 restricted because of app standby mode
02-24 15:54:03.305 D/NetworkManagement(  821): Uid 10134 restricted because of app standby mode
02-24 15:54:03.305 D/NetworkManagement(  821): Uid 10132 restricted because of app standby mode
02-24 15:54:03.305 D/NetworkManagement(  821): Uid 10131 restricted because of app standby mode
02-24 15:54:03.309 D/NetworkManagement(  821): Uid 10155 restricted because of app standby mode
02-24 15:54:03.310 D/NetworkManagement(  821): Uid 10140 restricted because of app standby mode
02-24 15:54:03.310 D/NetworkManagement(  821): Uid 10136 restricted because of app standby mode
02-24 15:54:03.310 D/NetworkManagement(  821): Uid 10134 restricted because of app standby mode
02-24 15:54:03.310 D/NetworkManagement(  821): Uid 10132 restricted because of app standby mode
02-24 15:54:03.310 D/NetworkManagement(  821): Uid 10131 restricted because of app standby mode
02-24 15:54:03.316 D/NetworkManagement(  821): Uid 10155 restricted because of app standby mode
02-24 15:54:03.316 D/NetworkManagement(  821): Uid 10140 restricted because of app standby mode
02-24 15:54:03.316 D/NetworkManagement(  821): Uid 10136 restricted because of app standby mode
02-24 15:54:03.316 D/NetworkManagement(  821): Uid 10134 restricted because of app standby mode
02-24 15:54:03.316 D/NetworkManagement(  821): Uid 10132 restricted because of app standby mode
02-24 15:54:03.316 D/NetworkManagement(  821): Uid 10131 restricted because of app standby mode
02-24 15:54:03.319 D/NetworkManagement(  821): Uid 10155 restricted because of app standby mode
02-24 15:54:03.319 D/NetworkManagement(  821): Uid 10140 restricted because of app standby mode
02-24 15:54:03.319 D/NetworkManagement(  821): Uid 10136 restricted because of app standby mode
02-24 15:54:03.319 D/NetworkManagement(  821): Uid 10134 restricted because of app standby mode
02-24 15:54:03.319 D/NetworkManagement(  821): Uid 10132 restricted because of app standby mode
02-24 15:54:03.319 D/NetworkManagement(  821): Uid 10131 restricted because of app standby mode
02-24 15:54:03.320 I/NearbySharing(27859): Screen is unlocked
02-24 15:54:03.321 I/NearbyDiscovery(27859): (REDACTED) FastPairHandler: Received action %s
02-24 15:54:03.321 I/NearbyDiscovery(27859): FastPairController: onSystemStateChanged: skip due to flag disabled [CONTEXT service_id=265 ]
02-24 15:54:03.321 I/NearbySharing(27859): Uwb feature is off.
02-24 15:54:03.322 I/NearbySharing(27859): Uwb feature is off.
02-24 15:54:03.323 D/ApplicationPackageManager(27859): hasSystemFeature android.hardware.bluetooth com.google.uid.shared:10127
02-24 15:54:03.324 D/ApplicationPackageManager(27859): hasSystemFeature android.hardware.bluetooth_le com.google.uid.shared:10127
02-24 15:54:03.327 D/WificondControl(  821): Scan result ready event
02-24 15:54:03.328 I/EthernetTracker(  821): interfaceLinkStateChanged, iface: wlan0, up: true
02-24 15:54:03.331 I/netd    (  642): interfaceGetCfg("wlan0") <1.07ms>
02-24 15:54:03.333 I/NearbySharing(27859): Stopping scanning because Nearby Sharing is disabled.
02-24 15:54:03.333 D/WifiScanningService(  821): singleScanResults: ClientInfo[uid=1000,android.os.Messenger@9686e86],Id=94,results=17
02-24 15:54:03.334 D/WifiScanningService(  821): singleScanResults: ClientInfo[uid=1000,android.os.Messenger@9686e86],Id=2,results=17
02-24 15:54:03.334 D/WifiScanningService(  821): singleScanResults: ClientInfo[uid=1000,android.os.Messenger@9686e86],Id=3,results=17
02-24 15:54:03.334 D/ApplicationPackageManager(27859): hasSystemFeature android.hardware.bluetooth com.google.uid.shared:10127
02-24 15:54:03.335 D/ApplicationPackageManager(27859): hasSystemFeature android.hardware.bluetooth_le com.google.uid.shared:10127
02-24 15:54:03.337 D/ApplicationPackageManager(  821): hasSystemFeature android.hardware.type.automotive android.uid.system:1000
02-24 15:54:03.339 I/NearbySharing(27859): Stopping Fast Init advertisement because we're not scanning in the foreground.
02-24 15:54:03.339 D/ApplicationPackageManager(27859): hasSystemFeature android.hardware.bluetooth com.google.uid.shared:10127
02-24 15:54:03.340 D/NetworkManagement(  821): Uid 10155 restricted because of app standby mode
02-24 15:54:03.340 D/NetworkManagement(  821): Uid 10140 restricted because of app standby mode
02-24 15:54:03.340 D/ApplicationPackageManager(27859): hasSystemFeature android.hardware.bluetooth_le com.google.uid.shared:10127
02-24 15:54:03.340 D/NetworkManagement(  821): Uid 10136 restricted because of app standby mode
02-24 15:54:03.340 D/NetworkManagement(  821): Uid 10134 restricted because of app standby mode
02-24 15:54:03.340 D/NetworkManagement(  821): Uid 10132 restricted because of app standby mode
02-24 15:54:03.340 D/NetworkManagement(  821): Uid 10131 restricted because of app standby mode
02-24 15:54:03.341 D/WifiConnectivityManager(  821): AllSingleScanListener onResults: start network selection
02-24 15:54:03.342 D/WifiNetworkSelector(  821): Current connected network: "SAAMP" , ID: 1
02-24 15:54:03.342 D/WifiNetworkSelector(  821): Current network is 2.4GHz. 5GHz networks available.
02-24 15:54:03.342 I/GoogleInputMethodService( 1400): GoogleInputMethodService.onFinishInput():2589 
02-24 15:54:03.342 D/WifiNetworkSelector(  821): Current connected network is not sufficient.
02-24 15:54:03.343 I/GED     ( 1013): ged_boost_gpu_freq, level 100, eOrigin 2, final_idx 2, oppidx_max 2, oppidx_min 0
02-24 15:54:03.344 I/Module  ( 1400): DeviceLockedStatusModuleProvider$Module.updateDeviceLockedStatus():100 repeatCheckTimes = 0, locked = false
02-24 15:54:03.344 D/NetworkManagement(  821): Uid 10155 restricted because of app standby mode
02-24 15:54:03.344 D/NetworkManagement(  821): Uid 10140 restricted because of app standby mode
02-24 15:54:03.344 D/NetworkManagement(  821): Uid 10136 restricted because of app standby mode
02-24 15:54:03.344 D/NetworkManagement(  821): Uid 10134 restricted because of app standby mode
02-24 15:54:03.344 D/NetworkManagement(  821): Uid 10132 restricted because of app standby mode
02-24 15:54:03.344 D/NetworkManagement(  821): Uid 10131 restricted because of app standby mode
02-24 15:54:03.344 I/NearbySharing(27859): Stopping advertising because Nearby Sharing is disabled.
02-24 15:54:03.344 I/GoogleInputMethodService( 1400): GoogleInputMethodService.onStartInput():1568 onStartInput(EditorInfo{EditorInfo{packageName=com.tblenovo.launcher, inputType=0, inputTypeString=NULL, enableLearning=false, autoCorrection=false, autoComplete=false, imeOptions=0, privateImeOptions=null, actionName=UNSPECIFIED, actionLabel=null, initialSelStart=-1, initialSelEnd=-1, initialCapsMode=0, label=null, fieldId=-1, fieldName=null, extras=null, hintText=null, hintLocales=[]}}, false)
02-24 15:54:03.347 D/ApplicationPackageManager(27859): hasSystemFeature android.hardware.bluetooth com.google.uid.shared:10127
02-24 15:54:03.349 D/WifiNetworkSelector(  821): Networks filtered out due to invalid SSID: ba:15:a2:4a:85:48 / ba:15:a2:4a:6e:98 / 
02-24 15:54:03.349 D/WifiNetworkSelector(  821): Networks filtered out due to low signal strength: TP-Link_1826:7c:f1:7e:99:18:26(2.4GHz)-81 / SAAMP:ac:15:a2:4a:85:49(5GHz)-96 / SAAMP_GUEST:a2:15:a2:4a:85:48(5GHz)-97 / VIDEODOMPHONE:a6:15:a2:4a:85:48(5GHz)-97 / SAAMP_F_2G:d8:47:32:6f:50:e6(2.4GHz)-82 / fraikincloud:06:18:0a:7f:af:75(2.4GHz)-96 / fraikintablette:0a:18:0a:7f:af:75(2.4GHz)-96 / tablettebyradius:1a:18:0a:7f:af:75(2.4GHz)-96 / 
02-24 15:54:03.349 D/WifiNetworkSelector(  821): About to run SavedNetworkEvaluator :
02-24 15:54:03.351 D/ApplicationPackageManager(27859): hasSystemFeature android.hardware.bluetooth_le com.google.uid.shared:10127
02-24 15:54:03.353 D/SavedNetworkEvaluator(  821): 
02-24 15:54:03.353 D/SavedNetworkEvaluator(  821): [ SAAMP ac:15:a2:4a:6e:98 RSSI:-51 ]  RSSI score: 100, Same network bonus: 16, Same BSSID bonus: 24, Secure network bonus: 80, ## Total score: 220
02-24 15:54:03.353 D/SavedNetworkEvaluator(  821): [ SAAMP_GUEST 82:15:a2:4a:6e:98 RSSI:-53 ]  RSSI score: 100, ## Total score: 100
02-24 15:54:03.353 D/SavedNetworkEvaluator(  821): [ VIDEODOMPHONE 86:15:a2:4a:6e:98 RSSI:-53 ]  RSSI score: 100, Secure network bonus: 80, ## Total score: 180
02-24 15:54:03.353 D/SavedNetworkEvaluator(  821): [ SAAMP ac:15:a2:4a:6e:99 RSSI:-67 ]  RSSI score: 72, 5GHz bonus: 40, Same network bonus: 16, Equivalent BSSID bonus: 24, Secure network bonus: 80, ## Total score: 232
02-24 15:54:03.353 D/SavedNetworkEvaluator(  821): [ SAAMP_GUEST a2:15:a2:4a:6e:98 RSSI:-67 ]  RSSI score: 72, 5GHz bonus: 40, ## Total score: 112
02-24 15:54:03.353 D/SavedNetworkEvaluator(  821): [ VIDEODOMPHONE a6:15:a2:4a:6e:98 RSSI:-67 ]  RSSI score: 72, 5GHz bonus: 40, Secure network bonus: 80, ## Total score: 192
02-24 15:54:03.353 D/SavedNetworkEvaluator(  821): [ VIDEODOMPHONE 86:15:a2:4a:85:48 RSSI:-75 ]  RSSI score: 40, Secure network bonus: 80, ## Total score: 120
02-24 15:54:03.353 D/WifiNetworkSelector(  821): SavedNetworkEvaluator selects "SAAMP":1
02-24 15:54:03.354 D/WifiNetworkSelector(  821): About to run NetworkSuggestionEvaluator :
02-24 15:54:03.354 D/WifiNetworkSelector(  821): About to run PasspointNetworkEvaluator :
02-24 15:54:03.354 I/Module  ( 1400): DeviceLockedStatusModuleProvider$Module.updateDeviceLockedStatus():100 repeatCheckTimes = 1, locked = false
02-24 15:54:03.355 I/WindowManager(  821): Relayout Window{b2cf64b u0 NavigationBar0}: oldVis=8 newVis=0 focusMayChange = true
02-24 15:54:03.357 I/AndroidIME( 1400): InputBundleManager.loadActiveInputBundleId():407 loadActiveInputBundleId: und-Latn-x-password, password
02-24 15:54:03.358 I/BufferQueue(  482): [unnamed-482-335](this:0x76da0d4000,id:335,api:0,p:-1,c:-1) BufferQueue core=(482:/system/bin/surfaceflinger)
02-24 15:54:03.358 I/BufferQueueConsumer(  482): [unnamed-482-335](this:0x76da0d4000,id:335,api:0,p:-1,c:482) connect(C): consumer=(482:/system/bin/surfaceflinger) controlledByApp=false
02-24 15:54:03.358 I/BufferQueueConsumer(  482): [unnamed-482-335](this:0x76da0d4000,id:335,api:0,p:-1,c:482) setConsumerName: unnamed-482-335
02-24 15:54:03.358 I/BufferQueueConsumer(  482): [NavigationBar0#0](this:0x76da0d4000,id:335,api:0,p:-1,c:482) setConsumerName: NavigationBar0#0
02-24 15:54:03.358 I/BufferQueueConsumer(  482): [NavigationBar0#0](this:0x76da0d4000,id:335,api:0,p:-1,c:482) setDefaultBufferSize: width=1200 height=72
02-24 15:54:03.359 D/WifiNetworkSelector(  821): About to run CarrierNetworkEvaluator :
02-24 15:54:03.359 D/WifiNetworkSelector(  821): About to run ScoredNetworkEvaluator :
02-24 15:54:03.360 D/ApplicationPackageManager(  821): hasSystemFeature android.hardware.type.automotive android.uid.system:1000
02-24 15:54:03.361 D/WifiNetworkSelector(  821): BubbleFunScorer_v1 would choose 1 score 188.40878787929887+/-6.616057013056711 expid 42598151
02-24 15:54:03.361 I/NearbySharing(27859): Stopping FastInitiation scanning because visibility is hidden.
02-24 15:54:03.362 D/WifiNetworkSelector(  821): CompatibilityScorer chooses 1 score 231.933+/-10.0 expid 42504592
02-24 15:54:03.362 E/GraphicExt( 1013): GraphicExtModuleLoader::CreateGraphicExtInstance false
02-24 15:54:03.362 I/NearbySharing(27859): Fast Initiation Scanning has stopped
02-24 15:54:03.363 D/WifiNetworkSelector(  821): ScoreCardBasedScorer would choose 1 score 212.0+/-10.0 expid 42902385
02-24 15:54:03.363 D/Surface ( 1013): Surface::connect(this=0x7922a1a000,api=1)
02-24 15:54:03.363 I/BufferQueueProducer(  482): [NavigationBar0#0](this:0x76da0d4000,id:335,api:1,p:1013,c:482) connect(P): api=1 producer=(1013:com.android.systemui) producerControlledByApp=false
02-24 15:54:03.363 D/WifiConnectivityManager(  821): AllSingleScanListener:  WNS candidate-"SAAMP"
02-24 15:54:03.365 I/NearbySharing(27859): Dismissing HUN as there's no device nearby.
02-24 15:54:03.365 I/NullBinder(27859): NullBinder for android.net.action.RECOMMEND_NETWORKS triggering remote TransactionTooLargeException due to Service without Chimera impl
02-24 15:54:03.365 D/Surface ( 1013): Surface::setBufferCount(this=0x7922a1a000,bufferCount=3)
02-24 15:54:03.366 D/Surface ( 1013): Surface::allocateBuffers(this=0x7922a1a000)
02-24 15:54:03.366 D/WifiConnectivityManager(  821): connectToNetwork: Either already connected or is connecting to "SAAMP" : ac:15:a2:4a:6e:99
02-24 15:54:03.383 D/NetworkManagement(  821): Uid 10155 restricted because of app standby mode
02-24 15:54:03.383 D/NetworkManagement(  821): Uid 10140 restricted because of app standby mode
02-24 15:54:03.383 D/NetworkManagement(  821): Uid 10136 restricted because of app standby mode
02-24 15:54:03.383 D/NetworkManagement(  821): Uid 10134 restricted because of app standby mode
02-24 15:54:03.383 D/NetworkManagement(  821): Uid 10132 restricted because of app standby mode
02-24 15:54:03.383 D/NetworkManagement(  821): Uid 10131 restricted because of app standby mode
02-24 15:54:03.383 I/hwcomposer(  457): [HWCDisplay] [Display_0 (type:1)] fps:41.979851,dur:1000.48,max:300.57,min:14.85  
02-24 15:54:03.386 I/Nearby  (27859): (REDACTED) Beginning attempt #%d out of %d for %s...
02-24 15:54:03.387 D/ApplicationPackageManager(  821): hasSystemFeature android.hardware.wifi.rtt com.google.uid.shared:10127
02-24 15:54:03.389 I/NearbyMediums(27859): BluetoothAdapter's name was not set by Nearby Connections, ignoring call to restore default scan mode.
02-24 15:54:03.389 I/RCNIntentOperation(27859): RCN is disabled on this network.
02-24 15:54:03.391 D/ApplicationPackageManager(27669): hasSystemFeature android.hardware.telephony com.google.uid.shared:10127
02-24 15:54:03.391 I/NearbyMediums(27859): BluetoothAdapter's name was not set by Nearby Connections, ignoring call to restore device name
02-24 15:54:03.399 D/NetworkManagement(  821): Uid 10155 restricted because of app standby mode
02-24 15:54:03.399 D/NetworkManagement(  821): Uid 10140 restricted because of app standby mode
02-24 15:54:03.399 D/NetworkManagement(  821): Uid 10136 restricted because of app standby mode
02-24 15:54:03.399 D/NetworkManagement(  821): Uid 10134 restricted because of app standby mode
