02-24 15:54:03.400 D/NetworkManagement(  821): Uid 10132 restricted because of app standby mode
02-24 15:54:03.400 D/NetworkManagement(  821): Uid 10131 restricted because of app standby mode
02-24 15:54:03.401 D/BoundBrokerSvc(27669): onBind: Intent { act=com.google.android.gms.pay.service.BIND dat=chimera-action: cmp=com.google.android.gms/.chimera.GmsApiService }
02-24 15:54:03.401 D/BoundBrokerSvc(27669): Loading bound service for intent: Intent { act=com.google.android.gms.pay.service.BIND dat=chimera-action: cmp=com.google.android.gms/.chimera.GmsApiService }
02-24 15:54:03.435 I/QSTileHost( 1013): QSTileHost QSSTATUS =0--VEGASTATUS = 0
02-24 15:54:03.451 I/BufferQueueConsumer(  482): [StatusBar#0](this:0x76da0e4000,id:5,api:1,p:1013,c:482) setDefaultBufferSize: width=1200 height=36
02-24 15:54:03.454 D/ApplicationPackageManager(  821): hasSystemFeature android.hardware.type.automotive android.uid.system:1000
02-24 15:54:03.459 D/Surface ( 1013): Surface::disconnect(this=0x7936ff8000,api=1)
02-24 15:54:03.460 I/BufferQueueProducer(  482): [StatusBar#0](this:0x76da0e4000,id:5,api:1,p:1013,c:482) disconnect(P): api 1
02-24 15:54:03.461 D/Surface ( 1013): Surface::connect(this=0x7936ff8000,api=1)
02-24 15:54:03.461 I/BufferQueueProducer(  482): [StatusBar#0](this:0x76da0e4000,id:5,api:1,p:1013,c:482) connect(P): api=1 producer=(1013:com.android.systemui) producerControlledByApp=false
02-24 15:54:03.462 D/Surface ( 1013): Surface::setBufferCount(this=0x7936ff8000,bufferCount=3)
02-24 15:54:03.467 I/QSTileHost( 1013): QSTileHost QSSTATUS =0--VEGASTATUS = 0
02-24 15:54:03.481 W/BufferQueueDump(  482): [StatusBar#0] [addBuffer] slot(0) acquired, seems to be abnormal, just update ...
02-24 15:54:03.583 D/EventBus( 1013): [1013, u0] send(SetWaitingForTransitionStartEvent)
02-24 15:54:03.590 E/jindi20 ( 1346): REQUEST_NONE
02-24 15:54:03.644 I/gle.android.gm(27669): Compiler allocated 4358KB to compile int m.azdl.c(java.lang.Object, byte[], int, int, int, m.azaa)
02-24 15:54:03.869 I/system_server(  821): Background concurrent copying GC freed 106417(5419KB) AllocSpace objects, 27(1416KB) LOS objects, 21% free, 21MB/27MB, paused 350us total 536.449ms
02-24 15:54:03.903 I/BufferQueue(  821): [SurfaceTexture-13-821-12](this:0x793558c000,id:12,api:2,p:-1,c:-1) ~BufferQueueCore
02-24 15:54:04.214 D/NetworkManagement(  821): Uid 10155 restricted because of app standby mode
02-24 15:54:04.214 D/NetworkManagement(  821): Uid 10140 restricted because of app standby mode
02-24 15:54:04.214 D/NetworkManagement(  821): Uid 10136 restricted because of app standby mode
02-24 15:54:04.214 D/NetworkManagement(  821): Uid 10134 restricted because of app standby mode
02-24 15:54:04.214 D/NetworkManagement(  821): Uid 10132 restricted because of app standby mode
02-24 15:54:04.214 D/NetworkManagement(  821): Uid 10131 restricted because of app standby mode
02-24 15:54:05.100 I/thermal_repeater(  653): socket -1
02-24 15:54:05.678 E/WifiVendorHal(  821): getWifiLinkLayerStats_1_3_Internal(l.927) failed {.code = ERROR_NOT_SUPPORTED, .description = }
02-24 15:54:05.818 I/bbau    (14574): (REDACTED) getHotwordActive::active query: %s, watch: %s, devices connected: %s
02-24 15:54:06.786 I/hwcomposer(  457): [HWC] (0) displayGetActiveConfig config:0  
02-24 15:54:06.805 I/BufferQueueProducer(  482): [NavigationBar0#0](this:0x76da0d4000,id:335,api:1,p:1013,c:482) queueBuffer: fps=0.30 dur=3385.91 max=3385.91 min=3385.91
02-24 15:54:06.815 I/hwcomposer(  457): [HWCDisplay] [Display_0 (type:1)] fps:13.988941,dur:3431.28,max:2648.54,min:15.13  
02-24 15:54:06.835 D/OverviewCommandHelper( 1346): --peixing--onOverviewToggle: 
02-24 15:54:06.836 I/hwservicemanager(  359): getTransport: Cannot find entry vendor.mediatek.hardware.mtkradioex@1.0::IMtkRadioEx/mtkCap1 in either framework or device manifest.
02-24 15:54:06.840 I/hwservicemanager(  359): getTransport: Cannot find entry vendor.mediatek.hardware.mtkradioex@1.0::IMtkRadioEx/mtkAssist1 in either framework or device manifest.
02-24 15:54:06.840 V/StatusBar( 1013): mStatusBarWindow: com.android.systemui.statusbar.phone.StatusBarWindowView{57c8d41 V.E...... ........ 0,0-1200,36} canPanelBeCollapsed(): false
02-24 15:54:06.841 I/UDSEngine14( 1772): [V1.1.32.220121/999000002][TipsBroadCastReceiver.onReceive:83][2]--->>TipsBroadCastReceiver android.intent.action.CLOSE_SYSTEM_DIALOGS   hashCode: 89623182
02-24 15:54:06.843 I/UDSEngine14( 1772): [V1.1.32.220121/999000002][TipsBroadCastReceiver.onReceive:103][2]--->>TipsBroadCastReceiver FirebaseMessaging:com.lenovo.tbengine.core.receiver.TipsBroadCastReceiver@5578a8e
02-24 15:54:06.855 I/BufferQueueProducer(  482): [com.tblenovo.launcher/com.android.searchlauncher.SearchLauncher#0](this:0x76ce6bd000,id:334,api:1,p:1346,c:482) queueBuffer: fps=10.53 dur=3608.65 max=2697.06 min=13.01
02-24 15:54:06.859 D/skia    (  821): SkJpegCodec::onGetPixels +
02-24 15:54:06.884 W/View    ( 1346): requestLayout() improperly called by com.android.quickstep.views.TaskView{ca4694b VFE...CL. ......ID 2565,273-3225,1329} during layout: running second layout pass
02-24 15:54:06.884 W/View    ( 1346): requestLayout() improperly called by com.android.quickstep.views.TaskView{7300a1a VFE...CL. ......ID 1800,273-2460,1329} during layout: running second layout pass
02-24 15:54:06.884 W/View    ( 1346): requestLayout() improperly called by com.android.quickstep.views.TaskView{47b80c5 VFE...CL. ......ID 1035,273-1695,1329} during layout: running second layout pass
02-24 15:54:06.884 W/View    ( 1346): requestLayout() improperly called by com.android.quickstep.views.TaskView{4c34b3c VFE...CL. ......ID 270,273-930,1329} during layout: running second layout pass
02-24 15:54:06.892 D/skia    (  821): SkJpegCodec::onGetPixels -
02-24 15:54:06.926 W/ziparchive( 1346): Unable to open '/data/app/com.example.SnapSAAMP-wkMwxJOPkFyFZYXo_AKx3g==/base.apk': No such file or directory
02-24 15:54:06.927 E/lenovo.launche( 1346): Failed to open APK '/data/app/com.example.SnapSAAMP-wkMwxJOPkFyFZYXo_AKx3g==/base.apk' I/O error
02-24 15:54:06.927 E/ResourcesManager( 1346): failed to add asset path /data/app/com.example.SnapSAAMP-wkMwxJOPkFyFZYXo_AKx3g==/base.apk
02-24 15:54:06.928 W/PackageManager( 1346): Failure retrieving resources for com.example.SnapSAAMP
02-24 15:54:07.115 E/jindi4  ( 1346): recent :
02-24 15:54:07.131 I/GoogleInputMethodService( 1400): GoogleInputMethodService.onFinishInput():2589 
02-24 15:54:07.133 I/Module  ( 1400): DeviceLockedStatusModuleProvider$Module.updateDeviceLockedStatus():100 repeatCheckTimes = 0, locked = false
02-24 15:54:07.137 I/GoogleInputMethodService( 1400): GoogleInputMethodService.onStartInput():1568 onStartInput(EditorInfo{EditorInfo{packageName=com.tblenovo.launcher, inputType=0, inputTypeString=NULL, enableLearning=false, autoCorrection=false, autoComplete=false, imeOptions=0, privateImeOptions=null, actionName=UNSPECIFIED, actionLabel=null, initialSelStart=-1, initialSelEnd=-1, initialCapsMode=0, label=null, fieldId=2131361979, fieldName=null, extras=null, hintText=null, hintLocales=[]}}, false)
02-24 15:54:07.141 I/Module  ( 1400): DeviceLockedStatusModuleProvider$Module.updateDeviceLockedStatus():100 repeatCheckTimes = 1, locked = false
02-24 15:54:07.143 I/AndroidIME( 1400): InputBundleManager.loadActiveInputBundleId():407 loadActiveInputBundleId: und-Latn-x-password, password
02-24 15:54:07.880 I/hwcomposer(  457): [HWC] (0) displayGetActiveConfig config:0  
02-24 15:54:07.911 I/EthernetTracker(  821): interfaceLinkStateChanged, iface: wlan0, up: true
02-24 15:54:07.914 I/netd    (  642): interfaceGetCfg("wlan0") <1.34ms>
02-24 15:54:07.937 I/BufferQueueProducer(  482): [com.tblenovo.launcher/com.android.searchlauncher.SearchLauncher#0](this:0x76ce6bd000,id:334,api:1,p:1346,c:482) queueBuffer: fps=16.64 dur=1081.63 max=780.22 min=11.50
02-24 15:54:07.943 I/ActivityTaskManager(  821): START u0 {act=android.intent.action.MAIN cat=[android.intent.category.LAUNCHER] flg=0x10300000 cmp=com.example.SnapSAAMP/.MainActivity} from uid 10054
02-24 15:54:07.945 I/power@1.3-impl(  471): powerHintInternal hint:8, data:1
02-24 15:54:07.947 I/libPowerHal(  471): 8: cpu_ctrl set freq: 2301000 -1 1800000 -1
02-24 15:54:07.949 I/hwcomposer(  457): [HWCDisplay] [Display_0 (type:1)] fps:27.323479,dur:1134.56,max:633.08,min:15.35  
02-24 15:54:07.950 D/PowerHalWrapper(  821): <amsBoostResume> last:com.tblenovo.launcher, next:com.example.SnapSAAMP 
02-24 15:54:07.958 D/ApplicationPackageManager(  821): hasSystemFeature android.hardware.type.automotive android.uid.system:1000
02-24 15:54:07.958 D/ApplicationPackageManager(  821): hasSystemFeature android.software.picture_in_picture android.uid.system:1000
02-24 15:54:07.961 D/PowerHalWrapper(  821): amsBoostProcessCreate package:com.example.SnapSAAMP 
02-24 15:54:07.962 D/AppOps  (  821): checkOperation: uid reject #1 for code 87 uid 10199 package com.example.SnapSAAMP
02-24 15:54:07.964 D/NetworkManagement(  821): Uid 10155 restricted because of app standby mode
02-24 15:54:07.965 D/NetworkManagement(  821): Uid 10140 restricted because of app standby mode
02-24 15:54:07.965 D/NetworkManagement(  821): Uid 10136 restricted because of app standby mode
02-24 15:54:07.965 D/NetworkManagement(  821): Uid 10134 restricted because of app standby mode
02-24 15:54:07.965 D/NetworkManagement(  821): Uid 10132 restricted because of app standby mode
02-24 15:54:07.965 D/NetworkManagement(  821): Uid 10131 restricted because of app standby mode
02-24 15:54:07.966 E/system_server(  821): Invalid ID 0x00000000.
02-24 15:54:07.970 D/ViewRootImpl[SnapSAAMP](  821): hardware acceleration = false , fakeHwAccelerated = true, sRendererDisabled = false, forceHwAccelerated = false, sSystemRendererDisabled = false
02-24 15:54:07.972 D/ApplicationPackageManager(  821): hasSystemFeature android.hardware.type.automotive android.uid.system:1000
02-24 15:54:07.978 D/Zygote  (  621): Forked child process 28816
02-24 15:54:07.982 I/ActivityManager(  821): Start proc 28816:com.example.SnapSAAMP/u0a199 for activity {com.example.SnapSAAMP/com.example.SnapSAAMP.MainActivity}
02-24 15:54:07.986 I/BufferQueue(  482): [unnamed-482-336](this:0x76da008800,id:336,api:0,p:-1,c:-1) BufferQueue core=(482:/system/bin/surfaceflinger)
02-24 15:54:07.986 I/BufferQueueConsumer(  482): [unnamed-482-336](this:0x76da008800,id:336,api:0,p:-1,c:482) connect(C): consumer=(482:/system/bin/surfaceflinger) controlledByApp=false
02-24 15:54:07.986 I/BufferQueueConsumer(  482): [unnamed-482-336](this:0x76da008800,id:336,api:0,p:-1,c:482) setConsumerName: unnamed-482-336
02-24 15:54:07.986 I/BufferQueueConsumer(  482): [Splash Screen com.example.SnapSAAMP#0](this:0x76da008800,id:336,api:0,p:-1,c:482) setConsumerName: Splash Screen com.example.SnapSAAMP#0
02-24 15:54:07.986 I/BufferQueueConsumer(  482): [Splash Screen com.example.SnapSAAMP#0](this:0x76da008800,id:336,api:0,p:-1,c:482) setDefaultBufferSize: width=1200 height=1920
02-24 15:54:07.987 D/ApplicationPackageManager(  821): hasSystemFeature android.hardware.type.automotive android.uid.system:1000
02-24 15:54:07.988 E/GraphicExt(  821): GraphicExtModuleLoader::CreateGraphicExtInstance false
02-24 15:54:07.989 D/Surface (  821): lockCanvas
02-24 15:54:07.989 D/Surface (  821): Surface::connect(this=0x78ba097000,api=2)
02-24 15:54:07.990 I/BufferQueueProducer(  482): [Splash Screen com.example.SnapSAAMP#0](this:0x76da008800,id:336,api:2,p:821,c:482) connect(P): api=2 producer=(821:system_server) producerControlledByApp=false
02-24 15:54:07.995 E/ample.SnapSAAM(28816): Not starting debugger since process cannot load the jdwp agent.
02-24 15:54:08.006 V/ActivityManager(  821): New death recipient com.android.server.am.ActivityManagerService$AppDeathRecipient@4a7c1f8 for thread android.os.BinderProxy@65756d1, pid:28816,mApp:null
02-24 15:54:08.010 D/ApplicationPackageManager(  821): hasSystemFeature android.hardware.type.automotive android.uid.system:1000
02-24 15:54:08.010 D/ApplicationPackageManager(  821): hasSystemFeature android.software.picture_in_picture android.uid.system:1000
02-24 15:54:08.012 D/Typeface(28816): Invaild or same path: 
02-24 15:54:08.014 D/PowerHalWrapper(  821): amsBoostNotify pid:28816,activity:com.example.SnapSAAMP.MainActivity, package:com.example.SnapSAAMP, mProcessCreatePackcom.example.SnapSAAMP 
02-24 15:54:08.016 I/libPowerHal(  471): [perfNotifyAppState] foreground:com.example.SnapSAAMP, pid:28816, uid:10199
02-24 15:54:08.016 E/UxUtility(  471): notifyAppState error = NULL
02-24 15:54:08.016 I/powerd  (  471): [powerd_req] POWER_MSG_NOTIFY_STATE, pc:1, com.tblenovo.launcher => com.example.SnapSAAMP
02-24 15:54:08.020 D/ApplicationPackageManager(  821): hasSystemFeature android.hardware.type.automotive android.uid.system:1000
02-24 15:54:08.020 D/ApplicationPackageManager(  821): hasSystemFeature android.software.picture_in_picture android.uid.system:1000
02-24 15:54:08.022 D/ApplicationPackageManager(  821): hasSystemFeature android.hardware.type.automotive android.uid.system:1000
02-24 15:54:08.027 D/NetworkManagement(  821): Uid 10155 restricted because of app standby mode
02-24 15:54:08.027 D/NetworkManagement(  821): Uid 10140 restricted because of app standby mode
02-24 15:54:08.027 D/NetworkManagement(  821): Uid 10136 restricted because of app standby mode
02-24 15:54:08.027 D/NetworkManagement(  821): Uid 10134 restricted because of app standby mode
02-24 15:54:08.027 D/NetworkManagement(  821): Uid 10132 restricted because of app standby mode
02-24 15:54:08.027 D/NetworkManagement(  821): Uid 10131 restricted because of app standby mode
02-24 15:54:08.029 V/NetworkPolicy(  821): updateRuleForRestrictBackgroundUL(10199): isForeground=true, isBlacklisted=false, isWhitelisted=false, isRestrictedByAdmin=false, oldRule=0 (NONE), newRule=0 (NONE), newUidRules=0 (NONE), oldUidRules=0 (NONE)
02-24 15:54:08.029 D/NetworkManagement(  821): oldRule = 0, newRule=0 for uid=10199 on chain 2
02-24 15:54:08.029 D/NetworkManagement(  821): !!!!! Skipping change
02-24 15:54:08.029 D/NetworkPolicy(  821): updateRuleForAppIdleUL 10199 to DEFAULT
02-24 15:54:08.029 V/NetworkPolicy(  821): updateRulesForPowerRestrictionsUL(10199), isIdle: false, mRestrictPower: false, mDeviceIdleMode: false, isForeground=true, isWhitelisted=false, oldRule=0 (NONE), newRule=0 (NONE), newUidRules=0 (NONE), oldUidRules=0 (NONE)
02-24 15:54:08.051 I/BufferQueueProducer(  482): [FramebufferSurface](this:0x76ddd5e800,id:0,api:1,p:482,c:482) queueBuffer: fps=0.13 dur=192742.18 max=192338.83 min=15.36
02-24 15:54:08.058 I/cjtj    (31532): onPause
02-24 15:54:08.061 D/NavigationBar( 1013): sjj ---- onTaskStackChanged
02-24 15:54:08.062 V/UserExperience( 1910): c.d() [SV] OSEvent: S382
02-24 15:54:08.067 I/BufferQueueProducer(  482): [NavigationBar0#0](this:0x76da0d4000,id:335,api:1,p:1013,c:482) queueBuffer: fps=24.56 dur=1261.97 max=762.06 min=10.21
02-24 15:54:08.113 W/SoLoader(28816): Initializing SoLoader: 0
02-24 15:54:08.114 W/SoLoader(28816): Recording new base apk path: /data/app/com.example.SnapSAAMP-ZEbF3Ust0Qe0I9FaQTEBZw==/base.apk
02-24 15:54:08.114 W/SoLoader(28816): Previously recorded 0 base apk paths.
02-24 15:54:08.116 I/SoLoader(28816): Preparing SO source: DirectorySoSource[root = /vendor/lib64 flags = 2]
02-24 15:54:08.117 I/SoLoader(28816): Preparing SO source: DirectorySoSource[root = /system/lib64 flags = 2]
02-24 15:54:08.117 I/SoLoader(28816): Preparing SO source: DirectApkSoSource[root = [/data/app/com.example.SnapSAAMP-ZEbF3Ust0Qe0I9FaQTEBZw==/base.apk!/lib/arm64-v8a]]
02-24 15:54:08.131 I/SoLoader(28816): Preparing SO source: ApplicationSoSource[DirectorySoSource[root = /data/app/com.example.SnapSAAMP-ZEbF3Ust0Qe0I9FaQTEBZw==/lib/arm64 flags = 0]]
02-24 15:54:08.132 I/SoLoader(28816): init finish: 4 SO sources prepared
02-24 15:54:08.132 W/SoLoader(28816): SoLoader initialized: 8
02-24 15:54:08.163 D/AppCompatDelegate(28816): Checking for metadata for AppLocalesMetadataHolderService : Service not found
02-24 15:54:08.175 V/SettingsProvider(  821): packageValueForCallResult, name = null, value : Bundle[{_track_generation=android.util.MemoryIntArray@70, value=null, _generation_index=0, _generation=22}]
02-24 15:54:08.177 D/ApplicationPackageManager(28816): hasSystemFeature android.software.picture_in_picture com.example.SnapSAAMP
02-24 15:54:08.211 W/SoLoader(28816): SoLoader already initialized
02-24 15:54:08.226 W/linker  (28816): Warning: "/data/app/com.example.SnapSAAMP-ZEbF3Ust0Qe0I9FaQTEBZw==/base.apk!/lib/arm64-v8a/libc++_shared.so" unused DT entry: unknown processor-specific (type 0x70000001 arg 0x0) (ignoring)
02-24 15:54:08.272 D/jni_lib_merge(28816): Entering merged library JNI_OnLoad.
02-24 15:54:08.272 D/jni_lib_merge(28816): Preparing 12 pre-merged libs (including stub)
02-24 15:54:08.272 D/jni_lib_merge(28816): Preparing to register libfabricjni_so.  onload_func: 0x7935f15984
02-24 15:54:08.272 D/jni_lib_merge(28816): Preparing to register libmapbufferjni_so.  onload_func: 0x7935f60c6c
02-24 15:54:08.272 D/jni_lib_merge(28816): Preparing to register libreact_devsupportjni_so.  onload_func: 0x7935fd83d0
02-24 15:54:08.272 D/jni_lib_merge(28816): Preparing to register libreact_featureflagsjni_so.  onload_func: 0x7935fdf530
02-24 15:54:08.272 D/jni_lib_merge(28816): Preparing to register libreact_newarchdefaults_so.  onload_func: 0x7936002804
02-24 15:54:08.272 D/jni_lib_merge(28816): Preparing to register libreactnativeblob_so.  onload_func: 0x793608a93c
02-24 15:54:08.272 D/jni_lib_merge(28816): Preparing to register libreactnativejni_so.  onload_func: 0x79360a9284
02-24 15:54:08.272 D/jni_lib_merge(28816): Preparing to register librninstance_so.  onload_func: 0x79360c33a8
02-24 15:54:08.272 D/jni_lib_merge(28816): Preparing to register libturbomodulejsijni_so.  onload_func: 0x7936122578
02-24 15:54:08.272 D/jni_lib_merge(28816): Preparing to register libuimanagerjni_so.  onload_func: 0x7936129df0
02-24 15:54:08.272 D/jni_lib_merge(28816): Preparing to register libyoga_so.  onload_func: 0x793612f0a0
02-24 15:54:08.272 D/jni_lib_merge(28816): About to register 11 actual methods.
02-24 15:54:08.275 D/jni_lib_merge(28816): Entering merged library JNI_OnLoad.
02-24 15:54:08.275 D/jni_lib_merge(28816): Preparing 4 pre-merged libs (including stub)
02-24 15:54:08.275 D/jni_lib_merge(28816): Preparing to register libhermes_executor_so.  onload_func: 0x7936326780
02-24 15:54:08.275 D/jni_lib_merge(28816): Preparing to register libhermesinstancejni_so.  onload_func: 0x793632d178
02-24 15:54:08.275 D/jni_lib_merge(28816): Preparing to register libjsijniprofiler_so.  onload_func: 0x793632d834
02-24 15:54:08.275 D/jni_lib_merge(28816): About to register 3 actual methods.
02-24 15:54:08.277 W/SoLoader(28816): SoLoader already initialized
02-24 15:54:08.321 I/SurfaceFactory(28816): [static] sSurfaceFactory = com.mediatek.view.impl.SurfaceFactoryImpl@12199ad
02-24 15:54:08.330 D/ViewRootImpl[MainActivity](28816): hardware acceleration = true , fakeHwAccelerated = false, sRendererDisabled = false, forceHwAccelerated = false, sSystemRendererDisabled = false
02-24 15:54:08.332 E/WindowManager(  821): App trying to use insecure INPUT_FEATURE_NO_INPUT_CHANNEL flag. Ignoring
02-24 15:54:08.333 I/SurfaceFlinger(  482): [SF client] NEW(0x76da135600) for (821:system_server)
02-24 15:54:08.338 V/PhoneWindow(28816): DecorView setVisiblity: visibility = 0, Parent = android.view.ViewRootImpl@4eb23a9, this = DecorView@ab1dd2e[MainActivity]
02-24 15:54:08.344 W/ample.SnapSAAM(28816): Accessing hidden method Landroid/view/WindowInsets$Type;->ime()I (blacklist, linking, denied)
02-24 15:54:08.348 I/WindowManager(  821): Relayout Window{44e92c5 u0 com.example.SnapSAAMP/com.example.SnapSAAMP.MainActivity}: oldVis=4 newVis=0 focusMayChange = true
02-24 15:54:08.351 I/BufferQueue(  482): [unnamed-482-337](this:0x76ce6be800,id:337,api:0,p:-1,c:-1) BufferQueue core=(482:/system/bin/surfaceflinger)
02-24 15:54:08.351 I/BufferQueueConsumer(  482): [unnamed-482-337](this:0x76ce6be800,id:337,api:0,p:-1,c:482) connect(C): consumer=(482:/system/bin/surfaceflinger) controlledByApp=false
02-24 15:54:08.351 I/BufferQueueConsumer(  482): [unnamed-482-337](this:0x76ce6be800,id:337,api:0,p:-1,c:482) setConsumerName: unnamed-482-337
02-24 15:54:08.351 I/BufferQueueConsumer(  482): [com.example.SnapSAAMP/com.example.SnapSAAMP.MainActivity#0](this:0x76ce6be800,id:337,api:0,p:-1,c:482) setConsumerName: com.example.SnapSAAMP/com.example.SnapSAAMP.MainActivity#0
02-24 15:54:08.351 I/BufferQueueConsumer(  482): [com.example.SnapSAAMP/com.example.SnapSAAMP.MainActivity#0](this:0x76ce6be800,id:337,api:0,p:-1,c:482) setDefaultBufferSize: width=1200 height=1920
02-24 15:54:08.353 D/ApplicationPackageManager(  821): hasSystemFeature android.hardware.type.automotive android.uid.system:1000
02-24 15:54:08.359 E/GraphicExt(28816): Can't load libboost_ext_fwk
02-24 15:54:08.359 E/GraphicExt(28816): GraphicExtModuleLoader::CreateGraphicExtInstance false
02-24 15:54:08.360 I/GPUD    (28816): @gpudInitialize: successfully initialized with GL, dbg=0 mmdump_dbg=0 mmpath_dbg=0
02-24 15:54:08.362 D/TaskBarFrame_sjj( 1013): reload tasks
02-24 15:54:08.365 E/jindi4  ( 1346): recent 
02-24 15:54:08.375 D/TaskBarFrame_sjj( 1013): reload tasks
02-24 15:54:08.380 E/Layer   (  482): [Surface(name=AppWindowToken{81d16c8 token=Token{a633b6b ActivityRecord{77c50ba u0 com.example.SnapSAAMP/.MainActivity t155}}})/@0x649d536 - animation-leash#0] No local sync point found
02-24 15:54:08.381 E/Layer   (  482): [Surface(name=AppWindowToken{cede46a token=Token{39a1255 ActivityRecord{c81e90c u0 com.tblenovo.launcher/com.android.searchlauncher.SearchLauncher t122}}})/@0xb8dd28 - animation-leash#0] No local sync point found
02-24 15:54:08.382 D/Surface (31532): Surface::disconnect(this=0x798e580000,api=1)
02-24 15:54:08.383 I/BufferQueueProducer(  482): [(1-1)-Window{5fba3c3 alpha=1.0 fl=}#0](this:0x76ce68a000,id:333,api:1,p:31532,c:482) disconnect(P): api 1
02-24 15:54:08.383 D/Surface ( 1346): Surface::disconnect(this=0x798e2c8000,api=1)
02-24 15:54:08.384 I/BufferQueueProducer(  482): [com.tblenovo.launcher/com.android.searchlauncher.SearchLauncher#0](this:0x76ce6bd000,id:334,api:1,p:1346,c:482) disconnect(P): api 1
02-24 15:54:08.385 D/Surface (28816): Surface::connect(this=0x798e2b8000,api=1)
02-24 15:54:08.385 D/EventBus( 1013): [1013, u0] send(SetWaitingForTransitionStartEvent)
02-24 15:54:08.385 D/EventBus( 1013): [1013, u0] send(SetWaitingForTransitionStartEvent)
02-24 15:54:08.386 I/BufferQueueProducer(  482): [com.example.SnapSAAMP/com.example.SnapSAAMP.MainActivity#0](this:0x76ce6be800,id:337,api:1,p:28816,c:482) connect(P): api=1 producer=(28816:com.example.SnapSAAMP) producerControlledByApp=false
02-24 15:54:08.388 D/TaskBarFrame_sjj( 1013): onBindViewHolder : 0
02-24 15:54:08.388 D/Surface (28816): Surface::setBufferCount(this=0x798e2b8000,bufferCount=3)
02-24 15:54:08.389 D/Surface (28816): Surface::allocateBuffers(this=0x798e2b8000)
02-24 15:54:08.391 D/ApplicationPackageManager(  821): hasSystemFeature android.hardware.type.automotive android.uid.system:1000
02-24 15:54:08.397 I/hwservicemanager(  359): getTransport: Cannot find entry android.hardware.graphics.mapper@3.0::IMapper/default in either framework or device manifest.
02-24 15:54:08.397 W/Gralloc3(28816): mapper 3.x is not supported
02-24 15:54:08.397 D/ApplicationPackageManager(  821): hasSystemFeature android.hardware.type.automotive android.uid.system:1000
02-24 15:54:08.400 D/TaskBarFrame_sjj( 1013): mTasks length = 4; TaskId = 134
02-24 15:54:08.400 D/TaskBarFrame_sjj( 1013): running task : 155
02-24 15:54:08.400 E/ion     (28816): ioctl c0044901 failed with code -1: Invalid argument
02-24 15:54:08.401 D/TaskBarFrame_sjj( 1013): onBindViewHolder : 1
02-24 15:54:08.402 D/TaskBarFrame_sjj( 1013): mTasks length = 4; TaskId = 136
02-24 15:54:08.402 D/TaskBarFrame_sjj( 1013): running task : 155
02-24 15:54:08.403 D/TaskBarFrame_sjj( 1013): onBindViewHolder : 2
02-24 15:54:08.404 D/TaskBarFrame_sjj( 1013): mTasks length = 4; TaskId = 153
02-24 15:54:08.404 D/TaskBarFrame_sjj( 1013): running task : 155
02-24 15:54:08.405 D/TaskBarFrame_sjj( 1013): onBindViewHolder : 3
02-24 15:54:08.406 D/TaskBarFrame_sjj( 1013): mTasks length = 4; TaskId = 155
02-24 15:54:08.406 D/TaskBarFrame_sjj( 1013): running task : 155
02-24 15:54:08.406 D/TaskBarFrame_sjj( 1013): This is Top task!
02-24 15:54:08.419 D/View    (  821): [Warning] assignParent to null: this = DecorView@10a9641[SnapSAAMP]
02-24 15:54:08.419 D/Surface (  821): Surface::disconnect(this=0x78ba097000,api=2)
02-24 15:54:08.420 I/BufferQueueProducer(  482): [Splash Screen com.example.SnapSAAMP#0](this:0x76da008800,id:336,api:2,p:821,c:482) disconnect(P): api 2
02-24 15:54:08.422 I/GoogleInputMethodService( 1400): GoogleInputMethodService.onFinishInput():2589 
02-24 15:54:08.423 I/ActivityTaskManager(  821): Displayed com.example.SnapSAAMP/.MainActivity: +473ms
02-24 15:54:08.423 I/Module  ( 1400): DeviceLockedStatusModuleProvider$Module.updateDeviceLockedStatus():100 repeatCheckTimes = 0, locked = false
02-24 15:54:08.424 I/GoogleInputMethodService( 1400): GoogleInputMethodService.onStartInput():1568 onStartInput(EditorInfo{EditorInfo{packageName=com.example.SnapSAAMP, inputType=0, inputTypeString=NULL, enableLearning=false, autoCorrection=false, autoComplete=false, imeOptions=0, privateImeOptions=null, actionName=UNSPECIFIED, actionLabel=null, initialSelStart=-1, initialSelEnd=-1, initialCapsMode=0, label=null, fieldId=-1, fieldName=null, extras=null, hintText=null, hintLocales=[]}}, false)
02-24 15:54:08.425 I/Module  ( 1400): DeviceLockedStatusModuleProvider$Module.updateDeviceLockedStatus():100 repeatCheckTimes = 1, locked = false
02-24 15:54:08.426 I/AndroidIME( 1400): InputBundleManager.loadActiveInputBundleId():407 loadActiveInputBundleId: und-Latn-x-password, password
02-24 15:54:08.438 I/power@1.3-impl(  471): powerHintInternal hint:8, data:0
02-24 15:54:08.440 D/PowerHalWrapper(  821): amsBoostStop AMS_BOOST_PACK_SWITCH:true, AMS_BOOST_ACT_SWITCH:false, AMS_BOOST_PROCESS_CREATE:true 
02-24 15:54:08.441 D/NetworkManagement(  821): Uid 10155 restricted because of app standby mode
02-24 15:54:08.442 D/NetworkManagement(  821): Uid 10140 restricted because of app standby mode
02-24 15:54:08.442 D/NetworkManagement(  821): Uid 10136 restricted because of app standby mode
02-24 15:54:08.442 D/NetworkManagement(  821): Uid 10134 restricted because of app standby mode
02-24 15:54:08.442 D/NetworkManagement(  821): Uid 10132 restricted because of app standby mode
02-24 15:54:08.442 D/NetworkManagement(  821): Uid 10131 restricted because of app standby mode
02-24 15:54:08.443 D/NetworkManagement(  821): Uid 10155 restricted because of app standby mode
02-24 15:54:08.443 D/NetworkManagement(  821): Uid 10140 restricted because of app standby mode
02-24 15:54:08.443 D/NetworkManagement(  821): Uid 10136 restricted because of app standby mode
02-24 15:54:08.443 D/NetworkManagement(  821): Uid 10134 restricted because of app standby mode
02-24 15:54:08.443 D/NetworkManagement(  821): Uid 10132 restricted because of app standby mode
02-24 15:54:08.443 D/NetworkManagement(  821): Uid 10131 restricted because of app standby mode
02-24 15:54:08.445 I/cjtj    (31532): onStop
02-24 15:54:08.446 V/PhoneWindow( 1346): DecorView setVisiblity: visibility = 4, Parent = android.view.ViewRootImpl@97faec2, this = DecorView@ea8b4d3[SearchLauncher]
02-24 15:54:08.465 D/NetworkManagement(  821): Uid 10155 restricted because of app standby mode
02-24 15:54:08.465 D/NetworkManagement(  821): Uid 10140 restricted because of app standby mode
02-24 15:54:08.465 D/NetworkManagement(  821): Uid 10136 restricted because of app standby mode
02-24 15:54:08.465 D/NetworkManagement(  821): Uid 10134 restricted because of app standby mode
02-24 15:54:08.465 D/NetworkManagement(  821): Uid 10132 restricted because of app standby mode
02-24 15:54:08.465 D/NetworkManagement(  821): Uid 10131 restricted because of app standby mode
02-24 15:54:08.480 I/BufferQueue(  482): [com.tblenovo.launcher/com.android.searchlauncher.SearchLauncher#0](this:0x76ce6bd000,id:334,api:1,p:-1,c:-1) ~BufferQueueCore
02-24 15:54:08.481 I/BufferQueue(  482): [(1-1)-Window{5fba3c3 alpha=1.0 fl=}#0](this:0x76ce68a000,id:333,api:1,p:-1,c:-1) ~BufferQueueCore
02-24 15:54:08.597 I/BufferQueue(  482): [Splash Screen com.example.SnapSAAMP#0](this:0x76da008800,id:336,api:2,p:-1,c:-1) ~BufferQueueCore
02-24 15:54:08.688 E/WifiVendorHal(  821): getWifiLinkLayerStats_1_3_Internal(l.927) failed {.code = ERROR_NOT_SUPPORTED, .description = }
02-24 15:54:08.834 I/FontLog (27859): (REDACTED) Received query %s, URI %s
02-24 15:54:08.834 I/FontLog (27859): (REDACTED) Query [%s] resolved to %s
02-24 15:54:08.836 I/FontLog (27859): (REDACTED) Fetch %s end status %s
02-24 15:54:08.841 I/FontLog (27859): (REDACTED) Pulling font file for id = %d, cache size = %d
02-24 15:54:08.848 I/FontLog (27859): (REDACTED) Pulling font file for id = %d, cache size = %d
02-24 15:54:08.904 I/ExpoModulesCore(28816):  AppContext was initialized
02-24 15:54:08.950 W/unknown:ViewManagerPropertyUpdater(28816): Could not find generated setter for class com.facebook.react.views.drawer.ReactDrawerLayoutManager
02-24 15:54:08.959 W/unknown:ViewManagerPropertyUpdater(28816): Could not find generated setter for class com.facebook.react.uimanager.LayoutShadowNode
02-24 15:54:08.964 W/unknown:ViewManagerPropertyUpdater(28816): Could not find generated setter for class com.facebook.react.views.scroll.ReactHorizontalScrollViewManager
02-24 15:54:08.970 W/unknown:ViewManagerPropertyUpdater(28816): Could not find generated setter for class com.facebook.react.views.scroll.ReactHorizontalScrollContainerViewManager
02-24 15:54:08.974 W/unknown:ViewManagerPropertyUpdater(28816): Could not find generated setter for class com.facebook.react.views.progressbar.ReactProgressBarViewManager
02-24 15:54:08.976 W/unknown:ViewManagerPropertyUpdater(28816): Could not find generated setter for class com.facebook.react.views.progressbar.ProgressBarShadowNode
02-24 15:54:08.978 W/unknown:ViewManagerPropertyUpdater(28816): Could not find generated setter for class com.facebook.react.views.scroll.ReactScrollViewManager
02-24 15:54:08.983 W/unknown:ViewManagerPropertyUpdater(28816): Could not find generated setter for class com.facebook.react.views.switchview.ReactSwitchManager
02-24 15:54:08.986 W/unknown:ViewManagerPropertyUpdater(28816): Could not find generated setter for class com.facebook.react.views.switchview.ReactSwitchManager$ReactSwitchShadowNode
02-24 15:54:08.987 W/unknown:ViewManagerPropertyUpdater(28816): Could not find generated setter for class com.facebook.react.views.safeareaview.ReactSafeAreaViewManager
02-24 15:54:08.989 W/unknown:ViewManagerPropertyUpdater(28816): Could not find generated setter for class com.facebook.react.views.safeareaview.ReactSafeAreaViewShadowNode
02-24 15:54:08.990 W/unknown:ViewManagerPropertyUpdater(28816): Could not find generated setter for class com.facebook.react.views.swiperefresh.SwipeRefreshLayoutManager
02-24 15:54:08.994 W/unknown:ViewManagerPropertyUpdater(28816): Could not find generated setter for class com.facebook.react.views.text.frescosupport.FrescoBasedReactTextInlineImageViewManager
02-24 15:54:08.995 W/unknown:ViewManagerPropertyUpdater(28816): Could not find generated setter for class com.facebook.react.views.text.frescosupport.FrescoBasedReactTextInlineImageShadowNode
02-24 15:54:08.998 W/unknown:ViewManagerPropertyUpdater(28816): Could not find generated setter for class com.facebook.react.views.image.ReactImageManager
02-24 15:54:09.002 W/unknown:ViewManagerPropertyUpdater(28816): Could not find generated setter for class com.facebook.react.views.modal.ReactModalHostManager
02-24 15:54:09.005 W/unknown:ViewManagerPropertyUpdater(28816): Could not find generated setter for class com.facebook.react.views.text.ReactRawTextManager
02-24 15:54:09.008 W/unknown:ViewManagerPropertyUpdater(28816): Could not find generated setter for class com.facebook.react.views.text.ReactRawTextShadowNode
02-24 15:54:09.010 W/unknown:ViewManagerPropertyUpdater(28816): Could not find generated setter for class com.facebook.react.views.textinput.ReactTextInputManager
02-24 15:54:09.017 W/unknown:ViewManagerPropertyUpdater(28816): Could not find generated setter for class com.facebook.react.views.textinput.ReactTextInputShadowNode
02-24 15:54:09.021 W/unknown:ViewManagerPropertyUpdater(28816): Could not find generated setter for class com.facebook.react.views.text.ReactTextViewManager
02-24 15:54:09.023 W/unknown:ViewManagerPropertyUpdater(28816): Could not find generated setter for class com.facebook.react.views.text.ReactTextShadowNode
02-24 15:54:09.024 W/unknown:ViewManagerPropertyUpdater(28816): Could not find generated setter for class com.facebook.react.views.view.ReactViewManager
02-24 15:54:09.028 W/unknown:ViewManagerPropertyUpdater(28816): Could not find generated setter for class com.facebook.react.views.text.ReactVirtualTextViewManager
02-24 15:54:09.029 W/unknown:ViewManagerPropertyUpdater(28816): Could not find generated setter for class com.facebook.react.views.text.ReactVirtualTextShadowNode
02-24 15:54:09.030 W/unknown:ViewManagerPropertyUpdater(28816): Could not find generated setter for class com.facebook.react.views.unimplementedview.ReactUnimplementedViewManager
02-24 15:54:09.033 W/unknown:ViewManagerPropertyUpdater(28816): Could not find generated setter for class expo.modules.kotlin.views.GroupViewManagerWrapper
02-24 15:54:09.065 I/hwcomposer(  457): [HWCDisplay] [Display_0 (type:1)] fps:37.648331,dur:1115.59,max:434.58,min:13.30  
02-24 15:54:09.068 I/BufferQueueProducer(  482): [NavigationBar0#0](this:0x76da0d4000,id:335,api:1,p:1013,c:482) queueBuffer: fps=3.00 dur=1000.95 max=634.54 min=12.49
02-24 15:54:09.074 D/NetworkSecurityConfig(28816): No Network Security Config specified, using platform default
02-24 15:54:09.153 I/ExpoModulesCore(28816):  JSI interop was installed
02-24 15:54:09.154 W/ExpoModulesCore(28816):  JSI interop was already installed
02-24 15:54:09.157 I/ExpoModulesCore(28816):  Constants were exported
02-24 15:54:09.258 E/ReactNativeJS(28816): Invariant Violation: TurboModuleRegistry.getEnforcing(...): 'RNCWebViewModule' could not be found. Verify that a module by this name is registered in the native binary., js engine: hermes
02-24 15:54:09.261 I/ReactNativeJS(28816): Running "main"
02-24 15:54:09.262 E/ReactNativeJS(28816): Invariant Violation: "main" has not been registered. This can happen if:
02-24 15:54:09.262 E/ReactNativeJS(28816): * Metro (the local dev server) is run from the wrong folder. Check if Metro is running, stop it and restart it in the current project.
02-24 15:54:09.262 E/ReactNativeJS(28816): * A module failed to load due to an error and `AppRegistry.registerComponent` wasn't called., js engine: hermes
02-24 15:54:09.272 E/AndroidRuntime(28816): FATAL EXCEPTION: mqt_native_modules
02-24 15:54:09.272 E/AndroidRuntime(28816): Process: com.example.SnapSAAMP, PID: 28816
02-24 15:54:09.272 E/AndroidRuntime(28816): com.facebook.react.common.JavascriptException: Invariant Violation: TurboModuleRegistry.getEnforcing(...): 'RNCWebViewModule' could not be found. Verify that a module by this name is registered in the native binary., js engine: hermes, stack:
02-24 15:54:09.272 E/AndroidRuntime(28816): invariant@1:102420
02-24 15:54:09.272 E/AndroidRuntime(28816): getEnforcing@1:121234
02-24 15:54:09.272 E/AndroidRuntime(28816): anonymous@1:777057
02-24 15:54:09.272 E/AndroidRuntime(28816): loadModuleImplementation@1:21764
02-24 15:54:09.272 E/AndroidRuntime(28816): guardedLoadModule@1:21288
02-24 15:54:09.272 E/AndroidRuntime(28816): metroRequire@1:20918
02-24 15:54:09.272 E/AndroidRuntime(28816): anonymous@1:772711
02-24 15:54:09.272 E/AndroidRuntime(28816): loadModuleImplementation@1:21764
02-24 15:54:09.272 E/AndroidRuntime(28816): guardedLoadModule@1:21288
02-24 15:54:09.272 E/AndroidRuntime(28816): metroRequire@1:20918
02-24 15:54:09.272 E/AndroidRuntime(28816): anonymous@1:772411
02-24 15:54:09.272 E/AndroidRuntime(28816): loadModuleImplementation@1:21764
02-24 15:54:09.272 E/AndroidRuntime(28816): guardedLoadModule@1:21288
02-24 15:54:09.272 E/AndroidRuntime(28816): metroRequire@1:20918
02-24 15:54:09.272 E/AndroidRuntime(28816): anonymous@1:768927
02-24 15:54:09.272 E/AndroidRuntime(28816): loadModuleImplementation@1:21764
02-24 15:54:09.272 E/AndroidRuntime(28816): guardedLoadModule@1:21288
02-24 15:54:09.272 E/AndroidRuntime(28816): metroRequire@1:20918
02-24 15:54:09.272 E/AndroidRuntime(28816): anonymous@1:722042
02-24 15:54:09.272 E/AndroidRuntime(28816): loadModuleImplementation@1:21764
02-24 15:54:09.272 E/AndroidRuntime(28816): guardedLoadModule@1:21288
02-24 15:54:09.272 E/AndroidRuntime(28816): metroRequire@1:20918
02-24 15:54:09.272 E/AndroidRuntime(28816): anonymous@1:27824
02-24 15:54:09.272 E/AndroidRuntime(28816): loadModuleImplementation@1:21764
02-24 15:54:09.272 E/AndroidRuntime(28816): guardedLoadModule@1:21245
02-24 15:54:09.272 E/AndroidRuntime(28816): metroRequire@1:20918
02-24 15:54:09.272 E/AndroidRuntime(28816): global@1:20446
02-24 15:54:09.272 E/AndroidRuntime(28816): 
02-24 15:54:09.272 E/AndroidRuntime(28816): 	at com.facebook.react.modules.core.ExceptionsManagerModule.reportException(ExceptionsManagerModule.kt:52)
02-24 15:54:09.272 E/AndroidRuntime(28816): 	at java.lang.reflect.Method.invoke(Native Method)
02-24 15:54:09.272 E/AndroidRuntime(28816): 	at com.facebook.react.bridge.JavaMethodWrapper.invoke(JavaMethodWrapper.java:372)
02-24 15:54:09.272 E/AndroidRuntime(28816): 	at com.facebook.react.bridge.JavaModuleWrapper.invoke(JavaModuleWrapper.java:146)
02-24 15:54:09.272 E/AndroidRuntime(28816): 	at com.facebook.jni.NativeRunnable.run(Native Method)
02-24 15:54:09.272 E/AndroidRuntime(28816): 	at android.os.Handler.handleCallback(Handler.java:883)
02-24 15:54:09.272 E/AndroidRuntime(28816): 	at android.os.Handler.dispatchMessage(Handler.java:100)
02-24 15:54:09.272 E/AndroidRuntime(28816): 	at com.facebook.react.bridge.queue.MessageQueueThreadHandler.dispatchMessage(MessageQueueThreadHandler.java:27)
02-24 15:54:09.272 E/AndroidRuntime(28816): 	at android.os.Looper.loop(Looper.java:214)
02-24 15:54:09.272 E/AndroidRuntime(28816): 	at com.facebook.react.bridge.queue.MessageQueueThreadImpl.lambda$startNewBackgroundThread$2(MessageQueueThreadImpl.java:217)
02-24 15:54:09.272 E/AndroidRuntime(28816): 	at com.facebook.react.bridge.queue.MessageQueueThreadImpl$$ExternalSyntheticLambda1.run(D8$$SyntheticClass:0)
02-24 15:54:09.272 E/AndroidRuntime(28816): 	at java.lang.Thread.run(Thread.java:919)
02-24 15:54:09.275 I/DropBoxManagerService(  821): add tag=data_app_crash isTagEnabled=true flags=0x2
02-24 15:54:09.275 W/ActivityTaskManager(  821):   Force finishing activity com.example.SnapSAAMP/.MainActivity
02-24 15:54:09.278 D/PowerHalWrapper(  821): <amsBoostResume> last:com.example.SnapSAAMP, next:com.tblenovo.launcher 
02-24 15:54:09.282 W/AES     (  821): Exception Log handling...
02-24 15:54:09.282 W/AES     (  821): Skipped - do not care third party apk
02-24 15:54:09.282 I/Process (28816): Sending signal. PID: 28816 SIG: 9
02-24 15:54:09.284 W/BroadcastQueue(  821): Background execution not allowed: receiving Intent { act=android.intent.action.DROPBOX_ENTRY_ADDED flg=0x10 (has extras) } to com.google.android.gms/.stats.service.DropBoxEntryAddedReceiver
02-24 15:54:09.286 D/NetworkManagement(  821): Uid 10155 restricted because of app standby mode
02-24 15:54:09.286 D/NetworkManagement(  821): Uid 10140 restricted because of app standby mode
02-24 15:54:09.286 D/NetworkManagement(  821): Uid 10136 restricted because of app standby mode
02-24 15:54:09.286 D/NetworkManagement(  821): Uid 10134 restricted because of app standby mode
02-24 15:54:09.286 D/NetworkManagement(  821): Uid 10132 restricted because of app standby mode
02-24 15:54:09.286 D/NetworkManagement(  821): Uid 10131 restricted because of app standby mode
02-24 15:54:09.290 V/UserExperience( 1910): c.d() [SV] NOSEvent: S381
02-24 15:54:09.298 D/NetworkManagement(  821): Uid 10155 restricted because of app standby mode
02-24 15:54:09.298 D/NetworkManagement(  821): Uid 10140 restricted because of app standby mode
02-24 15:54:09.298 D/NetworkManagement(  821): Uid 10136 restricted because of app standby mode
02-24 15:54:09.298 D/NetworkManagement(  821): Uid 10134 restricted because of app standby mode
02-24 15:54:09.298 D/NetworkManagement(  821): Uid 10132 restricted because of app standby mode
02-24 15:54:09.298 D/NetworkManagement(  821): Uid 10131 restricted because of app standby mode
02-24 15:54:09.304 D/NetworkManagement(  821): Uid 10155 restricted because of app standby mode
02-24 15:54:09.304 D/NetworkManagement(  821): Uid 10140 restricted because of app standby mode
02-24 15:54:09.304 D/NetworkManagement(  821): Uid 10136 restricted because of app standby mode
02-24 15:54:09.304 D/NetworkManagement(  821): Uid 10134 restricted because of app standby mode
02-24 15:54:09.304 D/NetworkManagement(  821): Uid 10132 restricted because of app standby mode
02-24 15:54:09.304 D/NetworkManagement(  821): Uid 10131 restricted because of app standby mode
02-24 15:54:09.314 W/InputDispatcher(  821): channel '44e92c5 com.example.SnapSAAMP/com.example.SnapSAAMP.MainActivity (server)' ~ Consumer closed input channel or an error occurred.  events=0x9
02-24 15:54:09.314 E/InputDispatcher(  821): channel '44e92c5 com.example.SnapSAAMP/com.example.SnapSAAMP.MainActivity (server)' ~ Channel is unrecoverably broken and will be disposed!
02-24 15:54:09.315 V/ActivityManager(  821): Death received in com.android.server.am.ActivityManagerService$AppDeathRecipient@4a7c1f8 for thread android.os.BinderProxy@65756d1, mPid:28816,mApp:ProcessRecord{9a5ef07 28816:com.example.SnapSAAMP/u0a199}
02-24 15:54:09.315 I/BufferQueueProducer(  482): [com.example.SnapSAAMP/com.example.SnapSAAMP.MainActivity#0](this:0x76ce6be800,id:337,api:1,p:28816,c:482) disconnect(P): api 1
02-24 15:54:09.315 I/ActivityManager(  821): Process com.example.SnapSAAMP (pid 28816) has died: vis+99 TOP 
02-24 15:54:09.316 I/Zygote  (  621): Process 28816 exited due to signal 9 (Killed)
02-24 15:54:09.316 I/libprocessgroup(  821): Successfully killed process cgroup uid 10199 pid 28816 in 0ms
02-24 15:54:09.316 I/WindowManager(  821): WIN DEATH: Window{44e92c5 u0 com.example.SnapSAAMP/com.example.SnapSAAMP.MainActivity}
02-24 15:54:09.316 W/InputDispatcher(  821): Attempted to unregister already unregistered input channel '44e92c5 com.example.SnapSAAMP/com.example.SnapSAAMP.MainActivity (server)'
02-24 15:54:09.325 D/ApplicationPackageManager(  821): hasSystemFeature android.hardware.type.automotive android.uid.system:1000
02-24 15:54:09.326 D/ApplicationPackageManager(  821): hasSystemFeature android.software.picture_in_picture android.uid.system:1000
02-24 15:54:09.326 D/PowerHalWrapper(  821): amsBoostNotify pid:1346,activity:com.android.searchlauncher.SearchLauncher, package:com.tblenovo.launcher, mProcessCreatePackcom.example.SnapSAAMP 
02-24 15:54:09.326 D/PowerHalWrapper(  821): amsBoostNotify AMS_BOOST_PROCESS_CREATE_BOOST:true 
02-24 15:54:09.327 I/libPowerHal(  471): [perfNotifyAppState] foreground:com.tblenovo.launcher, pid:1346, uid:10054
02-24 15:54:09.327 D/ApplicationPackageManager(  821): hasSystemFeature android.hardware.type.automotive android.uid.system:1000
02-24 15:54:09.327 E/UxUtility(  471): notifyAppState error = NULL
02-24 15:54:09.327 D/ApplicationPackageManager(  821): hasSystemFeature android.software.picture_in_picture android.uid.system:1000
02-24 15:54:09.327 I/powerd  (  471): [powerd_req] POWER_MSG_NOTIFY_STATE, pc:0, com.example.SnapSAAMP => com.tblenovo.launcher
02-24 15:54:09.328 D/ApplicationPackageManager(  821): hasSystemFeature android.hardware.type.automotive android.uid.system:1000
02-24 15:54:09.328 D/ApplicationPackageManager(  821): hasSystemFeature android.software.picture_in_picture android.uid.system:1000
02-24 15:54:09.331 I/BufferQueue(  482): [com.example.SnapSAAMP/com.example.SnapSAAMP.MainActivity#0](this:0x76ce6be800,id:337,api:1,p:-1,c:-1) ~BufferQueueCore
02-24 15:54:09.334 D/ApplicationPackageManager(  821): hasSystemFeature android.hardware.type.automotive android.uid.system:1000
02-24 15:54:09.335 I/WindowManager(  821): Relayout Window{5d7d246 u0 (1-1)-Window{5fba3c3 alpha=1.0 fl=}}: oldVis=8 newVis=0 focusMayChange = true
02-24 15:54:09.338 I/BufferQueue(  482): [unnamed-482-338](this:0x76da0d5800,id:338,api:0,p:-1,c:-1) BufferQueue core=(482:/system/bin/surfaceflinger)
02-24 15:54:09.338 I/BufferQueueConsumer(  482): [unnamed-482-338](this:0x76da0d5800,id:338,api:0,p:-1,c:482) connect(C): consumer=(482:/system/bin/surfaceflinger) controlledByApp=false
02-24 15:54:09.338 I/BufferQueueConsumer(  482): [unnamed-482-338](this:0x76da0d5800,id:338,api:0,p:-1,c:482) setConsumerName: unnamed-482-338
02-24 15:54:09.338 I/BufferQueueConsumer(  482): [(1-1)-Window{5fba3c3 alpha=1.0 fl=}#0](this:0x76da0d5800,id:338,api:0,p:-1,c:482) setConsumerName: (1-1)-Window{5fba3c3 alpha=1.0 fl=}#0
02-24 15:54:09.338 I/BufferQueueConsumer(  482): [(1-1)-Window{5fba3c3 alpha=1.0 fl=}#0](this:0x76da0d5800,id:338,api:0,p:-1,c:482) setDefaultBufferSize: width=1200 height=1920
02-24 15:54:09.339 D/ApplicationPackageManager(  821): hasSystemFeature android.hardware.type.automotive android.uid.system:1000
02-24 15:54:09.341 D/NetworkManagement(  821): Uid 10155 restricted because of app standby mode
02-24 15:54:09.341 D/NetworkManagement(  821): Uid 10140 restricted because of app standby mode
02-24 15:54:09.341 D/NetworkManagement(  821): Uid 10136 restricted because of app standby mode
02-24 15:54:09.341 D/NetworkManagement(  821): Uid 10134 restricted because of app standby mode
02-24 15:54:09.341 D/NetworkManagement(  821): Uid 10132 restricted because of app standby mode
02-24 15:54:09.341 D/NetworkManagement(  821): Uid 10131 restricted because of app standby mode
02-24 15:54:09.341 E/GraphicExt(31532): GraphicExtModuleLoader::CreateGraphicExtInstance false
02-24 15:54:09.341 D/Surface (31532): Surface::connect(this=0x798e580000,api=1)
02-24 15:54:09.342 W/ActivityManager(  821): setHasOverlayUi called on unknown pid: 28816
02-24 15:54:09.342 I/BufferQueueProducer(  482): [(1-1)-Window{5fba3c3 alpha=1.0 fl=}#0](this:0x76da0d5800,id:338,api:1,p:31532,c:482) connect(P): api=1 producer=(31532:com.google.android.googlequicksearchbox:search) producerControlledByApp=false
02-24 15:54:09.342 V/NetworkPolicy(  821): updateRuleForRestrictBackgroundUL(10199): isForeground=false, isBlacklisted=false, isWhitelisted=false, isRestrictedByAdmin=false, oldRule=0 (NONE), newRule=0 (NONE), newUidRules=0 (NONE), oldUidRules=0 (NONE)
02-24 15:54:09.343 V/NetworkPolicy(  821): updateRulesForPowerRestrictionsUL(10199), isIdle: false, mRestrictPower: false, mDeviceIdleMode: false, isForeground=false, isWhitelisted=false, oldRule=0 (NONE), newRule=0 (NONE), newUidRules=0 (NONE), oldUidRules=0 (NONE)
02-24 15:54:09.343 D/NavigationBar( 1013): sjj ---- onTaskRemoved
02-24 15:54:09.343 D/TaskBarFrame_sjj( 1013): View remove task : 155
02-24 15:54:09.343 D/TaskBarFrame_sjj( 1013): clear current cursor 
02-24 15:54:09.344 D/NetworkManagement(  821): Uid 10155 restricted because of app standby mode
02-24 15:54:09.344 D/NetworkManagement(  821): Uid 10140 restricted because of app standby mode
02-24 15:54:09.344 D/NetworkManagement(  821): Uid 10136 restricted because of app standby mode
02-24 15:54:09.344 D/NetworkManagement(  821): Uid 10134 restricted because of app standby mode
02-24 15:54:09.344 D/NetworkManagement(  821): Uid 10132 restricted because of app standby mode
02-24 15:54:09.344 D/NetworkManagement(  821): Uid 10131 restricted because of app standby mode
02-24 15:54:09.344 D/Surface (31532): Surface::setBufferCount(this=0x798e580000,bufferCount=3)
02-24 15:54:09.346 D/TaskBarFrame_sjj( 1013): View remove task : 155
02-24 15:54:09.346 D/Surface (31532): Surface::allocateBuffers(this=0x798e580000)
02-24 15:54:09.346 D/TaskBarFrame_sjj( 1013): clear current cursor 
02-24 15:54:09.348 D/NetworkManagement(  821): Uid 10155 restricted because of app standby mode
02-24 15:54:09.348 D/NetworkManagement(  821): Uid 10140 restricted because of app standby mode
02-24 15:54:09.348 D/NetworkManagement(  821): Uid 10136 restricted because of app standby mode
02-24 15:54:09.348 D/NetworkManagement(  821): Uid 10134 restricted because of app standby mode
02-24 15:54:09.348 D/NetworkManagement(  821): Uid 10132 restricted because of app standby mode
02-24 15:54:09.348 D/NetworkManagement(  821): Uid 10131 restricted because of app standby mode
02-24 15:54:09.351 V/PhoneWindow( 1346): DecorView setVisiblity: visibility = 0, Parent = android.view.ViewRootImpl@97faec2, this = DecorView@ea8b4d3[SearchLauncher]
02-24 15:54:09.354 D/EventBus( 1013): [1013, u0] send(SetWaitingForTransitionStartEvent)
02-24 15:54:09.355 I/WindowManager(  821): Relayout Window{a9646cf u0 com.tblenovo.launcher/com.android.searchlauncher.SearchLauncher}: oldVis=4 newVis=0 focusMayChange = true
02-24 15:54:09.358 I/BufferQueue(  482): [unnamed-482-339](this:0x76ce68a000,id:339,api:0,p:-1,c:-1) BufferQueue core=(482:/system/bin/surfaceflinger)
02-24 15:54:09.358 I/BufferQueueConsumer(  482): [unnamed-482-339](this:0x76ce68a000,id:339,api:0,p:-1,c:482) connect(C): consumer=(482:/system/bin/surfaceflinger) controlledByApp=false
02-24 15:54:09.358 I/BufferQueueConsumer(  482): [unnamed-482-339](this:0x76ce68a000,id:339,api:0,p:-1,c:482) setConsumerName: unnamed-482-339
